Archive member included to satisfy reference by file (symbol)

C:/devkitPro/libnds/lib\libmm9.a(mm_comms.o)
                              audiostreamig.o (mmStart)
C:/devkitPro/libnds/lib\libmm9.a(mm_memory.o)
                              audiostreamig.o (mmLoad)
C:/devkitPro/libnds/lib\libmm9.a(mm_main9.o)
                              C:/devkitPro/libnds/lib\libmm9.a(mm_memory.o) (mmcbMemory)
C:/devkitPro/libnds/lib\libmm9.a(mm_soundbank.o)
                              C:/devkitPro/libnds/lib\libmm9.a(mm_main9.o) (mmSoundBankInMemory)
C:/devkitPro/libnds/lib\libmm9.a(mm_flusher.o)
                              C:/devkitPro/libnds/lib\libmm9.a(mm_memory.o) (mmFlushBank)
C:/devkitPro/libnds/lib\libnds9.a(touch.o)
                              inputmanager.o (touchRead)
C:/devkitPro/libnds/lib\libnds9.a(sprite_alloc.o)
                              gameclass.o (oamAllocateGfx)
C:/devkitPro/libnds/lib\libnds9.a(trig.o)
                              gameclass.o (sinLerp)
C:/devkitPro/libnds/lib\libnds9.a(sprite.o)
                              gameclass.o (oamInit)
C:/devkitPro/libnds/lib\libnds9.a(keys.o)
                              inputmanager.o (scanKeys)
C:/devkitPro/libnds/lib\libnds9.a(initSystem.o)
                              c:/devkitpro/devkitarm/bin/../lib/gcc/arm-none-eabi/10.2.0/../../../../arm-none-eabi/lib/ds_arm9_crt0.o (initSystem)
C:/devkitPro/libnds/lib\libnds9.a(timeSupport.o)
                              C:/devkitPro/libnds/lib\libnds9.a(initSystem.o) (__libnds_gtod)
C:/devkitPro/libnds/lib\libnds9.a(securearea.o)
                              c:/devkitpro/devkitarm/bin/../lib/gcc/arm-none-eabi/10.2.0/../../../../arm-none-eabi/lib/ds_arm9_crt0.o (__secure_area__)
C:/devkitPro/libnds/lib\libnds9.a(timers.o)
                              gameclass_time.o (timerStart)
C:/devkitPro/libnds/lib\libnds9.a(interrupts.o)
                              textoverlay.o (irqSet)
C:/devkitPro/libnds/lib\libnds9.a(libnds_exit.arm.o)
                              c:/devkitpro/devkitarm/bin/../lib/gcc/arm-none-eabi/10.2.0/../../../../arm-none-eabi/lib/ds_arm9_crt0.o (__libnds_exit)
C:/devkitPro/libnds/lib\libnds9.a(fifosystem.o)
                              C:/devkitPro/libnds/lib\libmm9.a(mm_comms.o) (fifoSetValue32Handler)
C:/devkitPro/libnds/lib\libnds9.a(dcache.o)
                              C:/devkitPro/libnds/lib\libnds9.a(sprite.o) (DC_FlushRange)
C:/devkitPro/libnds/lib\libnds9.a(mpu_setup.o)
                              c:/devkitpro/devkitarm/bin/../lib/gcc/arm-none-eabi/10.2.0/../../../../arm-none-eabi/lib/ds_arm9_crt0.o (__libnds_mpu_setup)
C:/devkitPro/libnds/lib\libnds9.a(IntrWait.o)
                              gameclass_state_management.o (swiWaitForVBlank)
C:/devkitPro/libnds/lib\libnds9.a(cpu_clock.o)
                              C:/devkitPro/libnds/lib\libnds9.a(initSystem.o) (setCpuClock)
C:/devkitPro/libnds/lib\libnds9.a(interruptDispatcher.o)
                              C:/devkitPro/libnds/lib\libnds9.a(interrupts.o) (IntrMain)
C:/devkitPro/libnds/lib\libnds9.a(swiSoftReset.o)
                              C:/devkitPro/libnds/lib\libnds9.a(fifosystem.o) (swiSoftReset)
C:/devkitPro/libnds/lib\libnds9.a(video.o)
                              C:/devkitPro/libnds/lib\libnds9.a(initSystem.o) (vramDefault)
C:/devkitPro/libnds/lib\libnds9.a(system.o)
                              C:/devkitPro/libnds/lib\libnds9.a(initSystem.o) (systemValueHandler)
C:/devkitPro/libnds/lib\libnds9.a(biosCalls.o)
                              C:/devkitPro/libnds/lib\libnds9.a(system.o) (swiDelay)
c:/devkitpro/devkitarm/bin/../lib/gcc/arm-none-eabi/10.2.0/../../../../arm-none-eabi/lib\libstdc++.a(del_ops.o)
                              inputmanager.o (operator delete(void*, unsigned int))
c:/devkitpro/devkitarm/bin/../lib/gcc/arm-none-eabi/10.2.0/../../../../arm-none-eabi/lib\libstdc++.a(new_op.o)
                              audiostreamig.o (operator new(unsigned int))
c:/devkitpro/devkitarm/bin/../lib/gcc/arm-none-eabi/10.2.0/../../../../arm-none-eabi/lib\libstdc++.a(functexcept.o)
                              inputmanager.o (std::__throw_length_error(char const*))
c:/devkitpro/devkitarm/bin/../lib/gcc/arm-none-eabi/10.2.0/../../../../arm-none-eabi/lib\libstdc++.a(snprintf_lite.o)
                              c:/devkitpro/devkitarm/bin/../lib/gcc/arm-none-eabi/10.2.0/../../../../arm-none-eabi/lib\libstdc++.a(functexcept.o) (__gnu_cxx::__snprintf_lite(char*, unsigned int, char const*, std::__va_list))
c:/devkitpro/devkitarm/bin/../lib/gcc/arm-none-eabi/10.2.0/../../../../arm-none-eabi/lib\libstdc++.a(bad_alloc.o)
                              c:/devkitpro/devkitarm/bin/../lib/gcc/arm-none-eabi/10.2.0/../../../../arm-none-eabi/lib\libstdc++.a(new_op.o) (std::bad_alloc::~bad_alloc())
c:/devkitpro/devkitarm/bin/../lib/gcc/arm-none-eabi/10.2.0/../../../../arm-none-eabi/lib\libstdc++.a(bad_cast.o)
[...]
Memory Configuration

Name             Origin             Length             Attributes
ewram            0x0000000002000000 0x0000000000380000
dtcm             0x0000000002ff0000 0x0000000000004000
vectors          0x0000000001000000 0x0000000000000100
itcm             0x0000000001000100 0x0000000000007f00
*default*        0x0000000000000000 0xffffffffffffffff

Linker script and memory map

                0x0000000002380000                __ewram_end = (ORIGIN (ewram) + LENGTH (ewram))
                0x0000000002380000                __eheap_end = (ORIGIN (ewram) + LENGTH (ewram))
                0x0000000002ff4000                __dtcm_top = (ORIGIN (dtcm) + LENGTH (dtcm))
                0x0000000002ff3ff8                __irq_flags = (__dtcm_top - 0x8)
                0x0000000002ff3ffc                __irq_vector = (__dtcm_top - 0x4)
                0x0000000002ff3f00                __sp_svc = (__dtcm_top - 0x100)
                0x0000000002ff3e00                __sp_irq = (__sp_svc - 0x100)
                0x0000000002ff3d00                __sp_usr = (__sp_irq - 0x100)

.secure         0x0000000002000000      0x800
 *(.secure)
 .secure        0x0000000002000000      0x800 C:/devkitPro/libnds/lib\libnds9.a(securearea.o)
                0x0000000002000000                __secure_area__

.crt0           0x0000000002000800      0x300
                0x0000000002000800                __text_start = .
 *(.crt0)
 .crt0          0x0000000002000800      0x300 c:/devkitpro/devkitarm/bin/../lib/gcc/arm-none-eabi/10.2.0/../../../../arm-none-eabi/lib/ds_arm9_crt0.o
                0x0000000002000800                _start
                0x0000000002000b00                . = ALIGN (0x4)

.plt
 *(.plt)

.init           0x0000000002000b00       0x18
 *(SORT_NONE(.init))
 .init          0x0000000002000b00        0xc c:/devkitpro/devkitarm/bin/../lib/gcc/arm-none-eabi/10.2.0/crti.o
                0x0000000002000b00                _init
 .init          0x0000000002000b0c        0xc c:/devkitpro/devkitarm/bin/../lib/gcc/arm-none-eabi/10.2.0/crtn.o

.text           0x0000000002000b18    0x198a8
 *(EXCLUDE_FILE(*.twl* *.vectors* *.itcm*) .text)
 .text          0x0000000002000b18       0x98 audiostreamig.o
                0x0000000002000b18                CAUDIOSTREAMING::GetInstance()
                0x0000000002000b70                CAUDIOSTREAMING::CAUDIOSTREAMING()
                0x0000000002000b70                CAUDIOSTREAMING::CAUDIOSTREAMING()
                0x0000000002000ba0                CAUDIOSTREAMING::SetMusicVolume(unsigned short)
 .text          0x0000000002000bb0      0xbf0 gameclass.o
                0x0000000002000bb0                CGAME::LoadCarSprites()
                0x0000000002001158                CGAME::Run()
                0x0000000002001190                CGAME::Initialize()
                0x00000000020011a8                CGAME::UpdateCarsOnScreen(bool)
                0x00000000020016d4                CGAME::IncreaseDifficulty()
                0x0000000002001724                CGAME::DecreaseDifficulty()
                0x0000000002001774                CGAME::Destruct()
                0x0000000002001778                CGAME::DisableAllSprites()
 .text          0x00000000020017a0      0x2b8 gameclass_effects.o
                0x00000000020017a0                CGAME::StartFade(unsigned char, EFADE, unsigned long)
                0x00000000020017dc                CGAME::GetFadeMode(unsigned char)
                0x00000000020017e8                CGAME::IsFading(unsigned char)
                0x0000000002001824                CGAME::StartRotScale(unsigned char, unsigned long, short, unsigned short, unsigned short)
                0x0000000002001878                CGAME::IsRotScaling(unsigned char)
                0x00000000020018b4                CGAME::UpdateFading(unsigned char)
                0x0000000002001984                CGAME::UpdateRotScale(unsigned char)
 .text          0x0000000002001a58      0x3ac gameclass_levelmanagement.o
                0x0000000002001a58                CGAME::LoadLevel(unsigned short)
                0x0000000002001cb4                CGAME::UnloadLevel()
                0x0000000002001cd8                CGAME::StartLevel()
                0x0000000002001d24                CGAME::GetLevelCountForDifficulty(EDIFFICULTY)
                0x0000000002001d88                CGAME::GetLevel(EDIFFICULTY, unsigned short)
 .text          0x0000000002001e04      0x258 gameclass_state_management.o
                0x0000000002001e04                CGAME::Tick()
                0x0000000002001ed0                CGAME::ChangeState(unsigned char)
                0x0000000002001fd8                CGAME::LeaveState()
 .text          0x000000000200205c       0xc8 gameclass_time.o
                0x000000000200205c                CGAME::TimerTick()
                0x0000000002002074                CGAME::GetTimerTicks()
                0x0000000002002084                CGAME::InitializeTime()
                0x00000000020020b0                CGAME::GetCurrentLevelTime()
                0x00000000020020d0                CGAME::ResetLevelTime()
                0x00000000020020e0                CGAME::PauseLevelTime()
                0x0000000002002110                CGAME::ContinueLevelTime()
 .text          0x0000000002002124      0x820 inputmanager.o
                0x0000000002002124                CINPUTMANAGER::Tick()
                0x000000000200232c                CINPUTMANAGER::AccountDrag()
                0x000000000200233c                CINPUTMANAGER::GetKeysDown()
                0x0000000002002344                CINPUTMANAGER::GetKeysReleased()
                0x000000000200234c                CINPUTMANAGER::GetKeysHeld()
                0x0000000002002354                CINPUTMANAGER::GetLastTouchPosition()
                0x0000000002002370                CINPUTMANAGER::GetLastTouchDownPosition()
                0x000000000200238c                CINPUTMANAGER::OnKeyDown(unsigned short)
                0x000000000200243c                CINPUTMANAGER::OnKeyReleased(unsigned short)
                0x00000000020024f0                CINPUTMANAGER::EnumerateKeysDown(void (*)(unsigned short, void*, unsigned char), void*)
                0x0000000002002540                CINPUTMANAGER::EnumerateKeysRelease(void (*)(unsigned short, void*, unsigned char), void*)
                0x0000000002002590                CINPUTMANAGER::EnumerateKeysHeld(void (*)(unsigned short, void*, unsigned char), void*)
                0x00000000020025e0                CINPUTMANAGER::RemoveHandler(unsigned char, unsigned short, void (*)(unsigned short, void*, unsigned char), void*)
                0x000000000200273c                CINPUTMANAGER::AddHandler(unsigned char, unsigned short, void (*)(unsigned short, void*, unsigned char), void*)
 .text          0x0000000002002944       0xf4 state_level_loading.o
                0x0000000002002944                CGAME::LevelLoading_EnterState()
                0x0000000002002968                CGAME::LevelLoading_LeaveState()
                0x000000000200296c                CGAME::LevelLoading_Tick()
 .text          0x0000000002002a38      0x2f4 state_level_paused.o
                0x0000000002002a38                CGAME::LevelPaused_EnterState()
                0x0000000002002b88                CGAME::LevelPaused_LeaveState()
                0x0000000002002bac                CGAME::LevelPaused_Tick()
 .text          0x0000000002002d2c     0x1104 state_level_running.o
                0x0000000002002d2c                CGAME::LevelRunning_EnterState()
                0x0000000002002d90                CGAME::LevelRunning_LeaveState()
                0x0000000002002d94                CGAME::UpdateLevelStats()
                0x0000000002002e44                CGAME::SelectNextCarLeft()
                0x0000000002002f0c                CGAME::SelectNextCarRight()
                0x0000000002002fd4                CGAME::SelectNextCarUp()
                0x000000000200309c                CGAME::SelectNextCarDown()
                0x0000000002003164                CGAME::GetOccupyingCar(unsigned char, unsigned char)
                0x000000000200320c                CGAME::IsGameWon()
                0x0000000002003234                CGAME::CanMoveLeft()
                0x0000000002003284                CGAME::CanMoveRight()
                0x0000000002003328                CGAME::LevelRunning_Tick()
                0x0000000002003d88                CGAME::CanMoveUp()
                0x0000000002003dd8                CGAME::CanMoveDown()
 .text          0x0000000002003e30      0x63c state_level_select.o
                0x0000000002003e30                CGAME::LevelSelect_EnterState()
                0x0000000002003e64                CGAME::LevelSelect_LeaveState()
                0x0000000002003e80                CGAME::UpdateLevelSelectionInfo()
                0x0000000002003fb4                CGAME::LevelSelect_Tick()
 .text          0x000000000200446c      0x18c state_level_won.o
                0x000000000200446c                CGAME::LevelWon_EnterState()
                0x0000000002004560                CGAME::LevelWon_LeaveState()
                0x0000000002004584                CGAME::LevelWon_Tick()
 .text          0x00000000020045f8       0xd8 state_loading.o
                0x00000000020045f8                CGAME::Loading_EnterState()
                0x0000000002004638                CGAME::Loading_LeaveState()
                0x000000000200463c                CGAME::Loading_Tick()
 .text          0x00000000020046d0      0x798 state_mainmenu.o
                0x00000000020046d0                CGAME::MainMenu_LeaveState()
                0x00000000020046f4                CGAME::ShowMainMenuMusicVolume()
                0x0000000002004778                CGAME::ShowMainMenuDifficulty()
                0x00000000020047ec                CGAME::ShowMainMenuStart()
                0x000000000200483c                CGAME::ShowMainMenuSelector()
                0x000000000200494c                CGAME::MainMenu_EnterState()
                0x0000000002004a94                CGAME::MainMenu_Tick()
 .text          0x0000000002004e68      0x998 textoverlay.o
                0x0000000002004e68                CTEXTOVERLAY::RainbowVSyncHandler()
                0x0000000002004f98                CTEXTOVERLAY::CTEXTOVERLAY(unsigned char)
                0x0000000002004f98                CTEXTOVERLAY::CTEXTOVERLAY(unsigned char)
                0x0000000002005004                CTEXTOVERLAY::Initialize()
                0x0000000002005264                CTEXTOVERLAY::Dispose()
                0x0000000002005268                CTEXTOVERLAY::EnableTextWindow(unsigned char, unsigned char, unsigned char, unsigned char)
                0x00000000020052b8                CTEXTOVERLAY::DisableTextwindow()
                0x00000000020052dc                CTEXTOVERLAY::Clear()
                0x000000000200532c                CTEXTOVERLAY::SetChar(unsigned char, unsigned char, char, unsigned char)
                0x0000000002005378                CTEXTOVERLAY::SetBiColorChar(unsigned char, unsigned char, char, unsigned char, unsigned char)
                0x00000000020053d4                CTEXTOVERLAY::SetText(unsigned char, unsigned char, char*, unsigned char)
                0x00000000020054a8                CTEXTOVERLAY::SetBiColorText(unsigned char, unsigned char, char*, unsigned char, unsigned char)
                0x0000000002005588                CTEXTOVERLAY::SetBorder(unsigned char, unsigned char, unsigned char, unsigned char, unsigned char)
 .text          0x0000000002005800      0x1f0 tilemap.o
                0x0000000002005800                CTILEMAP::CTILEMAP(unsigned char, unsigned short const*, unsigned long, unsigned short const*, unsigned long, unsigned short const*, unsigned long)
                0x0000000002005800                CTILEMAP::CTILEMAP(unsigned char, unsigned short const*, unsigned long, unsigned short const*, unsigned long, unsigned short const*, unsigned long)
                0x0000000002005834                CTILEMAP::Initialize()
                0x00000000020059b0                CTILEMAP::Dispose()
                0x00000000020059b4                CTILEMAP::SetMap(unsigned long, unsigned long, unsigned char)
 .text          0x00000000020059f0      0x24c C:/devkitPro/libnds/lib\libmm9.a(mm_comms.o)
                0x00000000020059f0                mmSetupComms
                0x0000000002005a42                mmSendBank
                0x0000000002005a4c                mmLockChannels
                0x0000000002005a52                mmUnlockChannels
                0x0000000002005a58                mmStart
                0x0000000002005a62                mmPause
                0x0000000002005a66                mmResume
                0x0000000002005a6a                mmStop
                0x0000000002005a6e                mmPosition
                0x0000000002005a72                mmJingle
                0x0000000002005a76                mmSetModuleVolume
                0x0000000002005a7a                mmSetJingleVolume
                0x0000000002005a7e                mmSetModuleTempo
                0x0000000002005a82                mmSetModulePitch
                0x0000000002005a86                mmSetEffectsVolume
                0x0000000002005a8a                mmSelectMode
                0x0000000002005a8e                mmStreamBegin
                0x0000000002005aa2                mmStreamEnd
                0x0000000002005af8                mmEffect
                0x0000000002005b1c                mmEffectVolume
                0x0000000002005b20                mmEffectPanning
                0x0000000002005b24                mmEffectRate
                0x0000000002005b2e                mmEffectScaleRate
                0x0000000002005b38                mmEffectRelease
                0x0000000002005b3e                mmEffectCancel
                0x0000000002005b44                mmEffectEx
                0x0000000002005b82                mmEffectCancelAll
                0x0000000002005b86                mmReverbEnable
                0x0000000002005b8a                mmReverbDisable
                0x0000000002005b8e                mmReverbConfigure
                0x0000000002005bea                mmReverbStart
                0x0000000002005bee                mmReverbStop
 .text          0x0000000002005c3c      0x120 C:/devkitPro/libnds/lib\libmm9.a(mm_memory.o)
                0x0000000002005c3c                mmLoad
                0x0000000002005c8c                mmUnload
                0x0000000002005ce4                mmLoadEffect
                0x0000000002005d1c                mmUnloadEffect
 .text          0x0000000002005d5c      0x108 C:/devkitPro/libnds/lib\libmm9.a(mm_main9.o)
                0x0000000002005d5c                mmActive
                0x0000000002005d62                mmSetEventHandler
                0x0000000002005d68                mmInit
                0x0000000002005d92                mmInitDefault
                0x0000000002005ddc                mmInitDefaultMem
                0x0000000002005dfe                mmSuspendIRQ_t
                0x0000000002005e1c                mmRestoreIRQ_t
 .text          0x0000000002005e64      0x100 C:/devkitPro/libnds/lib\libmm9.a(mm_soundbank.o)
                0x0000000002005e64                mmSoundBankInMemory
                0x0000000002005e6c                mmSoundBankInFiles
                0x0000000002005e7e                mmSetCustomSoundBankHandler
                0x0000000002005eaa                mmsHandleFileOp
 .text          0x0000000002005f64       0x3c C:/devkitPro/libnds/lib\libmm9.a(mm_flusher.o)
                0x0000000002005f64                mmFlushBank
 .text          0x0000000002005fa0      0x114 c:/devkitpro/devkitarm/bin/../lib/gcc/arm-none-eabi/10.2.0\libgcc.a(_udivsi3.o)
                0x0000000002005fa0                __aeabi_uidiv
                0x0000000002005fa0                __udivsi3
                0x0000000002006094                __aeabi_uidivmod
 .text          0x00000000020060b4      0x148 c:/devkitpro/devkitarm/bin/../lib/gcc/arm-none-eabi/10.2.0\libgcc.a(_divsi3.o)
                0x00000000020060b4                __divsi3
                0x00000000020060b4                __aeabi_idiv
                0x00000000020061dc                __aeabi_idivmod
 .text          0x00000000020061fc        0x4 c:/devkitpro/devkitarm/bin/../lib/gcc/arm-none-eabi/10.2.0\libgcc.a(_dvmd_tls.o)
                0x00000000020061fc                __aeabi_idiv0
                0x00000000020061fc                __aeabi_ldiv0
 .text          0x0000000002006200      0x1b0 c:/devkitpro/devkitarm/bin/../lib/gcc/arm-none-eabi/10.2.0\libgcc.a(libunwind.o)
                0x0000000002006200                __restore_core_regs
                0x0000000002006200                restore_core_regs
                0x000000000200621c                __gnu_Unwind_Restore_VFP
                0x0000000002006224                __gnu_Unwind_Save_VFP
                0x000000000200622c                __gnu_Unwind_Restore_VFP_D
                0x0000000002006234                __gnu_Unwind_Save_VFP_D
                0x000000000200623c                __gnu_Unwind_Restore_VFP_D_16_to_31
                0x0000000002006244                __gnu_Unwind_Save_VFP_D_16_to_31
                0x000000000200624c                __gnu_Unwind_Restore_WMMXD
                0x0000000002006290                __gnu_Unwind_Save_WMMXD
                0x00000000020062d4                __gnu_Unwind_Restore_WMMXC
                0x00000000020062e8                __gnu_Unwind_Save_WMMXC
                0x00000000020062fc                ___Unwind_RaiseException
                0x00000000020062fc                _Unwind_RaiseException
                0x0000000002006320                _Unwind_Resume
                0x0000000002006320                ___Unwind_Resume
                0x0000000002006344                _Unwind_Resume_or_Rethrow
                0x0000000002006344                ___Unwind_Resume_or_Rethrow
                0x0000000002006368                _Unwind_ForcedUnwind
                0x0000000002006368                ___Unwind_ForcedUnwind
                0x000000000200638c                ___Unwind_Backtrace
                0x000000000200638c                _Unwind_Backtrace
 .text          0x00000000020063b0      0x224 c:/devkitpro/devkitarm/bin/../lib/gcc/arm-none-eabi/10.2.0/../../../../arm-none-eabi/lib\libg.a(lib_a-strcmp.o)
                0x00000000020063b0                strcmp
 .text          0x00000000020065d4      0x424 c:/devkitpro/devkitarm/bin/../lib/gcc/arm-none-eabi/10.2.0\libgcc.a(_arm_addsubdf3.o)
                0x00000000020065d4                __aeabi_drsub
                0x00000000020065dc                __aeabi_dsub
                0x00000000020065dc                __subdf3
                0x00000000020065e0                __aeabi_dadd
                0x00000000020065e0                __adddf3
                0x00000000020068f0                __floatunsidf
                0x00000000020068f0                __aeabi_ui2d
                0x0000000002006914                __floatsidf
                0x0000000002006914                __aeabi_i2d
                0x000000000200693c                __aeabi_f2d
                0x000000000200693c                __extendsfdf2
                0x0000000002006984                __floatundidf
                0x0000000002006984                __aeabi_ul2d
                0x0000000002006998                __floatdidf
                0x0000000002006998                __aeabi_l2d
 .text          0x00000000020069f8      0x49c c:/devkitpro/devkitarm/bin/../lib/gcc/arm-none-eabi/10.2.0\libgcc.a(_arm_muldivdf3.o)
                0x00000000020069f8                __aeabi_dmul
                0x00000000020069f8                __muldf3
                0x0000000002006c88                __divdf3
                0x0000000002006c88                __aeabi_ddiv
 .text          0x0000000002006e94      0x144 c:/devkitpro/devkitarm/bin/../lib/gcc/arm-none-eabi/10.2.0\libgcc.a(_arm_cmpdf2.o)
                0x0000000002006e94                __gtdf2
                0x0000000002006e94                __gedf2
                0x0000000002006e9c                __ltdf2
                0x0000000002006e9c                __ledf2
                0x0000000002006ea4                __nedf2
                0x0000000002006ea4                __eqdf2
                0x0000000002006ea4                __cmpdf2
                0x0000000002006f2c                __aeabi_cdrcmple
                0x0000000002006f48                __aeabi_cdcmpeq
                0x0000000002006f48                __aeabi_cdcmple
                0x0000000002006f60                __aeabi_dcmpeq
                0x0000000002006f78                __aeabi_dcmplt
                0x0000000002006f90                __aeabi_dcmple
                0x0000000002006fa8                __aeabi_dcmpge
                0x0000000002006fc0                __aeabi_dcmpgt
 .text          0x0000000002006fd8       0x38 c:/devkitpro/devkitarm/bin/../lib/gcc/arm-none-eabi/10.2.0\libgcc.a(_arm_unorddf2.o)
                0x0000000002006fd8                __unorddf2
                0x0000000002006fd8                __aeabi_dcmpun
 .text          0x0000000002007010       0x5c c:/devkitpro/devkitarm/bin/../lib/gcc/arm-none-eabi/10.2.0\libgcc.a(_arm_fixdfsi.o)
                0x0000000002007010                __aeabi_d2iz
                0x0000000002007010                __fixdfsi
 .text          0x000000000200706c       0x3c c:/devkitpro/devkitarm/bin/../lib/gcc/arm-none-eabi/10.2.0\libgcc.a(_aeabi_uldivmod.o)
                0x000000000200706c                __aeabi_uldivmod
 .text          0x00000000020070a8       0x28 c:/devkitpro/devkitarm/bin/../lib/gcc/arm-none-eabi/10.2.0\libgcc.a(_clzdi2.o)
                0x00000000020070a8                __clzdi2
 .text          0x00000000020070d0       0x48 c:/devkitpro/devkitarm/bin/../lib/gcc/arm-none-eabi/10.2.0\libgcc.a(_clzsi2.o)
                0x00000000020070d0                __clzsi2
 *(EXCLUDE_FILE(*.twl* *.vectors* *.itcm*) .stub)
 *(EXCLUDE_FILE(*.twl* *.vectors* *.itcm*) .text.*)
 .text.__do_global_dtors_aux
                0x0000000002007118       0x40 c:/devkitpro/devkitarm/bin/../lib/gcc/arm-none-eabi/10.2.0/crtbegin.o
 .text.frame_dummy
                0x0000000002007158       0x30 c:/devkitpro/devkitarm/bin/../lib/gcc/arm-none-eabi/10.2.0/crtbegin.o
 .text._ZNSt6vectorI13SINPUTHANDLERSaIS0_EE17_M_realloc_insertIJRKS0_EEEvN9__gnu_cxx17__normal_iteratorIPS0_S2_EEDpOT_
                0x0000000002007188      0x14c inputmanager.o
                0x0000000002007188                void std::vector<SINPUTHANDLER, std::allocator<SINPUTHANDLER> >::_M_realloc_insert<SINPUTHANDLER const&>(__gnu_cxx::__normal_iterator<SINPUTHANDLER*, std::vector<SINPUTHANDLER, std::allocator<SINPUTHANDLER> > >, SINPUTHANDLER const&)
 .text.startup  0x00000000020072d4       0x90 main.o
                0x00000000020072d4                main
 .text.touchRead
                0x0000000002007364       0x24 C:/devkitPro/libnds/lib\libnds9.a(touch.o)
                0x0000000002007364                touchRead
 .text.oamAllocReset
                0x0000000002007388       0x1c C:/devkitPro/libnds/lib\libnds9.a(sprite_alloc.o)
                0x0000000002007388                oamAllocReset
 .text.oamAllocateGfx
                0x00000000020073a4      0x510 C:/devkitPro/libnds/lib\libnds9.a(sprite_alloc.o)
                0x00000000020073a4                oamAllocateGfx
 .text.sinLutLookup
                0x00000000020078b4       0x38 C:/devkitPro/libnds/lib\libnds9.a(trig.o)
                0x00000000020078b4                sinLutLookup
 .text.sinLerp  0x00000000020078ec       0x40 C:/devkitPro/libnds/lib\libnds9.a(trig.o)
                0x00000000020078ec                sinLerp
 .text.cosLerp  0x000000000200792c       0x4c C:/devkitPro/libnds/lib\libnds9.a(trig.o)
                0x000000000200792c                cosLerp
 .text.oamInit  0x0000000002007978      0x118 C:/devkitPro/libnds/lib\libnds9.a(sprite.o)
                0x0000000002007978                oamInit
 .text.oamGetGfxPtr
                0x0000000002007a90       0x38 C:/devkitPro/libnds/lib\libnds9.a(sprite.o)
                0x0000000002007a90                oamGetGfxPtr
 .text.oamGfxPtrToOffset
                0x0000000002007ac8       0x34 C:/devkitPro/libnds/lib\libnds9.a(sprite.o)
                0x0000000002007ac8                oamGfxPtrToOffset
 .text.oamSet   0x0000000002007afc      0x11c C:/devkitPro/libnds/lib\libnds9.a(sprite.o)
                0x0000000002007afc                oamSet
 .text.oamUpdate
                0x0000000002007c18       0x60 C:/devkitPro/libnds/lib\libnds9.a(sprite.o)
                0x0000000002007c18                oamUpdate
 .text.oamRotateScale
                0x0000000002007c78       0x4c C:/devkitPro/libnds/lib\libnds9.a(sprite.o)
                0x0000000002007c78                oamRotateScale
 .text.scanKeys
                0x0000000002007cc4       0x8c C:/devkitPro/libnds/lib\libnds9.a(keys.o)
                0x0000000002007cc4                scanKeys
 .text.keysHeld
                0x0000000002007d50        0xc C:/devkitPro/libnds/lib\libnds9.a(keys.o)
                0x0000000002007d50                keysHeld
 .text.keysDown
                0x0000000002007d5c       0x14 C:/devkitPro/libnds/lib\libnds9.a(keys.o)
                0x0000000002007d5c                keysDown
 .text.keysUp   0x0000000002007d70       0x18 C:/devkitPro/libnds/lib\libnds9.a(keys.o)
                0x0000000002007d70                keysUp
 .text.initSystem
                0x0000000002007d88      0x198 C:/devkitPro/libnds/lib\libnds9.a(initSystem.o)
                0x0000000002007d88                initSystem
 .text.__libnds_gtod
                0x0000000002007f20       0x28 C:/devkitPro/libnds/lib\libnds9.a(timeSupport.o)
                0x0000000002007f20                __libnds_gtod
 .text.timerStart
                0x0000000002007f48       0x40 C:/devkitPro/libnds/lib\libnds9.a(timers.o)
                0x0000000002007f48                timerStart
 .text.irqDummy
                0x0000000002007f88        0x4 C:/devkitPro/libnds/lib\libnds9.a(interrupts.o)
                0x0000000002007f88                irqDummy
 .text.irqSet   0x0000000002007f8c       0x6c C:/devkitPro/libnds/lib\libnds9.a(interrupts.o)
                0x0000000002007f8c                irqSet
 .text.irqInit  0x0000000002007ff8       0x50 C:/devkitPro/libnds/lib\libnds9.a(interrupts.o)
                0x0000000002007ff8                irqInit
 .text.irqEnable
                0x0000000002008048       0x64 C:/devkitPro/libnds/lib\libnds9.a(interrupts.o)
                0x0000000002008048                irqEnable
 .text.systemErrorExit
                0x00000000020080ac        0x4 C:/devkitPro/libnds/lib\libnds9.a(libnds_exit.arm.o)
                0x00000000020080ac                systemErrorExit
 .text.__libnds_exit
                0x00000000020080b0       0x5c C:/devkitPro/libnds/lib\libnds9.a(libnds_exit.arm.o)
                0x00000000020080b0                __libnds_exit
 .text.fifo_queueBlock
                0x000000000200810c       0x44 C:/devkitPro/libnds/lib\libnds9.a(fifosystem.o)
 .text.fifo_waitBlock
                0x0000000002008150       0x80 C:/devkitPro/libnds/lib\libnds9.a(fifosystem.o)
 .text.fifoInternalSend.part.0
                0x00000000020081d0       0xd4 C:/devkitPro/libnds/lib\libnds9.a(fifosystem.o)
 .text.fifoInternalSendInterrupt
                0x00000000020082a4       0xa8 C:/devkitPro/libnds/lib\libnds9.a(fifosystem.o)
 .text.fifoSetValue32Handler
                0x000000000200834c       0xd8 C:/devkitPro/libnds/lib\libnds9.a(fifosystem.o)
                0x000000000200834c                fifoSetValue32Handler
 .text.fifoSendValue32
                0x0000000002008424       0x4c C:/devkitPro/libnds/lib\libnds9.a(fifosystem.o)
                0x0000000002008424                fifoSendValue32
 .text.fifoSendDatamsg
                0x0000000002008470       0x90 C:/devkitPro/libnds/lib\libnds9.a(fifosystem.o)
                0x0000000002008470                fifoSendDatamsg
 .text.fifoGetDatamsg
                0x0000000002008500       0xf4 C:/devkitPro/libnds/lib\libnds9.a(fifosystem.o)
                0x0000000002008500                fifoGetDatamsg
 .text.fifoInternalRecvInterrupt
                0x00000000020085f4      0x380 C:/devkitPro/libnds/lib\libnds9.a(fifosystem.o)
 .text.fifoSetDatamsgHandler
                0x0000000002008974       0x9c C:/devkitPro/libnds/lib\libnds9.a(fifosystem.o)
                0x0000000002008974                fifoSetDatamsgHandler
 .text.fifoInit
                0x0000000002008a10       0xf8 C:/devkitPro/libnds/lib\libnds9.a(fifosystem.o)
                0x0000000002008a10                fifoInit
 .text.DC_FlushRange
                0x0000000002008b08       0x24 C:/devkitPro/libnds/lib\libnds9.a(dcache.o)
                0x0000000002008b08                DC_FlushRange
 .text.__libnds_mpu_setup
                0x0000000002008b2c      0x174 C:/devkitPro/libnds/lib\libnds9.a(mpu_setup.o)
                0x0000000002008b2c                __libnds_mpu_setup
 .text.memUncached
                0x0000000002008ca0       0x20 C:/devkitPro/libnds/lib\libnds9.a(mpu_setup.o)
                0x0000000002008ca0                memUncached
 .text.swiWaitForVBlank
                0x0000000002008cc0        0x8 C:/devkitPro/libnds/lib\libnds9.a(IntrWait.o)
                0x0000000002008cc0                swiWaitForVBlank
 .text.swiIntrWait
                0x0000000002008cc8       0x70 C:/devkitPro/libnds/lib\libnds9.a(IntrWait.o)
                0x0000000002008cc8                swiIntrWait
 .text.setCpuClock
                0x0000000002008d38       0x50 C:/devkitPro/libnds/lib\libnds9.a(cpu_clock.o)
                0x0000000002008d38                setCpuClock
 .text.swiSoftReset
                0x0000000002008d88       0x2c C:/devkitPro/libnds/lib\libnds9.a(swiSoftReset.o)
                0x0000000002008d88                swiSoftReset
 .text.vramDefault
                0x0000000002008db4       0xd0 C:/devkitPro/libnds/lib\libnds9.a(video.o)
                0x0000000002008db4                vramDefault
 .text.systemValueHandler
                0x0000000002008e84       0x48 C:/devkitPro/libnds/lib\libnds9.a(system.o)
                0x0000000002008e84                systemValueHandler
 .text.systemMsgHandler
                0x0000000002008ecc       0x60 C:/devkitPro/libnds/lib\libnds9.a(system.o)
                0x0000000002008ecc                systemMsgHandler
 .text.powerOn  0x0000000002008f2c       0x2c C:/devkitPro/libnds/lib\libnds9.a(system.o)
                0x0000000002008f2c                powerOn
 .text.swiDelay
                0x0000000002008f58        0x4 C:/devkitPro/libnds/lib\libnds9.a(biosCalls.o)
                0x0000000002008f58                swiDelay
 .text._ZdlPvj  0x0000000002008f5c       0x10 c:/devkitpro/devkitarm/bin/../lib/gcc/arm-none-eabi/10.2.0/../../../../arm-none-eabi/lib\libstdc++.a(del_ops.o)
                0x0000000002008f5c                operator delete(void*, unsigned int)
 .text._Znwj    0x0000000002008f6c       0x68 c:/devkitpro/devkitarm/bin/../lib/gcc/arm-none-eabi/10.2.0/../../../../arm-none-eabi/lib\libstdc++.a(new_op.o)
                0x0000000002008f6c                operator new(unsigned int)
 .text.unlikely._ZSt17__throw_bad_allocv
                0x0000000002008fd4       0x2c c:/devkitpro/devkitarm/bin/../lib/gcc/arm-none-eabi/10.2.0/../../../../arm-none-eabi/lib\libstdc++.a(functexcept.o)
                0x0000000002008fd4                std::__throw_bad_alloc()
 .text.unlikely._ZSt19__throw_logic_errorPKc
                0x0000000002009000       0x40 c:/devkitpro/devkitarm/bin/../lib/gcc/arm-none-eabi/10.2.0/../../../../arm-none-eabi/lib\libstdc++.a(functexcept.o)
                0x0000000002009000                std::__throw_logic_error(char const*)
 .text.unlikely._ZSt20__throw_length_errorPKc
                0x0000000002009040       0x40 c:/devkitpro/devkitarm/bin/../lib/gcc/arm-none-eabi/10.2.0/../../../../arm-none-eabi/lib\libstdc++.a(functexcept.o)
                0x0000000002009040                std::__throw_length_error(char const*)
 .text._ZNKSt9bad_alloc4whatEv
                0x0000000002009080        0xc c:/devkitpro/devkitarm/bin/../lib/gcc/arm-none-eabi/10.2.0/../../../../arm-none-eabi/lib\libstdc++.a(bad_alloc.o)
                0x0000000002009080                std::bad_alloc::what() const
 .text._ZNSt9bad_allocD2Ev
                0x000000000200908c       0x24 c:/devkitpro/devkitarm/bin/../lib/gcc/arm-none-eabi/10.2.0/../../../../arm-none-eabi/lib\libstdc++.a(bad_alloc.o)
                0x000000000200908c                std::bad_alloc::~bad_alloc()
                0x000000000200908c                std::bad_alloc::~bad_alloc()
 .text._ZNSt9bad_allocD0Ev
                0x00000000020090b0       0x30 c:/devkitpro/devkitarm/bin/../lib/gcc/arm-none-eabi/10.2.0/../../../../arm-none-eabi/lib\libstdc++.a(bad_alloc.o)
                0x00000000020090b0                std::bad_alloc::~bad_alloc()
 .text._ZdlPv   0x00000000020090e0       0x10 c:/devkitpro/devkitarm/bin/../lib/gcc/arm-none-eabi/10.2.0/../../../../arm-none-eabi/lib\libstdc++.a(del_op.o)
                0x00000000020090e0                operator delete(void*)
 .text._ZN12_GLOBAL__N_14pool4freeEPv.constprop.0
                0x00000000020090f0       0xdc c:/devkitpro/devkitarm/bin/../lib/gcc/arm-none-eabi/10.2.0/../../../../arm-none-eabi/lib\libstdc++.a(eh_alloc.o)
 .text._ZN12_GLOBAL__N_14pool8allocateEj.constprop.0
                0x00000000020091cc       0xac c:/devkitpro/devkitarm/bin/../lib/gcc/arm-none-eabi/10.2.0/../../../../arm-none-eabi/lib\libstdc++.a(eh_alloc.o)
 .text.__cxa_allocate_exception
                0x0000000002009278       0x48 c:/devkitpro/devkitarm/bin/../lib/gcc/arm-none-eabi/10.2.0/../../../../arm-none-eabi/lib\libstdc++.a(eh_alloc.o)
                0x0000000002009278                __cxa_allocate_exception
 .text.__cxa_free_exception
                0x00000000020092c0       0x38 c:/devkitpro/devkitarm/bin/../lib/gcc/arm-none-eabi/10.2.0/../../../../arm-none-eabi/lib\libstdc++.a(eh_alloc.o)
                0x00000000020092c0                __cxa_free_exception
 .text.startup._GLOBAL__sub_I__ZN9__gnu_cxx9__freeresEv
                0x00000000020092f8       0x44 c:/devkitpro/devkitarm/bin/../lib/gcc/arm-none-eabi/10.2.0/../../../../arm-none-eabi/lib\libstdc++.a(eh_alloc.o)
 .text.__cxa_end_cleanup
                0x000000000200933c       0x10 c:/devkitpro/devkitarm/bin/../lib/gcc/arm-none-eabi/10.2.0/../../../../arm-none-eabi/lib\libstdc++.a(eh_arm.o)
                0x000000000200933c                __cxa_end_cleanup
 .text.__cxa_type_match
                0x000000000200934c      0x144 c:/devkitpro/devkitarm/bin/../lib/gcc/arm-none-eabi/10.2.0/../../../../arm-none-eabi/lib\libstdc++.a(eh_arm.o)
                0x000000000200934c                __cxa_type_match
 .text.__cxa_begin_cleanup
                0x0000000002009490       0xbc c:/devkitpro/devkitarm/bin/../lib/gcc/arm-none-eabi/10.2.0/../../../../arm-none-eabi/lib\libstdc++.a(eh_arm.o)
                0x0000000002009490                __cxa_begin_cleanup
 .text.__gnu_end_cleanup
                0x000000000200954c       0xbc c:/devkitpro/devkitarm/bin/../lib/gcc/arm-none-eabi/10.2.0/../../../../arm-none-eabi/lib\libstdc++.a(eh_arm.o)
                0x000000000200954c                __gnu_end_cleanup
 .text._ZNSt9exceptionD2Ev
                0x0000000002009608        0x4 c:/devkitpro/devkitarm/bin/../lib/gcc/arm-none-eabi/10.2.0/../../../../arm-none-eabi/lib\libstdc++.a(eh_exception.o)
                0x0000000002009608                std::exception::~exception()
                0x0000000002009608                std::exception::~exception()
 .text._ZNSt13bad_exceptionD2Ev
                0x000000000200960c        0x4 c:/devkitpro/devkitarm/bin/../lib/gcc/arm-none-eabi/10.2.0/../../../../arm-none-eabi/lib\libstdc++.a(eh_exception.o)
                0x000000000200960c                std::bad_exception::~bad_exception()
                0x000000000200960c                std::bad_exception::~bad_exception()
 .text._ZNKSt13bad_exception4whatEv
                0x0000000002009610        0xc c:/devkitpro/devkitarm/bin/../lib/gcc/arm-none-eabi/10.2.0/../../../../arm-none-eabi/lib\libstdc++.a(eh_exception.o)
                0x0000000002009610                std::bad_exception::what() const
                0x0000000002009610                transaction clone for std::bad_exception::what() const
 .text._ZNSt13bad_exceptionD0Ev
                0x000000000200961c       0x1c c:/devkitpro/devkitarm/bin/../lib/gcc/arm-none-eabi/10.2.0/../../../../arm-none-eabi/lib\libstdc++.a(eh_exception.o)
                0x000000000200961c                std::bad_exception::~bad_exception()
 .text.__cxa_get_globals_fast
                0x0000000002009638        0xc c:/devkitpro/devkitarm/bin/../lib/gcc/arm-none-eabi/10.2.0/../../../../arm-none-eabi/lib\libstdc++.a(eh_globals.o)
                0x0000000002009638                __cxa_get_globals_fast
 .text.__cxa_get_globals
                0x0000000002009644        0xc c:/devkitpro/devkitarm/bin/../lib/gcc/arm-none-eabi/10.2.0/../../../../arm-none-eabi/lib\libstdc++.a(eh_globals.o)
                0x0000000002009644                __cxa_get_globals
 .text._ZL28read_encoded_value_with_basehjPKhPj
                0x0000000002009650      0x174 c:/devkitpro/devkitarm/bin/../lib/gcc/arm-none-eabi/10.2.0/../../../../arm-none-eabi/lib\libstdc++.a(eh_personality.o)
 .text._ZL21base_of_encoded_valuehP15_Unwind_Context
                0x00000000020097c4       0x80 c:/devkitpro/devkitarm/bin/../lib/gcc/arm-none-eabi/10.2.0/../../../../arm-none-eabi/lib\libstdc++.a(eh_personality.o)
 .text._ZL17parse_lsda_headerP15_Unwind_ContextPKhP16lsda_header_info
                0x0000000002009844       0xd8 c:/devkitpro/devkitarm/bin/../lib/gcc/arm-none-eabi/10.2.0/../../../../arm-none-eabi/lib\libstdc++.a(eh_personality.o)
 .text.__gxx_personality_v0
                0x000000000200991c      0x6fc c:/devkitpro/devkitarm/bin/../lib/gcc/arm-none-eabi/10.2.0/../../../../arm-none-eabi/lib\libstdc++.a(eh_personality.o)
                0x000000000200991c                __gxx_personality_v0
 .text._ZN10__cxxabiv111__terminateEPFvvE
                0x000000000200a018       0x34 c:/devkitpro/devkitarm/bin/../lib/gcc/arm-none-eabi/10.2.0/../../../../arm-none-eabi/lib\libstdc++.a(eh_terminate.o)
                0x000000000200a018                __cxxabiv1::__terminate(void (*)())
 .text._ZSt9terminatev
                0x000000000200a04c       0x14 c:/devkitpro/devkitarm/bin/../lib/gcc/arm-none-eabi/10.2.0/../../../../arm-none-eabi/lib\libstdc++.a(eh_terminate.o)
                0x000000000200a04c                std::terminate()
 .text._ZN10__cxxabiv112__unexpectedEPFvvE
                0x000000000200a060       0x10 c:/devkitpro/devkitarm/bin/../lib/gcc/arm-none-eabi/10.2.0/../../../../arm-none-eabi/lib\libstdc++.a(eh_terminate.o)
                0x000000000200a060                __cxxabiv1::__unexpected(void (*)())
 .text._ZSt10unexpectedv
                0x000000000200a070       0x14 c:/devkitpro/devkitarm/bin/../lib/gcc/arm-none-eabi/10.2.0/../../../../arm-none-eabi/lib\libstdc++.a(eh_terminate.o)
                0x000000000200a070                std::unexpected()
 .text._ZSt13get_terminatev
                0x000000000200a084       0x10 c:/devkitpro/devkitarm/bin/../lib/gcc/arm-none-eabi/10.2.0/../../../../arm-none-eabi/lib\libstdc++.a(eh_terminate.o)
                0x000000000200a084                std::get_terminate()
 .text._ZSt14get_unexpectedv
                0x000000000200a094       0x10 c:/devkitpro/devkitarm/bin/../lib/gcc/arm-none-eabi/10.2.0/../../../../arm-none-eabi/lib\libstdc++.a(eh_terminate.o)
                0x000000000200a094                std::get_unexpected()
 .text._ZL23__gxx_exception_cleanup19_Unwind_Reason_CodeP21_Unwind_Control_Block
                0x000000000200a0a4       0x58 c:/devkitpro/devkitarm/bin/../lib/gcc/arm-none-eabi/10.2.0/../../../../arm-none-eabi/lib\libstdc++.a(eh_throw.o)
 .text.__cxa_init_primary_exception
                0x000000000200a0fc       0x74 c:/devkitpro/devkitarm/bin/../lib/gcc/arm-none-eabi/10.2.0/../../../../arm-none-eabi/lib\libstdc++.a(eh_throw.o)
                0x000000000200a0fc                __cxa_init_primary_exception
 .text.__cxa_throw
                0x000000000200a170       0x54 c:/devkitpro/devkitarm/bin/../lib/gcc/arm-none-eabi/10.2.0/../../../../arm-none-eabi/lib\libstdc++.a(eh_throw.o)
                0x000000000200a170                __cxa_throw
 .text.__cxa_rethrow
                0x000000000200a1c4       0xb0 c:/devkitpro/devkitarm/bin/../lib/gcc/arm-none-eabi/10.2.0/../../../../arm-none-eabi/lib\libstdc++.a(eh_throw.o)
                0x000000000200a1c4                __cxa_rethrow
 .text._ZSt15get_new_handlerv
                0x000000000200a274       0x10 c:/devkitpro/devkitarm/bin/../lib/gcc/arm-none-eabi/10.2.0/../../../../arm-none-eabi/lib\libstdc++.a(new_handler.o)
                0x000000000200a274                std::get_new_handler()
 .text._ZN10__cxxabiv120__si_class_type_infoD2Ev
                0x000000000200a284       0x24 c:/devkitpro/devkitarm/bin/../lib/gcc/arm-none-eabi/10.2.0/../../../../arm-none-eabi/lib\libstdc++.a(si_class_type_info.o)
                0x000000000200a284                __cxxabiv1::__si_class_type_info::~__si_class_type_info()
                0x000000000200a284                __cxxabiv1::__si_class_type_info::~__si_class_type_info()
 .text._ZN10__cxxabiv120__si_class_type_infoD0Ev
                0x000000000200a2a8       0x30 c:/devkitpro/devkitarm/bin/../lib/gcc/arm-none-eabi/10.2.0/../../../../arm-none-eabi/lib\libstdc++.a(si_class_type_info.o)
                0x000000000200a2a8                __cxxabiv1::__si_class_type_info::~__si_class_type_info()
 .text._ZNK10__cxxabiv120__si_class_type_info20__do_find_public_srcEiPKvPKNS_17__class_type_infoES2_
                0x000000000200a2d8       0x70 c:/devkitpro/devkitarm/bin/../lib/gcc/arm-none-eabi/10.2.0/../../../../arm-none-eabi/lib\libstdc++.a(si_class_type_info.o)
                0x000000000200a2d8                __cxxabiv1::__si_class_type_info::__do_find_public_src(int, void const*, __cxxabiv1::__class_type_info const*, void const*) const
 .text._ZNK10__cxxabiv120__si_class_type_info12__do_dyncastEiNS_17__class_type_info10__sub_kindEPKS1_PKvS4_S6_RNS1_16__dyncast_resultE
                0x000000000200a348       0xe4 c:/devkitpro/devkitarm/bin/../lib/gcc/arm-none-eabi/10.2.0/../../../../arm-none-eabi/lib\libstdc++.a(si_class_type_info.o)
                0x000000000200a348                __cxxabiv1::__si_class_type_info::__do_dyncast(int, __cxxabiv1::__class_type_info::__sub_kind, __cxxabiv1::__class_type_info const*, void const*, __cxxabiv1::__class_type_info const*, void const*, __cxxabiv1::__class_type_info::__dyncast_result&) const
 .text._ZNK10__cxxabiv120__si_class_type_info11__do_upcastEPKNS_17__class_type_infoEPKvRNS1_15__upcast_resultE
                0x000000000200a42c       0x4c c:/devkitpro/devkitarm/bin/../lib/gcc/arm-none-eabi/10.2.0/../../../../arm-none-eabi/lib\libstdc++.a(si_class_type_info.o)
                0x000000000200a42c                __cxxabiv1::__si_class_type_info::__do_upcast(__cxxabiv1::__class_type_info const*, void const*, __cxxabiv1::__class_type_info::__upcast_result&) const
 .text._ZNSt9type_infoD2Ev
                0x000000000200a478        0x4 c:/devkitpro/devkitarm/bin/../lib/gcc/arm-none-eabi/10.2.0/../../../../arm-none-eabi/lib\libstdc++.a(tinfo.o)
                0x000000000200a478                std::type_info::~type_info()
                0x000000000200a478                std::type_info::~type_info()
 .text._ZNKSt9type_info14__is_pointer_pEv
                0x000000000200a47c        0x8 c:/devkitpro/devkitarm/bin/../lib/gcc/arm-none-eabi/10.2.0/../../../../arm-none-eabi/lib\libstdc++.a(tinfo.o)
                0x000000000200a47c                std::type_info::__is_pointer_p() const
                0x000000000200a47c                std::type_info::__is_function_p() const
 .text._ZNKSt9type_infoeqERKS_
                0x000000000200a484       0x50 c:/devkitpro/devkitarm/bin/../lib/gcc/arm-none-eabi/10.2.0/../../../../arm-none-eabi/lib\libstdc++.a(tinfo.o)
                0x000000000200a484                std::type_info::operator==(std::type_info const&) const
 .text._ZNKSt11logic_error4whatEv
                0x000000000200a4d4        0x8 c:/devkitpro/devkitarm/bin/../lib/gcc/arm-none-eabi/10.2.0/../../../../arm-none-eabi/lib\libstdc++.a(stdexcept.o)
                0x000000000200a4d4                std::logic_error::what() const
                0x000000000200a4d4                std::runtime_error::what() const
 .text._ZNSt11logic_errorD2Ev
                0x000000000200a4dc       0x68 c:/devkitpro/devkitarm/bin/../lib/gcc/arm-none-eabi/10.2.0/../../../../arm-none-eabi/lib\libstdc++.a(stdexcept.o)
                0x000000000200a4dc                std::logic_error::~logic_error()
                0x000000000200a4dc                std::logic_error::~logic_error()
 .text._ZNSt12length_errorD2Ev
                0x000000000200a544       0x68 c:/devkitpro/devkitarm/bin/../lib/gcc/arm-none-eabi/10.2.0/../../../../arm-none-eabi/lib\libstdc++.a(stdexcept.o)
                0x000000000200a544                std::length_error::~length_error()
                0x000000000200a544                std::length_error::~length_error()
 .text._ZNSt11logic_errorD0Ev
                0x000000000200a5ac       0x70 c:/devkitpro/devkitarm/bin/../lib/gcc/arm-none-eabi/10.2.0/../../../../arm-none-eabi/lib\libstdc++.a(stdexcept.o)
                0x000000000200a5ac                std::logic_error::~logic_error()
 .text._ZNSt12length_errorD0Ev
                0x000000000200a61c       0x70 c:/devkitpro/devkitarm/bin/../lib/gcc/arm-none-eabi/10.2.0/../../../../arm-none-eabi/lib\libstdc++.a(stdexcept.o)
                0x000000000200a61c                std::length_error::~length_error()
 .text._ZNSt11logic_errorC2EPKc
                0x000000000200a68c       0x3c c:/devkitpro/devkitarm/bin/../lib/gcc/arm-none-eabi/10.2.0/../../../../arm-none-eabi/lib\libstdc++.a(cow-stdexcept.o)
                0x000000000200a68c                std::logic_error::logic_error(char const*)
                0x000000000200a68c                std::logic_error::logic_error(char const*)
 .text._ZNSt12length_errorC2EPKc
                0x000000000200a6c8       0x48 c:/devkitpro/devkitarm/bin/../lib/gcc/arm-none-eabi/10.2.0/../../../../arm-none-eabi/lib\libstdc++.a(cow-stdexcept.o)
                0x000000000200a6c8                std::length_error::length_error(char const*)
                0x000000000200a6c8                std::length_error::length_error(char const*)
 .text._ZNSs4_Rep9_S_createEjjRKSaIcE
                0x000000000200a710       0x8c c:/devkitpro/devkitarm/bin/../lib/gcc/arm-none-eabi/10.2.0/../../../../arm-none-eabi/lib\libstdc++.a(cow-string-inst.o)
                0x000000000200a710                std::string::_Rep::_S_create(unsigned int, unsigned int, std::allocator<char> const&)
 .text._ZNSs4_Rep10_M_destroyERKSaIcE
                0x000000000200a79c       0x10 c:/devkitpro/devkitarm/bin/../lib/gcc/arm-none-eabi/10.2.0/../../../../arm-none-eabi/lib\libstdc++.a(cow-string-inst.o)
                0x000000000200a79c                std::string::_Rep::_M_destroy(std::allocator<char> const&)
 .text._ZNSs12_S_constructIPKcEEPcT_S3_RKSaIcESt20forward_iterator_tag
                0x000000000200a7ac       0xa8 c:/devkitpro/devkitarm/bin/../lib/gcc/arm-none-eabi/10.2.0/../../../../arm-none-eabi/lib\libstdc++.a(cow-string-inst.o)
                0x000000000200a7ac                char* std::string::_S_construct<char const*>(char const*, char const*, std::allocator<char> const&, std::forward_iterator_tag)
 .text._ZNSsC2EPKcRKSaIcE
                0x000000000200a854       0x48 c:/devkitpro/devkitarm/bin/../lib/gcc/arm-none-eabi/10.2.0/../../../../arm-none-eabi/lib\libstdc++.a(cow-string-inst.o)
                0x000000000200a854                std::basic_string<char, std::char_traits<char>, std::allocator<char> >::basic_string(char const*, std::allocator<char> const&)
                0x000000000200a854                std::basic_string<char, std::char_traits<char>, std::allocator<char> >::basic_string(char const*, std::allocator<char> const&)
 .text._ZNK10__cxxabiv117__class_type_info11__do_upcastEPKS0_PPv
                0x000000000200a89c       0x64 c:/devkitpro/devkitarm/bin/../lib/gcc/arm-none-eabi/10.2.0/../../../../arm-none-eabi/lib\libstdc++.a(class_type_info.o)
                0x000000000200a89c                __cxxabiv1::__class_type_info::__do_upcast(__cxxabiv1::__class_type_info const*, void**) const
 .text._ZNK10__cxxabiv117__class_type_info20__do_find_public_srcEiPKvPKS0_S2_
                0x000000000200a900       0x14 c:/devkitpro/devkitarm/bin/../lib/gcc/arm-none-eabi/10.2.0/../../../../arm-none-eabi/lib\libstdc++.a(class_type_info.o)
                0x000000000200a900                __cxxabiv1::__class_type_info::__do_find_public_src(int, void const*, __cxxabiv1::__class_type_info const*, void const*) const
 .text._ZN10__cxxabiv117__class_type_infoD2Ev
                0x000000000200a914       0x24 c:/devkitpro/devkitarm/bin/../lib/gcc/arm-none-eabi/10.2.0/../../../../arm-none-eabi/lib\libstdc++.a(class_type_info.o)
                0x000000000200a914                __cxxabiv1::__class_type_info::~__class_type_info()
                0x000000000200a914                __cxxabiv1::__class_type_info::~__class_type_info()
 .text._ZN10__cxxabiv117__class_type_infoD0Ev
                0x000000000200a938       0x30 c:/devkitpro/devkitarm/bin/../lib/gcc/arm-none-eabi/10.2.0/../../../../arm-none-eabi/lib\libstdc++.a(class_type_info.o)
                0x000000000200a938                __cxxabiv1::__class_type_info::~__class_type_info()
 .text._ZNK10__cxxabiv117__class_type_info12__do_dyncastEiNS0_10__sub_kindEPKS0_PKvS3_S5_RNS0_16__dyncast_resultE
                0x000000000200a968       0x70 c:/devkitpro/devkitarm/bin/../lib/gcc/arm-none-eabi/10.2.0/../../../../arm-none-eabi/lib\libstdc++.a(class_type_info.o)
                0x000000000200a968                __cxxabiv1::__class_type_info::__do_dyncast(int, __cxxabiv1::__class_type_info::__sub_kind, __cxxabiv1::__class_type_info const*, void const*, __cxxabiv1::__class_type_info const*, void const*, __cxxabiv1::__class_type_info::__dyncast_result&) const
 .text._ZNK10__cxxabiv117__class_type_info11__do_upcastEPKS0_PKvRNS0_15__upcast_resultE
                0x000000000200a9d8       0x30 c:/devkitpro/devkitarm/bin/../lib/gcc/arm-none-eabi/10.2.0/../../../../arm-none-eabi/lib\libstdc++.a(class_type_info.o)
                0x000000000200a9d8                __cxxabiv1::__class_type_info::__do_upcast(__cxxabiv1::__class_type_info const*, void const*, __cxxabiv1::__class_type_info::__upcast_result&) const
 .text._ZNK10__cxxabiv117__class_type_info10__do_catchEPKSt9type_infoPPvj
                0x000000000200aa08       0x4c c:/devkitpro/devkitarm/bin/../lib/gcc/arm-none-eabi/10.2.0/../../../../arm-none-eabi/lib\libstdc++.a(class_type_info.o)
                0x000000000200aa08                __cxxabiv1::__class_type_info::__do_catch(std::type_info const*, void**, unsigned int) const
 .text._ZN10__cxxabiv1L24__is_gxx_exception_classEPc
                0x000000000200aa54       0x70 c:/devkitpro/devkitarm/bin/../lib/gcc/arm-none-eabi/10.2.0/../../../../arm-none-eabi/lib\libstdc++.a(eh_call.o)
 .text.__cxa_call_terminate
                0x000000000200aac4       0x2c c:/devkitpro/devkitarm/bin/../lib/gcc/arm-none-eabi/10.2.0/../../../../arm-none-eabi/lib\libstdc++.a(eh_call.o)
                0x000000000200aac4                __cxa_call_terminate
 .text.unlikely.__cxa_call_unexpected
                0x000000000200aaf0      0x14c c:/devkitpro/devkitarm/bin/../lib/gcc/arm-none-eabi/10.2.0/../../../../arm-none-eabi/lib\libstdc++.a(eh_call.o)
                0x000000000200aaf0                __cxa_call_unexpected
 .text.__cxa_begin_catch
                0x000000000200ac3c       0xd4 c:/devkitpro/devkitarm/bin/../lib/gcc/arm-none-eabi/10.2.0/../../../../arm-none-eabi/lib\libstdc++.a(eh_catch.o)
                0x000000000200ac3c                __cxa_begin_catch
 .text.__cxa_end_catch
                0x000000000200ad10       0xe0 c:/devkitpro/devkitarm/bin/../lib/gcc/arm-none-eabi/10.2.0/../../../../arm-none-eabi/lib\libstdc++.a(eh_catch.o)
                0x000000000200ad10                __cxa_end_catch
 .text.selfrel_offset31
                0x000000000200adf0       0x18 c:/devkitpro/devkitarm/bin/../lib/gcc/arm-none-eabi/10.2.0\libgcc.a(unwind-arm.o)
 .text.search_EIT_table
                0x000000000200ae08       0x98 c:/devkitpro/devkitarm/bin/../lib/gcc/arm-none-eabi/10.2.0\libgcc.a(unwind-arm.o)
 .text.__gnu_unwind_get_pr_addr
                0x000000000200aea0       0x40 c:/devkitpro/devkitarm/bin/../lib/gcc/arm-none-eabi/10.2.0\libgcc.a(unwind-arm.o)
 .text.get_eit_entry
                0x000000000200aee0      0x124 c:/devkitpro/devkitarm/bin/../lib/gcc/arm-none-eabi/10.2.0\libgcc.a(unwind-arm.o)
 .text.restore_non_core_regs
                0x000000000200b004       0x90 c:/devkitpro/devkitarm/bin/../lib/gcc/arm-none-eabi/10.2.0\libgcc.a(unwind-arm.o)
 .text._Unwind_decode_typeinfo_ptr.constprop.0
                0x000000000200b094       0x14 c:/devkitpro/devkitarm/bin/../lib/gcc/arm-none-eabi/10.2.0\libgcc.a(unwind-arm.o)
 .text._Unwind_DebugHook
                0x000000000200b0a8        0x4 c:/devkitpro/devkitarm/bin/../lib/gcc/arm-none-eabi/10.2.0\libgcc.a(unwind-arm.o)
 .text.unwind_phase2
                0x000000000200b0ac       0x68 c:/devkitpro/devkitarm/bin/../lib/gcc/arm-none-eabi/10.2.0\libgcc.a(unwind-arm.o)
 .text.unwind_phase2_forced
                0x000000000200b114      0x144 c:/devkitpro/devkitarm/bin/../lib/gcc/arm-none-eabi/10.2.0\libgcc.a(unwind-arm.o)
 .text.__gnu_Unwind_RaiseException
                0x000000000200b258       0xac c:/devkitpro/devkitarm/bin/../lib/gcc/arm-none-eabi/10.2.0\libgcc.a(unwind-arm.o)
                0x000000000200b258                __gnu_Unwind_RaiseException
 .text.__gnu_Unwind_ForcedUnwind
                0x000000000200b304       0x28 c:/devkitpro/devkitarm/bin/../lib/gcc/arm-none-eabi/10.2.0\libgcc.a(unwind-arm.o)
                0x000000000200b304                __gnu_Unwind_ForcedUnwind
 .text.__gnu_Unwind_Resume
                0x000000000200b32c       0x78 c:/devkitpro/devkitarm/bin/../lib/gcc/arm-none-eabi/10.2.0\libgcc.a(unwind-arm.o)
                0x000000000200b32c                __gnu_Unwind_Resume
 .text.__gnu_Unwind_Resume_or_Rethrow
                0x000000000200b3a4       0x1c c:/devkitpro/devkitarm/bin/../lib/gcc/arm-none-eabi/10.2.0\libgcc.a(unwind-arm.o)
                0x000000000200b3a4                __gnu_Unwind_Resume_or_Rethrow
 .text._Unwind_Complete
                0x000000000200b3c0        0x4 c:/devkitpro/devkitarm/bin/../lib/gcc/arm-none-eabi/10.2.0\libgcc.a(unwind-arm.o)
                0x000000000200b3c0                _Unwind_Complete
 .text._Unwind_DeleteException
                0x000000000200b3c4       0x18 c:/devkitpro/devkitarm/bin/../lib/gcc/arm-none-eabi/10.2.0\libgcc.a(unwind-arm.o)
                0x000000000200b3c4                _Unwind_DeleteException
 .text._Unwind_VRS_Get
                0x000000000200b3dc       0x5c c:/devkitpro/devkitarm/bin/../lib/gcc/arm-none-eabi/10.2.0\libgcc.a(unwind-arm.o)
                0x000000000200b3dc                _Unwind_VRS_Get
 .text._Unwind_GetGR
                0x000000000200b438       0x30 c:/devkitpro/devkitarm/bin/../lib/gcc/arm-none-eabi/10.2.0\libgcc.a(unwind-arm.o)
 .text._Unwind_VRS_Set
                0x000000000200b468       0x5c c:/devkitpro/devkitarm/bin/../lib/gcc/arm-none-eabi/10.2.0\libgcc.a(unwind-arm.o)
                0x000000000200b468                _Unwind_VRS_Set
 .text._Unwind_SetGR
                0x000000000200b4c4       0x30 c:/devkitpro/devkitarm/bin/../lib/gcc/arm-none-eabi/10.2.0\libgcc.a(unwind-arm.o)
 .text.__gnu_Unwind_Backtrace
                0x000000000200b4f4       0xcc c:/devkitpro/devkitarm/bin/../lib/gcc/arm-none-eabi/10.2.0\libgcc.a(unwind-arm.o)
                0x000000000200b4f4                __gnu_Unwind_Backtrace
 .text.__gnu_unwind_pr_common
                0x000000000200b5c0      0x42c c:/devkitpro/devkitarm/bin/../lib/gcc/arm-none-eabi/10.2.0\libgcc.a(unwind-arm.o)
 .text.__aeabi_unwind_cpp_pr0
                0x000000000200b9ec        0x8 c:/devkitpro/devkitarm/bin/../lib/gcc/arm-none-eabi/10.2.0\libgcc.a(unwind-arm.o)
                0x000000000200b9ec                __aeabi_unwind_cpp_pr0
 .text.__aeabi_unwind_cpp_pr1
                0x000000000200b9f4        0x8 c:/devkitpro/devkitarm/bin/../lib/gcc/arm-none-eabi/10.2.0\libgcc.a(unwind-arm.o)
                0x000000000200b9f4                __aeabi_unwind_cpp_pr1
 .text.__aeabi_unwind_cpp_pr2
                0x000000000200b9fc        0x8 c:/devkitpro/devkitarm/bin/../lib/gcc/arm-none-eabi/10.2.0\libgcc.a(unwind-arm.o)
                0x000000000200b9fc                __aeabi_unwind_cpp_pr2
 .text._Unwind_VRS_Pop
                0x000000000200ba04      0x3f4 c:/devkitpro/devkitarm/bin/../lib/gcc/arm-none-eabi/10.2.0\libgcc.a(unwind-arm.o)
                0x000000000200ba04                _Unwind_VRS_Pop
 .text.next_unwind_byte
                0x000000000200bdf8       0x60 c:/devkitpro/devkitarm/bin/../lib/gcc/arm-none-eabi/10.2.0\libgcc.a(pr-support.o)
 .text._Unwind_GetGR.constprop.0
                0x000000000200be58       0x30 c:/devkitpro/devkitarm/bin/../lib/gcc/arm-none-eabi/10.2.0\libgcc.a(pr-support.o)
 .text.unwind_UCB_from_context
                0x000000000200be88        0x4 c:/devkitpro/devkitarm/bin/../lib/gcc/arm-none-eabi/10.2.0\libgcc.a(pr-support.o)
 .text.__gnu_unwind_execute
                0x000000000200be8c      0x41c c:/devkitpro/devkitarm/bin/../lib/gcc/arm-none-eabi/10.2.0\libgcc.a(pr-support.o)
                0x000000000200be8c                __gnu_unwind_execute
 .text.__gnu_unwind_frame
                0x000000000200c2a8       0x4c c:/devkitpro/devkitarm/bin/../lib/gcc/arm-none-eabi/10.2.0\libgcc.a(pr-support.o)
                0x000000000200c2a8                __gnu_unwind_frame
 .text._Unwind_GetRegionStart
                0x000000000200c2f4       0x14 c:/devkitpro/devkitarm/bin/../lib/gcc/arm-none-eabi/10.2.0\libgcc.a(pr-support.o)
                0x000000000200c2f4                _Unwind_GetRegionStart
 .text._Unwind_GetLanguageSpecificData
                0x000000000200c308       0x20 c:/devkitpro/devkitarm/bin/../lib/gcc/arm-none-eabi/10.2.0\libgcc.a(pr-support.o)
                0x000000000200c308                _Unwind_GetLanguageSpecificData
 .text.unlikely._Unwind_GetDataRelBase
                0x000000000200c328        0x8 c:/devkitpro/devkitarm/bin/../lib/gcc/arm-none-eabi/10.2.0\libgcc.a(pr-support.o)
                0x000000000200c328                _Unwind_GetDataRelBase
 .text.unlikely._Unwind_GetTextRelBase
                0x000000000200c330        0x8 c:/devkitpro/devkitarm/bin/../lib/gcc/arm-none-eabi/10.2.0\libgcc.a(pr-support.o)
                0x000000000200c330                _Unwind_GetTextRelBase
 .text.abort    0x000000000200c338       0x14 c:/devkitpro/devkitarm/bin/../lib/gcc/arm-none-eabi/10.2.0/../../../../arm-none-eabi/lib\libg.a(lib_a-abort.o)
                0x000000000200c338                abort
 .text._fclose_r
                0x000000000200c34c      0x16c c:/devkitpro/devkitarm/bin/../lib/gcc/arm-none-eabi/10.2.0/../../../../arm-none-eabi/lib\libg.a(lib_a-fclose.o)
                0x000000000200c34c                _fclose_r
 .text.fclose   0x000000000200c4b8       0x18 c:/devkitpro/devkitarm/bin/../lib/gcc/arm-none-eabi/10.2.0/../../../../arm-none-eabi/lib\libg.a(lib_a-fclose.o)
                0x000000000200c4b8                fclose
 .text.__sflush_r
                0x000000000200c4d0      0x280 c:/devkitpro/devkitarm/bin/../lib/gcc/arm-none-eabi/10.2.0/../../../../arm-none-eabi/lib\libg.a(lib_a-fflush.o)
                0x000000000200c4d0                __sflush_r
 .text._fflush_r
                0x000000000200c750       0x9c c:/devkitpro/devkitarm/bin/../lib/gcc/arm-none-eabi/10.2.0/../../../../arm-none-eabi/lib\libg.a(lib_a-fflush.o)
                0x000000000200c750                _fflush_r
 .text.fflush   0x000000000200c7ec       0x3c c:/devkitpro/devkitarm/bin/../lib/gcc/arm-none-eabi/10.2.0/../../../../arm-none-eabi/lib\libg.a(lib_a-fflush.o)
                0x000000000200c7ec                fflush
 .text._cleanup_r
                0x000000000200c828       0x18 c:/devkitpro/devkitarm/bin/../lib/gcc/arm-none-eabi/10.2.0/../../../../arm-none-eabi/lib\libg.a(lib_a-findfp.o)
                0x000000000200c828                _cleanup_r
 .text.__sinit  0x000000000200c840      0x18c c:/devkitpro/devkitarm/bin/../lib/gcc/arm-none-eabi/10.2.0/../../../../arm-none-eabi/lib\libg.a(lib_a-findfp.o)
                0x000000000200c840                __sinit
 .text.__sfp    0x000000000200c9cc      0x138 c:/devkitpro/devkitarm/bin/../lib/gcc/arm-none-eabi/10.2.0/../../../../arm-none-eabi/lib\libg.a(lib_a-findfp.o)
                0x000000000200c9cc                __sfp
 .text.__sfp_lock_acquire
                0x000000000200cb04       0x18 c:/devkitpro/devkitarm/bin/../lib/gcc/arm-none-eabi/10.2.0/../../../../arm-none-eabi/lib\libg.a(lib_a-findfp.o)
                0x000000000200cb04                __sfp_lock_acquire
 .text.__sfp_lock_release
                0x000000000200cb1c       0x18 c:/devkitpro/devkitarm/bin/../lib/gcc/arm-none-eabi/10.2.0/../../../../arm-none-eabi/lib\libg.a(lib_a-findfp.o)
                0x000000000200cb1c                __sfp_lock_release
 .text._fopen_r
                0x000000000200cb34      0x14c c:/devkitpro/devkitarm/bin/../lib/gcc/arm-none-eabi/10.2.0/../../../../arm-none-eabi/lib\libg.a(lib_a-fopen.o)
                0x000000000200cb34                _fopen_r
 .text.fopen    0x000000000200cc80       0x20 c:/devkitpro/devkitarm/bin/../lib/gcc/arm-none-eabi/10.2.0/../../../../arm-none-eabi/lib\libg.a(lib_a-fopen.o)
                0x000000000200cc80                fopen
 .text._fread_r
                0x000000000200cca0      0x2d4 c:/devkitpro/devkitarm/bin/../lib/gcc/arm-none-eabi/10.2.0/../../../../arm-none-eabi/lib\libg.a(lib_a-fread.o)
                0x000000000200cca0                _fread_r
 .text.fread    0x000000000200cf74       0x3c c:/devkitpro/devkitarm/bin/../lib/gcc/arm-none-eabi/10.2.0/../../../../arm-none-eabi/lib\libg.a(lib_a-fread.o)
                0x000000000200cf74                fread
 .text._malloc_trim_r
                0x000000000200cfb0      0x100 c:/devkitpro/devkitarm/bin/../lib/gcc/arm-none-eabi/10.2.0/../../../../arm-none-eabi/lib\libg.a(lib_a-freer.o)
                0x000000000200cfb0                _malloc_trim_r
 .text._free_r  0x000000000200d0b0      0x2e0 c:/devkitpro/devkitarm/bin/../lib/gcc/arm-none-eabi/10.2.0/../../../../arm-none-eabi/lib\libg.a(lib_a-freer.o)
                0x000000000200d0b0                _free_r
 .text._fseek_r
                0x000000000200d390       0x20 c:/devkitpro/devkitarm/bin/../lib/gcc/arm-none-eabi/10.2.0/../../../../arm-none-eabi/lib\libg.a(lib_a-fseek.o)
                0x000000000200d390                _fseek_r
 .text.fseek    0x000000000200d3b0       0x38 c:/devkitpro/devkitarm/bin/../lib/gcc/arm-none-eabi/10.2.0/../../../../arm-none-eabi/lib\libg.a(lib_a-fseek.o)
                0x000000000200d3b0                fseek
 .text._fseeko_r
                0x000000000200d3e8      0x50c c:/devkitpro/devkitarm/bin/../lib/gcc/arm-none-eabi/10.2.0/../../../../arm-none-eabi/lib\libg.a(lib_a-fseeko.o)
                0x000000000200d3e8                _fseeko_r
 .text._ftello_r
                0x000000000200d8f4      0x1c8 c:/devkitpro/devkitarm/bin/../lib/gcc/arm-none-eabi/10.2.0/../../../../arm-none-eabi/lib\libg.a(lib_a-ftello.o)
                0x000000000200d8f4                _ftello_r
 .text._fwalk   0x000000000200dabc       0x70 c:/devkitpro/devkitarm/bin/../lib/gcc/arm-none-eabi/10.2.0/../../../../arm-none-eabi/lib\libg.a(lib_a-fwalk.o)
                0x000000000200dabc                _fwalk
 .text._fwalk_reent
                0x000000000200db2c       0x78 c:/devkitpro/devkitarm/bin/../lib/gcc/arm-none-eabi/10.2.0/../../../../arm-none-eabi/lib\libg.a(lib_a-fwalk.o)
                0x000000000200db2c                _fwalk_reent
 .text.__libc_init_array
                0x000000000200dba4       0x88 c:/devkitpro/devkitarm/bin/../lib/gcc/arm-none-eabi/10.2.0/../../../../arm-none-eabi/lib\libg.a(lib_a-init.o)
                0x000000000200dba4                __libc_init_array
 .text.__smakebuf_r
                0x000000000200dc2c      0x144 c:/devkitpro/devkitarm/bin/../lib/gcc/arm-none-eabi/10.2.0/../../../../arm-none-eabi/lib\libg.a(lib_a-makebuf.o)
                0x000000000200dc2c                __smakebuf_r
 .text.malloc   0x000000000200dd70       0x1c c:/devkitpro/devkitarm/bin/../lib/gcc/arm-none-eabi/10.2.0/../../../../arm-none-eabi/lib\libg.a(lib_a-malloc.o)
                0x000000000200dd70                malloc
 .text.free     0x000000000200dd8c       0x1c c:/devkitpro/devkitarm/bin/../lib/gcc/arm-none-eabi/10.2.0/../../../../arm-none-eabi/lib\libg.a(lib_a-malloc.o)
                0x000000000200dd8c                free
 .text._malloc_r
                0x000000000200dda8      0x800 c:/devkitpro/devkitarm/bin/../lib/gcc/arm-none-eabi/10.2.0/../../../../arm-none-eabi/lib\libg.a(lib_a-mallocr.o)
                0x000000000200dda8                _malloc_r
 .text.memchr   0x000000000200e5a8       0xf0 c:/devkitpro/devkitarm/bin/../lib/gcc/arm-none-eabi/10.2.0/../../../../arm-none-eabi/lib\libg.a(lib_a-memchr-stub.o)
                0x000000000200e5a8                memchr
 .text.memcpy   0x000000000200e698      0x120 c:/devkitpro/devkitarm/bin/../lib/gcc/arm-none-eabi/10.2.0/../../../../arm-none-eabi/lib\libg.a(lib_a-memcpy-stub.o)
                0x000000000200e698                memcpy
 .text.memmove  0x000000000200e7b8      0x158 c:/devkitpro/devkitarm/bin/../lib/gcc/arm-none-eabi/10.2.0/../../../../arm-none-eabi/lib\libg.a(lib_a-memmove.o)
                0x000000000200e7b8                memmove
 .text.memset   0x000000000200e910      0x11c c:/devkitpro/devkitarm/bin/../lib/gcc/arm-none-eabi/10.2.0/../../../../arm-none-eabi/lib\libg.a(lib_a-memset.o)
                0x000000000200e910                memset
 .text.__malloc_lock
                0x000000000200ea2c       0x18 c:/devkitpro/devkitarm/bin/../lib/gcc/arm-none-eabi/10.2.0/../../../../arm-none-eabi/lib\libg.a(lib_a-mlock.o)
                0x000000000200ea2c                __malloc_lock
 .text.__malloc_unlock
                0x000000000200ea44       0x18 c:/devkitpro/devkitarm/bin/../lib/gcc/arm-none-eabi/10.2.0/../../../../arm-none-eabi/lib\libg.a(lib_a-mlock.o)
                0x000000000200ea44                __malloc_unlock
 .text.srand    0x000000000200ea5c       0x20 c:/devkitpro/devkitarm/bin/../lib/gcc/arm-none-eabi/10.2.0/../../../../arm-none-eabi/lib\libg.a(lib_a-rand.o)
                0x000000000200ea5c                srand
 .text.rand     0x000000000200ea7c       0x48 c:/devkitpro/devkitarm/bin/../lib/gcc/arm-none-eabi/10.2.0/../../../../arm-none-eabi/lib\libg.a(lib_a-rand.o)
                0x000000000200ea7c                rand
 .text.realloc  0x000000000200eac4       0x24 c:/devkitpro/devkitarm/bin/../lib/gcc/arm-none-eabi/10.2.0/../../../../arm-none-eabi/lib\libg.a(lib_a-realloc.o)
                0x000000000200eac4                realloc
 .text._realloc_r
                0x000000000200eae8      0x5ac c:/devkitpro/devkitarm/bin/../lib/gcc/arm-none-eabi/10.2.0/../../../../arm-none-eabi/lib\libg.a(lib_a-reallocr.o)
                0x000000000200eae8                _realloc_r
 .text.lflush   0x000000000200f094       0x28 c:/devkitpro/devkitarm/bin/../lib/gcc/arm-none-eabi/10.2.0/../../../../arm-none-eabi/lib\libg.a(lib_a-refill.o)
 .text.__srefill_r
                0x000000000200f0bc      0x1bc c:/devkitpro/devkitarm/bin/../lib/gcc/arm-none-eabi/10.2.0/../../../../arm-none-eabi/lib\libg.a(lib_a-refill.o)
                0x000000000200f0bc                __srefill_r
 .text._raise_r
                0x000000000200f278       0x98 c:/devkitpro/devkitarm/bin/../lib/gcc/arm-none-eabi/10.2.0/../../../../arm-none-eabi/lib\libg.a(lib_a-signal.o)
                0x000000000200f278                _raise_r
 .text.raise    0x000000000200f310       0x18 c:/devkitpro/devkitarm/bin/../lib/gcc/arm-none-eabi/10.2.0/../../../../arm-none-eabi/lib\libg.a(lib_a-signal.o)
                0x000000000200f310                raise
 .text.snprintf
                0x000000000200f328       0xcc c:/devkitpro/devkitarm/bin/../lib/gcc/arm-none-eabi/10.2.0/../../../../arm-none-eabi/lib\libg.a(lib_a-snprintf.o)
                0x000000000200f328                snprintf
 .text.sprintf  0x000000000200f3f4       0x64 c:/devkitpro/devkitarm/bin/../lib/gcc/arm-none-eabi/10.2.0/../../../../arm-none-eabi/lib\libg.a(lib_a-sprintf.o)
                0x000000000200f3f4                sprintf
 .text.__sread  0x000000000200f458       0x4c c:/devkitpro/devkitarm/bin/../lib/gcc/arm-none-eabi/10.2.0/../../../../arm-none-eabi/lib\libg.a(lib_a-stdio.o)
                0x000000000200f458                __sread
 .text.__swrite
                0x000000000200f4a4       0x6c c:/devkitpro/devkitarm/bin/../lib/gcc/arm-none-eabi/10.2.0/../../../../arm-none-eabi/lib\libg.a(lib_a-stdio.o)
                0x000000000200f4a4                __swrite
 .text.__sseek  0x000000000200f510       0x4c c:/devkitpro/devkitarm/bin/../lib/gcc/arm-none-eabi/10.2.0/../../../../arm-none-eabi/lib\libg.a(lib_a-stdio.o)
                0x000000000200f510                __sseek
 .text.__sclose
                0x000000000200f55c       0x14 c:/devkitpro/devkitarm/bin/../lib/gcc/arm-none-eabi/10.2.0/../../../../arm-none-eabi/lib\libg.a(lib_a-stdio.o)
                0x000000000200f55c                __sclose
 .text.strlen   0x000000000200f570       0x60 c:/devkitpro/devkitarm/bin/../lib/gcc/arm-none-eabi/10.2.0/../../../../arm-none-eabi/lib\libg.a(lib_a-strlen-stub.o)
                0x000000000200f570                strlen
 .text.get_arg  0x000000000200f5d0      0x64c c:/devkitpro/devkitarm/bin/../lib/gcc/arm-none-eabi/10.2.0/../../../../arm-none-eabi/lib\libg.a(lib_a-svfprintf.o)
 .text._svfprintf_r
                0x000000000200fc1c     0x3754 c:/devkitpro/devkitarm/bin/../lib/gcc/arm-none-eabi/10.2.0/../../../../arm-none-eabi/lib\libg.a(lib_a-svfprintf.o)
                0x000000000200fc1c                _svfprintf_r
 .text._wcrtomb_r
                0x0000000002013370       0x5c c:/devkitpro/devkitarm/bin/../lib/gcc/arm-none-eabi/10.2.0/../../../../arm-none-eabi/lib\libg.a(lib_a-wcrtomb.o)
                0x0000000002013370                _wcrtomb_r
 .text._wcsrtombs_r
                0x00000000020133cc       0x2c c:/devkitpro/devkitarm/bin/../lib/gcc/arm-none-eabi/10.2.0/../../../../arm-none-eabi/lib\libg.a(lib_a-wcsrtombs.o)
                0x00000000020133cc                _wcsrtombs_r
 .text.quorem   0x00000000020133f8      0x1c0 c:/devkitpro/devkitarm/bin/../lib/gcc/arm-none-eabi/10.2.0/../../../../arm-none-eabi/lib\libg.a(lib_a-dtoa.o)
 .text._dtoa_r  0x00000000020135b8     0x1730 c:/devkitpro/devkitarm/bin/../lib/gcc/arm-none-eabi/10.2.0/../../../../arm-none-eabi/lib\libg.a(lib_a-dtoa.o)
                0x00000000020135b8                _dtoa_r
 .text.__sflags
                0x0000000002014ce8       0xd0 c:/devkitpro/devkitarm/bin/../lib/gcc/arm-none-eabi/10.2.0/../../../../arm-none-eabi/lib\libg.a(lib_a-flags.o)
                0x0000000002014ce8                __sflags
 .text._localeconv_r
                0x0000000002014db8        0xc c:/devkitpro/devkitarm/bin/../lib/gcc/arm-none-eabi/10.2.0/../../../../arm-none-eabi/lib\libg.a(lib_a-localeconv.o)
                0x0000000002014db8                _localeconv_r
 .text.__locale_mb_cur_max
                0x0000000002014dc4       0x10 c:/devkitpro/devkitarm/bin/../lib/gcc/arm-none-eabi/10.2.0/../../../../arm-none-eabi/lib\libg.a(lib_a-locale.o)
                0x0000000002014dc4                __locale_mb_cur_max
 .text.__utf8_mbtowc
                0x0000000002014dd4      0x308 c:/devkitpro/devkitarm/bin/../lib/gcc/arm-none-eabi/10.2.0/../../../../arm-none-eabi/lib\libg.a(lib_a-mbtowc_r.o)
                0x0000000002014dd4                __utf8_mbtowc
 .text._Balloc  0x00000000020150dc       0x8c c:/devkitpro/devkitarm/bin/../lib/gcc/arm-none-eabi/10.2.0/../../../../arm-none-eabi/lib\libg.a(lib_a-mprec.o)
                0x00000000020150dc                _Balloc
 .text._Bfree   0x0000000002015168       0x1c c:/devkitpro/devkitarm/bin/../lib/gcc/arm-none-eabi/10.2.0/../../../../arm-none-eabi/lib\libg.a(lib_a-mprec.o)
                0x0000000002015168                _Bfree
 .text.__multadd
                0x0000000002015184      0x100 c:/devkitpro/devkitarm/bin/../lib/gcc/arm-none-eabi/10.2.0/../../../../arm-none-eabi/lib\libg.a(lib_a-mprec.o)
                0x0000000002015184                __multadd
 .text.__hi0bits
                0x0000000002015284       0x58 c:/devkitpro/devkitarm/bin/../lib/gcc/arm-none-eabi/10.2.0/../../../../arm-none-eabi/lib\libg.a(lib_a-mprec.o)
                0x0000000002015284                __hi0bits
 .text.__lo0bits
                0x00000000020152dc       0x9c c:/devkitpro/devkitarm/bin/../lib/gcc/arm-none-eabi/10.2.0/../../../../arm-none-eabi/lib\libg.a(lib_a-mprec.o)
                0x00000000020152dc                __lo0bits
 .text.__i2b    0x0000000002015378       0xa8 c:/devkitpro/devkitarm/bin/../lib/gcc/arm-none-eabi/10.2.0/../../../../arm-none-eabi/lib\libg.a(lib_a-mprec.o)
                0x0000000002015378                __i2b
 .text.__multiply
                0x0000000002015420      0x214 c:/devkitpro/devkitarm/bin/../lib/gcc/arm-none-eabi/10.2.0/../../../../arm-none-eabi/lib\libg.a(lib_a-mprec.o)
                0x0000000002015420                __multiply
 .text.__pow5mult
                0x0000000002015634      0x124 c:/devkitpro/devkitarm/bin/../lib/gcc/arm-none-eabi/10.2.0/../../../../arm-none-eabi/lib\libg.a(lib_a-mprec.o)
                0x0000000002015634                __pow5mult
 .text.__lshift
                0x0000000002015758      0x140 c:/devkitpro/devkitarm/bin/../lib/gcc/arm-none-eabi/10.2.0/../../../../arm-none-eabi/lib\libg.a(lib_a-mprec.o)
                0x0000000002015758                __lshift
 .text.__mcmp   0x0000000002015898       0x60 c:/devkitpro/devkitarm/bin/../lib/gcc/arm-none-eabi/10.2.0/../../../../arm-none-eabi/lib\libg.a(lib_a-mprec.o)
                0x0000000002015898                __mcmp
 .text.__mdiff  0x00000000020158f8      0x1f4 c:/devkitpro/devkitarm/bin/../lib/gcc/arm-none-eabi/10.2.0/../../../../arm-none-eabi/lib\libg.a(lib_a-mprec.o)
                0x00000000020158f8                __mdiff
 .text.__d2b    0x0000000002015aec      0x144 c:/devkitpro/devkitarm/bin/../lib/gcc/arm-none-eabi/10.2.0/../../../../arm-none-eabi/lib\libg.a(lib_a-mprec.o)
                0x0000000002015aec                __d2b
 .text.frexp    0x0000000002015c30       0xa4 c:/devkitpro/devkitarm/bin/../lib/gcc/arm-none-eabi/10.2.0/../../../../arm-none-eabi/lib\libg.a(lib_a-s_frexp.o)
                0x0000000002015c30                frexp
 .text.strchr   0x0000000002015cd4      0x150 c:/devkitpro/devkitarm/bin/../lib/gcc/arm-none-eabi/10.2.0/../../../../arm-none-eabi/lib\libg.a(lib_a-strchr.o)
                0x0000000002015cd4                strchr
 .text.strncmp  0x0000000002015e24       0xe4 c:/devkitpro/devkitarm/bin/../lib/gcc/arm-none-eabi/10.2.0/../../../../arm-none-eabi/lib\libg.a(lib_a-strncmp.o)
                0x0000000002015e24                strncmp
 .text.strncpy  0x0000000002015f08       0xcc c:/devkitpro/devkitarm/bin/../lib/gcc/arm-none-eabi/10.2.0/../../../../arm-none-eabi/lib\libg.a(lib_a-strncpy.o)
                0x0000000002015f08                strncpy
 .text.__ssprint_r
                0x0000000002015fd4      0x18c c:/devkitpro/devkitarm/bin/../lib/gcc/arm-none-eabi/10.2.0/../../../../arm-none-eabi/lib\libg.a(lib_a-svfiprintf.o)
                0x0000000002015fd4                __ssprint_r
 .text._wcsnrtombs_l
                0x0000000002016160      0x1a0 c:/devkitpro/devkitarm/bin/../lib/gcc/arm-none-eabi/10.2.0/../../../../arm-none-eabi/lib\libg.a(lib_a-wcsnrtombs.o)
                0x0000000002016160                _wcsnrtombs_l
 .text._wcsnrtombs_r
                0x0000000002016300       0x50 c:/devkitpro/devkitarm/bin/../lib/gcc/arm-none-eabi/10.2.0/../../../../arm-none-eabi/lib\libg.a(lib_a-wcsnrtombs.o)
                0x0000000002016300                _wcsnrtombs_r
 .text.__utf8_wctomb
                0x0000000002016350       0xf4 c:/devkitpro/devkitarm/bin/../lib/gcc/arm-none-eabi/10.2.0/../../../../arm-none-eabi/lib\libg.a(lib_a-wctomb_r.o)
                0x0000000002016350                __utf8_wctomb
 .text.__assert_func
                0x0000000002016444       0x5c c:/devkitpro/devkitarm/bin/../lib/gcc/arm-none-eabi/10.2.0/../../../../arm-none-eabi/lib\libg.a(lib_a-assert.o)
                0x0000000002016444                __assert_func
 .text._calloc_r
                0x00000000020164a0       0x9c c:/devkitpro/devkitarm/bin/../lib/gcc/arm-none-eabi/10.2.0/../../../../arm-none-eabi/lib\libg.a(lib_a-callocr.o)
                0x00000000020164a0                _calloc_r
 .text.__errno  0x000000000201653c       0x10 c:/devkitpro/devkitarm/bin/../lib/gcc/arm-none-eabi/10.2.0/../../../../arm-none-eabi/lib\libg.a(lib_a-errno.o)
                0x000000000201653c                __errno
 .text.fiprintf
                0x000000000201654c       0x3c c:/devkitpro/devkitarm/bin/../lib/gcc/arm-none-eabi/10.2.0/../../../../arm-none-eabi/lib\libg.a(lib_a-fiprintf.o)
                0x000000000201654c                fiprintf
 .text.get_arg  0x0000000002016588      0x64c c:/devkitpro/devkitarm/bin/../lib/gcc/arm-none-eabi/10.2.0/../../../../arm-none-eabi/lib\libg.a(lib_a-vfiprintf.o)
 .text.__sprint_r
                0x0000000002016bd4       0x34 c:/devkitpro/devkitarm/bin/../lib/gcc/arm-none-eabi/10.2.0/../../../../arm-none-eabi/lib\libg.a(lib_a-vfiprintf.o)
                0x0000000002016bd4                __sprint_r
 .text._vfiprintf_r
                0x0000000002016c08     0x2598 c:/devkitpro/devkitarm/bin/../lib/gcc/arm-none-eabi/10.2.0/../../../../arm-none-eabi/lib\libg.a(lib_a-vfiprintf.o)
                0x0000000002016c08                _vfiprintf_r
 .text.__sbprintf
                0x00000000020191a0       0xd4 c:/devkitpro/devkitarm/bin/../lib/gcc/arm-none-eabi/10.2.0/../../../../arm-none-eabi/lib\libg.a(lib_a-vfiprintf.o)
 .text.__swsetup_r
                0x0000000002019274      0x160 c:/devkitpro/devkitarm/bin/../lib/gcc/arm-none-eabi/10.2.0/../../../../arm-none-eabi/lib\libg.a(lib_a-wsetup.o)
                0x0000000002019274                __swsetup_r
 .text.__sfvwrite_r
                0x00000000020193d4      0x4d0 c:/devkitpro/devkitarm/bin/../lib/gcc/arm-none-eabi/10.2.0/../../../../arm-none-eabi/lib\libg.a(lib_a-fvwrite.o)
                0x00000000020193d4                __sfvwrite_r
 .text._fstat_r
                0x00000000020198a4       0x7c c:/devkitpro/devkitarm/bin/../lib/gcc/arm-none-eabi/10.2.0/../../../../arm-none-eabi/lib\libsysbase.a(fstat.o)
                0x00000000020198a4                _fstat_r
 .text._getpid_r
                0x0000000002019920       0x14 c:/devkitpro/devkitarm/bin/../lib/gcc/arm-none-eabi/10.2.0/../../../../arm-none-eabi/lib\libsysbase.a(getpid.o)
                0x0000000002019920                _getpid_r
 .text._isatty_r
                0x0000000002019934        0x8 c:/devkitpro/devkitarm/bin/../lib/gcc/arm-none-eabi/10.2.0/../../../../arm-none-eabi/lib\libsysbase.a(isatty.o)
                0x0000000002019934                _isatty_r
 .text._kill_r  0x000000000201993c       0x14 c:/devkitpro/devkitarm/bin/../lib/gcc/arm-none-eabi/10.2.0/../../../../arm-none-eabi/lib\libsysbase.a(kill.o)
                0x000000000201993c                _kill_r
 .text._lseek_r
                0x0000000002019950       0x88 c:/devkitpro/devkitarm/bin/../lib/gcc/arm-none-eabi/10.2.0/../../../../arm-none-eabi/lib\libsysbase.a(lseek.o)
                0x0000000002019950                _lseek_r
 .text._open_r  0x00000000020199d8       0xd0 c:/devkitpro/devkitarm/bin/../lib/gcc/arm-none-eabi/10.2.0/../../../../arm-none-eabi/lib\libsysbase.a(open.o)
                0x00000000020199d8                _open_r
 .text._read_r  0x0000000002019aa8       0x84 c:/devkitpro/devkitarm/bin/../lib/gcc/arm-none-eabi/10.2.0/../../../../arm-none-eabi/lib\libsysbase.a(read.o)
                0x0000000002019aa8                _read_r
 .text._sbrk_r  0x0000000002019b2c       0x7c c:/devkitpro/devkitarm/bin/../lib/gcc/arm-none-eabi/10.2.0/../../../../arm-none-eabi/lib\libsysbase.a(sbrk.o)
                0x0000000002019b2c                _sbrk_r
 .text._write_r
                0x0000000002019ba8       0x84 c:/devkitpro/devkitarm/bin/../lib/gcc/arm-none-eabi/10.2.0/../../../../arm-none-eabi/lib\libsysbase.a(write.o)
                0x0000000002019ba8                _write_r
 .text._exit    0x0000000002019c2c       0x28 c:/devkitpro/devkitarm/bin/../lib/gcc/arm-none-eabi/10.2.0/../../../../arm-none-eabi/lib\libsysbase.a(_exit.o)
                0x0000000002019c2c                _exit
 .text.build_argv
                0x0000000002019c54       0x80 c:/devkitpro/devkitarm/bin/../lib/gcc/arm-none-eabi/10.2.0/../../../../arm-none-eabi/lib\libsysbase.a(build_argv.o)
                0x0000000002019c54                build_argv
 .text.__flockfile
                0x0000000002019cd4       0x14 c:/devkitpro/devkitarm/bin/../lib/gcc/arm-none-eabi/10.2.0/../../../../arm-none-eabi/lib\libsysbase.a(flock.o)
                0x0000000002019cd4                __flockfile
 .text.__funlockfile
                0x0000000002019ce8       0x14 c:/devkitpro/devkitarm/bin/../lib/gcc/arm-none-eabi/10.2.0/../../../../arm-none-eabi/lib\libsysbase.a(flock.o)
                0x0000000002019ce8                __funlockfile
 .text.__libc_lock_acquire
                0x0000000002019cfc       0x18 c:/devkitpro/devkitarm/bin/../lib/gcc/arm-none-eabi/10.2.0/../../../../arm-none-eabi/lib\libsysbase.a(syscall_support.o)
                0x0000000002019cfc                __libc_lock_acquire
 .text.__libc_lock_release
                0x0000000002019d14       0x18 c:/devkitpro/devkitarm/bin/../lib/gcc/arm-none-eabi/10.2.0/../../../../arm-none-eabi/lib\libsysbase.a(syscall_support.o)
                0x0000000002019d14                __libc_lock_release
 .text.__libc_lock_init_recursive
                0x0000000002019d2c       0x18 c:/devkitpro/devkitarm/bin/../lib/gcc/arm-none-eabi/10.2.0/../../../../arm-none-eabi/lib\libsysbase.a(syscall_support.o)
                0x0000000002019d2c                __libc_lock_init_recursive
 .text.__libc_lock_acquire_recursive
                0x0000000002019d44       0x18 c:/devkitpro/devkitarm/bin/../lib/gcc/arm-none-eabi/10.2.0/../../../../arm-none-eabi/lib\libsysbase.a(syscall_support.o)
                0x0000000002019d44                __libc_lock_acquire_recursive
 .text.__libc_lock_release_recursive
                0x0000000002019d5c       0x18 c:/devkitpro/devkitarm/bin/../lib/gcc/arm-none-eabi/10.2.0/../../../../arm-none-eabi/lib\libsysbase.a(syscall_support.o)
                0x0000000002019d5c                __libc_lock_release_recursive
 .text.__libc_lock_close_recursive
                0x0000000002019d74       0x18 c:/devkitpro/devkitarm/bin/../lib/gcc/arm-none-eabi/10.2.0/../../../../arm-none-eabi/lib\libsysbase.a(syscall_support.o)
                0x0000000002019d74                __libc_lock_close_recursive
 .text.__release_handle
                0x0000000002019d8c       0x90 c:/devkitpro/devkitarm/bin/../lib/gcc/arm-none-eabi/10.2.0/../../../../arm-none-eabi/lib\libsysbase.a(handle_manager.o)
                0x0000000002019d8c                __release_handle
 .text.__alloc_handle
                0x0000000002019e1c       0xb8 c:/devkitpro/devkitarm/bin/../lib/gcc/arm-none-eabi/10.2.0/../../../../arm-none-eabi/lib\libsysbase.a(handle_manager.o)
                0x0000000002019e1c                __alloc_handle
 .text.__get_handle
                0x0000000002019ed4       0x40 c:/devkitpro/devkitarm/bin/../lib/gcc/arm-none-eabi/10.2.0/../../../../arm-none-eabi/lib\libsysbase.a(handle_manager.o)
                0x0000000002019ed4                __get_handle
 .text._close_r
                0x0000000002019f14       0xfc c:/devkitpro/devkitarm/bin/../lib/gcc/arm-none-eabi/10.2.0/../../../../arm-none-eabi/lib\libsysbase.a(handle_manager.o)
                0x0000000002019f14                _close_r
 .text.__getreent
                0x000000000201a010       0x24 c:/devkitpro/devkitarm/bin/../lib/gcc/arm-none-eabi/10.2.0/../../../../arm-none-eabi/lib\libsysbase.a(getreent.o)
                0x000000000201a010                __getreent
 .text.null_write
                0x000000000201a034        0x8 c:/devkitpro/devkitarm/bin/../lib/gcc/arm-none-eabi/10.2.0/../../../../arm-none-eabi/lib\libsysbase.a(iosupport.o)
 .text.FindDevice
                0x000000000201a03c       0xd4 c:/devkitpro/devkitarm/bin/../lib/gcc/arm-none-eabi/10.2.0/../../../../arm-none-eabi/lib\libsysbase.a(iosupport.o)
                0x000000000201a03c                FindDevice
 .text.__udivmoddi4
                0x000000000201a110      0x128 c:/devkitpro/devkitarm/bin/../lib/gcc/arm-none-eabi/10.2.0\libgcc.a(_udivmoddi4.o)
                0x000000000201a110                __udivmoddi4
 .text.__udivmoddi4.__stub
                0x000000000201a238      0x13c linker stubs
 *(EXCLUDE_FILE(*.twl*) .gnu.warning)
 *(EXCLUDE_FILE(*.twl*) .gnu.linkonce.t*)
 *(.glue_7)
 .glue_7        0x000000000201a3c0        0x0 linker stubs
 *(.glue_7t)
 .glue_7t       0x000000000201a3c0        0x0 linker stubs
                0x000000000201a3c0                . = ALIGN (0x4)

.vfp11_veneer   0x000000000201a3c0        0x0
 .vfp11_veneer  0x000000000201a3c0        0x0 linker stubs

.v4_bx          0x000000000201a3c0        0x0
 .v4_bx         0x000000000201a3c0        0x0 linker stubs

.iplt           0x000000000201a3c0        0x0
 .iplt          0x000000000201a3c0        0x0 c:/devkitpro/devkitarm/bin/../lib/gcc/arm-none-eabi/10.2.0/../../../../arm-none-eabi/lib/ds_arm9_crt0.o

.fini           0x000000000201a3c0       0x18
 *(.fini)
 .fini          0x000000000201a3c0        0xc c:/devkitpro/devkitarm/bin/../lib/gcc/arm-none-eabi/10.2.0/crti.o
                0x000000000201a3c0                _fini
 .fini          0x000000000201a3cc        0xc c:/devkitpro/devkitarm/bin/../lib/gcc/arm-none-eabi/10.2.0/crtn.o
                0x000000000201a3d8                __text_end = .

.rodata         0x000000000201a3d8    0x376b4
 *(EXCLUDE_FILE(*.twl*) .rodata)
 .rodata        0x000000000201a3d8     0x4440 font.o
                0x000000000201a3d8                fontTiles
                0x000000000201e418                fontMap
                0x000000000201e618                fontPal
 .rodata        0x000000000201e818      0x840 leveltiles.o
                0x000000000201e818                leveltilesTiles
                0x000000000201eb58                leveltilesMap
                0x000000000201ee58                leveltilesPal
 .rodata        0x000000000201f058     0x1e80 mainmenu.o
                0x000000000201f058                mainmenuTiles
                0x00000000020209d8                mainmenuMap
                0x0000000002020cd8                mainmenuPal
 .rodata        0x0000000002020ed8     0x1a00 sprite.o
                0x0000000002020ed8                spriteTiles
                0x00000000020226d8                spritePal
 .rodata        0x00000000020228d8     0x3180 title.o
                0x00000000020228d8                titleTiles
                0x0000000002025558                titleMap
                0x0000000002025858                titlePal
 .rodata        0x0000000002025a58       0x14 state_level_select.o
 .rodata        0x0000000002025a6c       0x14 state_mainmenu.o
 *all.rodata*(*)
 *(EXCLUDE_FILE(*.twl*) .roda)
 *(EXCLUDE_FILE(*.twl*) .rodata.*)
 .rodata.soundbank_bin
                0x0000000002025a80    0x2b4e4 soundbank.bin.o
                0x0000000002025a80                soundbank_bin
                0x0000000002050f64                soundbank_bin_end
 .rodata._ZNSt6vectorI13SINPUTHANDLERSaIS0_EE17_M_realloc_insertIJRKS0_EEEvN9__gnu_cxx17__normal_iteratorIPS0_S2_EEDpOT_.str1.4
                0x0000000002050f64       0x1a inputmanager.o
 *fill*         0x0000000002050f7e        0x2 ff
 .rodata.str1.4
                0x0000000002050f80       0x8e state_level_paused.o
 *fill*         0x000000000205100e        0x2 ff
 .rodata.str1.4
                0x0000000002051010       0x11 state_level_running.o
                                         0x1e (size before relaxing)
 *fill*         0x0000000002051021        0x3 ff
 .rodata.str1.4
                0x0000000002051024       0x73 state_level_select.o
 *fill*         0x0000000002051097        0x1 ff
 .rodata.str1.4
                0x0000000002051098       0x22 state_level_won.o
 *fill*         0x00000000020510ba        0x2 ff
 .rodata.str1.4
                0x00000000020510bc       0x5d state_mainmenu.o
                                         0x6d (size before relaxing)
 *fill*         0x0000000002051119        0x3 ff
 .rodata.SIN_LUT
                0x000000000205111c      0x102 C:/devkitPro/libnds/lib\libnds9.a(trig.o)
                0x000000000205111c                SIN_LUT
 *fill*         0x000000000205121e        0x2 ff
 .rodata._ZNKSt9bad_alloc4whatEv.str1.4
                0x0000000002051220        0xf c:/devkitpro/devkitarm/bin/../lib/gcc/arm-none-eabi/10.2.0/../../../../arm-none-eabi/lib\libstdc++.a(bad_alloc.o)
 *fill*         0x000000000205122f        0x1 ff
 .rodata._ZTISt9bad_alloc
                0x0000000002051230        0xc c:/devkitpro/devkitarm/bin/../lib/gcc/arm-none-eabi/10.2.0/../../../../arm-none-eabi/lib\libstdc++.a(bad_alloc.o)
                0x0000000002051230                typeinfo for std::bad_alloc
 .rodata._ZTSSt9bad_alloc
                0x000000000205123c        0xd c:/devkitpro/devkitarm/bin/../lib/gcc/arm-none-eabi/10.2.0/../../../../arm-none-eabi/lib\libstdc++.a(bad_alloc.o)
                0x000000000205123c                typeinfo name for std::bad_alloc
 *fill*         0x0000000002051249        0x3 ff
 .rodata._ZTVSt9bad_alloc
                0x000000000205124c       0x14 c:/devkitpro/devkitarm/bin/../lib/gcc/arm-none-eabi/10.2.0/../../../../arm-none-eabi/lib\libstdc++.a(bad_alloc.o)
                0x000000000205124c                vtable for std::bad_alloc
 .rodata._ZNKSt13bad_exception4whatEv.str1.4
                0x0000000002051260       0x13 c:/devkitpro/devkitarm/bin/../lib/gcc/arm-none-eabi/10.2.0/../../../../arm-none-eabi/lib\libstdc++.a(eh_exception.o)
 *fill*         0x0000000002051273        0x1 ff
 .rodata._ZTIN10__cxxabiv115__forced_unwindE
                0x0000000002051274        0x8 c:/devkitpro/devkitarm/bin/../lib/gcc/arm-none-eabi/10.2.0/../../../../arm-none-eabi/lib\libstdc++.a(eh_exception.o)
                0x0000000002051274                typeinfo for __cxxabiv1::__forced_unwind
 .rodata._ZTIN10__cxxabiv119__foreign_exceptionE
                0x000000000205127c        0x8 c:/devkitpro/devkitarm/bin/../lib/gcc/arm-none-eabi/10.2.0/../../../../arm-none-eabi/lib\libstdc++.a(eh_exception.o)
                0x000000000205127c                typeinfo for __cxxabiv1::__foreign_exception
 .rodata._ZTISt13bad_exception
                0x0000000002051284        0xc c:/devkitpro/devkitarm/bin/../lib/gcc/arm-none-eabi/10.2.0/../../../../arm-none-eabi/lib\libstdc++.a(eh_exception.o)
                0x0000000002051284                typeinfo for std::bad_exception
 .rodata._ZTISt9exception
                0x0000000002051290        0x8 c:/devkitpro/devkitarm/bin/../lib/gcc/arm-none-eabi/10.2.0/../../../../arm-none-eabi/lib\libstdc++.a(eh_exception.o)
                0x0000000002051290                typeinfo for std::exception
 .rodata._ZTSN10__cxxabiv115__forced_unwindE
                0x0000000002051298       0x20 c:/devkitpro/devkitarm/bin/../lib/gcc/arm-none-eabi/10.2.0/../../../../arm-none-eabi/lib\libstdc++.a(eh_exception.o)
                0x0000000002051298                typeinfo name for __cxxabiv1::__forced_unwind
 .rodata._ZTSN10__cxxabiv119__foreign_exceptionE
                0x00000000020512b8       0x24 c:/devkitpro/devkitarm/bin/../lib/gcc/arm-none-eabi/10.2.0/../../../../arm-none-eabi/lib\libstdc++.a(eh_exception.o)
                0x00000000020512b8                typeinfo name for __cxxabiv1::__foreign_exception
 .rodata._ZTSSt13bad_exception
                0x00000000020512dc       0x12 c:/devkitpro/devkitarm/bin/../lib/gcc/arm-none-eabi/10.2.0/../../../../arm-none-eabi/lib\libstdc++.a(eh_exception.o)
                0x00000000020512dc                typeinfo name for std::bad_exception
 *fill*         0x00000000020512ee        0x2 ff
 .rodata._ZTSSt9exception
                0x00000000020512f0        0xd c:/devkitpro/devkitarm/bin/../lib/gcc/arm-none-eabi/10.2.0/../../../../arm-none-eabi/lib\libstdc++.a(eh_exception.o)
                0x00000000020512f0                typeinfo name for std::exception
 *fill*         0x00000000020512fd        0x3 ff
 .rodata._ZTVSt13bad_exception
                0x0000000002051300       0x14 c:/devkitpro/devkitarm/bin/../lib/gcc/arm-none-eabi/10.2.0/../../../../arm-none-eabi/lib\libstdc++.a(eh_exception.o)
                0x0000000002051300                vtable for std::bad_exception
 .rodata._ZTIN10__cxxabiv120__si_class_type_infoE
                0x0000000002051314        0xc c:/devkitpro/devkitarm/bin/../lib/gcc/arm-none-eabi/10.2.0/../../../../arm-none-eabi/lib\libstdc++.a(si_class_type_info.o)
                0x0000000002051314                typeinfo for __cxxabiv1::__si_class_type_info
 .rodata._ZTSN10__cxxabiv120__si_class_type_infoE