Archive member included to satisfy reference by file (symbol)

C:/devkitPro/libnds/lib\libmm9.a(mm_comms.o)
                              audiostreamig.o (mmStart)
C:/devkitPro/libnds/lib\libmm9.a(mm_memory.o)
                              audiostreamig.o (mmLoad)
C:/devkitPro/libnds/lib\libmm9.a(mm_main9.o)
                              C:/devkitPro/libnds/lib\libmm9.a(mm_memory.o) (mmcbMemory)
C:/devkitPro/libnds/lib\libmm9.a(mm_soundbank.o)
                              C:/devkitPro/libnds/lib\libmm9.a(mm_main9.o) (mmSoundBankInMemory)
C:/devkitPro/libnds/lib\libmm9.a(mm_flusher.o)
                              C:/devkitPro/libnds/lib\libmm9.a(mm_memory.o) (mmFlushBank)
C:/devkitPro/libnds/lib\libnds9.a(touch.o)
                              gameclass_state_management.o (touchRead)
C:/devkitPro/libnds/lib\libnds9.a(sprite_alloc.o)
                              gameclass.o (oamAllocateGfx)
C:/devkitPro/libnds/lib\libnds9.a(trig.o)
                              gameclass.o (sinLerp)
C:/devkitPro/libnds/lib\libnds9.a(sprite.o)
                              gameclass.o (oamInit)
C:/devkitPro/libnds/lib\libnds9.a(keys.o)
                              gameclass_state_management.o (scanKeys)
C:/devkitPro/libnds/lib\libnds9.a(initSystem.o)
                              c:/devkitpro/devkitarm/bin/../lib/gcc/arm-none-eabi/10.2.0/../../../../arm-none-eabi/lib/ds_arm9_crt0.o (initSystem)
C:/devkitPro/libnds/lib\libnds9.a(timeSupport.o)
                              C:/devkitPro/libnds/lib\libnds9.a(initSystem.o) (__libnds_gtod)
C:/devkitPro/libnds/lib\libnds9.a(securearea.o)
                              c:/devkitpro/devkitarm/bin/../lib/gcc/arm-none-eabi/10.2.0/../../../../arm-none-eabi/lib/ds_arm9_crt0.o (__secure_area__)
C:/devkitPro/libnds/lib\libnds9.a(timers.o)
                              gameclass_time.o (timerStart)
C:/devkitPro/libnds/lib\libnds9.a(interrupts.o)
                              textoverlay.o (irqSet)
C:/devkitPro/libnds/lib\libnds9.a(libnds_exit.arm.o)
                              c:/devkitpro/devkitarm/bin/../lib/gcc/arm-none-eabi/10.2.0/../../../../arm-none-eabi/lib/ds_arm9_crt0.o (__libnds_exit)
C:/devkitPro/libnds/lib\libnds9.a(fifosystem.o)
                              C:/devkitPro/libnds/lib\libmm9.a(mm_comms.o) (fifoSetValue32Handler)
C:/devkitPro/libnds/lib\libnds9.a(dcache.o)
                              C:/devkitPro/libnds/lib\libnds9.a(sprite.o) (DC_FlushRange)
C:/devkitPro/libnds/lib\libnds9.a(mpu_setup.o)
                              c:/devkitpro/devkitarm/bin/../lib/gcc/arm-none-eabi/10.2.0/../../../../arm-none-eabi/lib/ds_arm9_crt0.o (__libnds_mpu_setup)
C:/devkitPro/libnds/lib\libnds9.a(IntrWait.o)
                              gameclass_state_management.o (swiWaitForVBlank)
C:/devkitPro/libnds/lib\libnds9.a(cpu_clock.o)
                              C:/devkitPro/libnds/lib\libnds9.a(initSystem.o) (setCpuClock)
C:/devkitPro/libnds/lib\libnds9.a(interruptDispatcher.o)
                              C:/devkitPro/libnds/lib\libnds9.a(interrupts.o) (IntrMain)
C:/devkitPro/libnds/lib\libnds9.a(swiSoftReset.o)
                              C:/devkitPro/libnds/lib\libnds9.a(fifosystem.o) (swiSoftReset)
C:/devkitPro/libnds/lib\libnds9.a(video.o)
                              C:/devkitPro/libnds/lib\libnds9.a(initSystem.o) (vramDefault)
C:/devkitPro/libnds/lib\libnds9.a(system.o)
                              C:/devkitPro/libnds/lib\libnds9.a(initSystem.o) (systemValueHandler)
C:/devkitPro/libnds/lib\libnds9.a(biosCalls.o)
                              C:/devkitPro/libnds/lib\libnds9.a(system.o) (swiDelay)
c:/devkitpro/devkitarm/bin/../lib/gcc/arm-none-eabi/10.2.0/../../../../arm-none-eabi/lib\libstdc++.a(new_op.o)
                              audiostreamig.o (operator new(unsigned int))
c:/devkitpro/devkitarm/bin/../lib/gcc/arm-none-eabi/10.2.0/../../../../arm-none-eabi/lib\libstdc++.a(bad_alloc.o)
                              c:/devkitpro/devkitarm/bin/../lib/gcc/arm-none-eabi/10.2.0/../../../../arm-none-eabi/lib\libstdc++.a(new_op.o) (std::bad_alloc::~bad_alloc())
c:/devkitpro/devkitarm/bin/../lib/gcc/arm-none-eabi/10.2.0/../../../../arm-none-eabi/lib\libstdc++.a(del_ops.o)
                              c:/devkitpro/devkitarm/bin/../lib/gcc/arm-none-eabi/10.2.0/../../../../arm-none-eabi/lib\libstdc++.a(bad_alloc.o) (operator delete(void*, unsigned int))
c:/devkitpro/devkitarm/bin/../lib/gcc/arm-none-eabi/10.2.0/../../../../arm-none-eabi/lib\libstdc++.a(eh_alloc.o)
                              c:/devkitpro/devkitarm/bin/../lib/gcc/arm-none-eabi/10.2.0/../../../../arm-none-eabi/lib\libstdc++.a(new_op.o) (__cxa_allocate_exception)
c:/devkitpro/devkitarm/bin/../lib/gcc/arm-none-eabi/10.2.0/../../../../arm-none-eabi/lib\libstdc++.a(eh_exception.o)
                              c:/devkitpro/devkitarm/bin/../lib/gcc/arm-none-eabi/10.2.0/../../../../arm-none-eabi/lib\libstdc++.a(bad_alloc.o) (std::exception::~exception())
[...]
Memory Configuration

Name             Origin             Length             Attributes
ewram            0x0000000002000000 0x0000000000380000
dtcm             0x0000000002ff0000 0x0000000000004000
vectors          0x0000000001000000 0x0000000000000100
itcm             0x0000000001000100 0x0000000000007f00
*default*        0x0000000000000000 0xffffffffffffffff

Linker script and memory map

                0x0000000002380000                __ewram_end = (ORIGIN (ewram) + LENGTH (ewram))
                0x0000000002380000                __eheap_end = (ORIGIN (ewram) + LENGTH (ewram))
                0x0000000002ff4000                __dtcm_top = (ORIGIN (dtcm) + LENGTH (dtcm))
                0x0000000002ff3ff8                __irq_flags = (__dtcm_top - 0x8)
                0x0000000002ff3ffc                __irq_vector = (__dtcm_top - 0x4)
                0x0000000002ff3f00                __sp_svc = (__dtcm_top - 0x100)
                0x0000000002ff3e00                __sp_irq = (__sp_svc - 0x100)
                0x0000000002ff3d00                __sp_usr = (__sp_irq - 0x100)

.secure         0x0000000002000000      0x800
 *(.secure)
 .secure        0x0000000002000000      0x800 C:/devkitPro/libnds/lib\libnds9.a(securearea.o)
                0x0000000002000000                __secure_area__

.crt0           0x0000000002000800      0x300
                0x0000000002000800                __text_start = .
 *(.crt0)
 .crt0          0x0000000002000800      0x300 c:/devkitpro/devkitarm/bin/../lib/gcc/arm-none-eabi/10.2.0/../../../../arm-none-eabi/lib/ds_arm9_crt0.o
                0x0000000002000800                _start
                0x0000000002000b00                . = ALIGN (0x4)

.plt
 *(.plt)

.init           0x0000000002000b00       0x18
 *(SORT_NONE(.init))
 .init          0x0000000002000b00        0xc c:/devkitpro/devkitarm/bin/../lib/gcc/arm-none-eabi/10.2.0/crti.o
                0x0000000002000b00                _init
 .init          0x0000000002000b0c        0xc c:/devkitpro/devkitarm/bin/../lib/gcc/arm-none-eabi/10.2.0/crtn.o

.text           0x0000000002000b18    0x18838
 *(EXCLUDE_FILE(*.twl* *.vectors* *.itcm*) .text)
 .text          0x0000000002000b18       0x98 audiostreamig.o
                0x0000000002000b18                CAUDIOSTREAMING::GetInstance()
                0x0000000002000b70                CAUDIOSTREAMING::CAUDIOSTREAMING()
                0x0000000002000b70                CAUDIOSTREAMING::CAUDIOSTREAMING()
                0x0000000002000ba0                CAUDIOSTREAMING::SetMusicVolume(unsigned short)
 .text          0x0000000002000bb0      0xbe8 gameclass.o
                0x0000000002000bb0                CGAME::LoadCarSprites()
                0x0000000002001158                CGAME::Run()
                0x0000000002001190                CGAME::Initialize()
                0x00000000020011a8                CGAME::UpdateCarsOnScreen(bool)
                0x00000000020016cc                CGAME::IncreaseDifficulty()
                0x000000000200171c                CGAME::DecreaseDifficulty()
                0x000000000200176c                CGAME::Destruct()
                0x0000000002001770                CGAME::DisableAllSprites()
 .text          0x0000000002001798      0x2b8 gameclass_effects.o
                0x0000000002001798                CGAME::StartFade(unsigned char, EFADE, unsigned long)
                0x00000000020017d4                CGAME::GetFadeMode(unsigned char)
                0x00000000020017e0                CGAME::IsFading(unsigned char)
                0x000000000200181c                CGAME::StartRotScale(unsigned char, unsigned long, short, unsigned short, unsigned short)
                0x0000000002001870                CGAME::IsRotScaling(unsigned char)
                0x00000000020018ac                CGAME::UpdateFading(unsigned char)
                0x000000000200197c                CGAME::UpdateRotScale(unsigned char)
 .text          0x0000000002001a50      0x3b4 gameclass_levelmanagement.o
                0x0000000002001a50                CGAME::LoadLevel(unsigned short)
                0x0000000002001cac                CGAME::UnloadLevel()
                0x0000000002001cd0                CGAME::StartLevel()
                0x0000000002001d24                CGAME::GetLevelCountForDifficulty(EDIFFICULTY)
                0x0000000002001d88                CGAME::GetLevel(EDIFFICULTY, unsigned short)
 .text          0x0000000002001e04      0x198 gameclass_state_management.o
                0x0000000002001e04                CGAME::Tick()
                0x0000000002001f18                CGAME::ChangeState(unsigned char)
 .text          0x0000000002001f9c       0xc8 gameclass_time.o
                0x0000000002001f9c                CGAME::TimerTick()
                0x0000000002001fb4                CGAME::GetTimerTicks()
                0x0000000002001fc4                CGAME::InitializeTime()
                0x0000000002001ff0                CGAME::GetCurrentLevelTime()
                0x0000000002002010                CGAME::ResetLevelTime()
                0x0000000002002020                CGAME::PauseLevelTime()
                0x0000000002002050                CGAME::ContinueLevelTime()
 .text          0x0000000002002064       0xf0 state_level_loading.o
                0x0000000002002064                CGAME::LevelLoading_EnterState()
                0x0000000002002088                CGAME::LevelLoading_Tick()
 .text          0x0000000002002154      0x294 state_level_paused.o
                0x0000000002002154                CGAME::LevelPaused_EnterState()
                0x00000000020022a4                CGAME::LevelPaused_Tick()
 .text          0x00000000020023e8     0x10b4 state_level_running.o
                0x00000000020023e8                CGAME::LevelRunning_EnterState()
                0x000000000200244c                CGAME::UpdateLevelStats()
                0x00000000020024fc                CGAME::SelectNextCarLeft()
                0x00000000020025c4                CGAME::SelectNextCarRight()
                0x000000000200268c                CGAME::SelectNextCarUp()
                0x0000000002002754                CGAME::SelectNextCarDown()
                0x000000000200281c                CGAME::GetOccupyingCar(unsigned char, unsigned char)
                0x00000000020028c0                CGAME::IsGameWon()
                0x00000000020028e8                CGAME::CanMoveLeft()
                0x0000000002002938                CGAME::CanMoveRight()
                0x00000000020029dc                CGAME::LevelRunning_Tick()
                0x00000000020033f4                CGAME::CanMoveUp()
                0x0000000002003444                CGAME::CanMoveDown()
 .text          0x000000000200349c      0x5b8 state_level_select.o
                0x000000000200349c                CGAME::LevelSelect_EnterState()
                0x00000000020034d0                CGAME::UpdateLevelSelectionInfo()
                0x0000000002003604                CGAME::LevelSelect_Tick()
 .text          0x0000000002003a54      0x15c state_level_won.o
                0x0000000002003a54                CGAME::LevelWon_EnterState()
                0x0000000002003b48                CGAME::LevelWon_Tick()
 .text          0x0000000002003bb0       0xd4 state_loading.o
                0x0000000002003bb0                CGAME::Loading_EnterState()
                0x0000000002003bf8                CGAME::Loading_Tick()
 .text          0x0000000002003c84      0x78c state_mainmenu.o
                0x0000000002003c84                CGAME::ShowMainMenuMusicVolume()
                0x0000000002003d08                CGAME::ShowMainMenuDifficulty()
                0x0000000002003d7c                CGAME::ShowMainMenuStart()
                0x0000000002003dcc                CGAME::ShowMainMenuSelector()
                0x0000000002003edc                CGAME::MainMenu_EnterState()
                0x000000000200403c                CGAME::MainMenu_Tick()
 .text          0x0000000002004410      0x998 textoverlay.o
                0x0000000002004410                CTEXTOVERLAY::RainbowVSyncHandler()
                0x0000000002004540                CTEXTOVERLAY::CTEXTOVERLAY(unsigned char)
                0x0000000002004540                CTEXTOVERLAY::CTEXTOVERLAY(unsigned char)
                0x00000000020045ac                CTEXTOVERLAY::Initialize()
                0x000000000200480c                CTEXTOVERLAY::Dispose()
                0x0000000002004810                CTEXTOVERLAY::EnableTextWindow(unsigned char, unsigned char, unsigned char, unsigned char)
                0x0000000002004860                CTEXTOVERLAY::DisableTextwindow()
                0x0000000002004884                CTEXTOVERLAY::Clear()
                0x00000000020048d4                CTEXTOVERLAY::SetChar(unsigned char, unsigned char, char, unsigned char)
                0x0000000002004920                CTEXTOVERLAY::SetBiColorChar(unsigned char, unsigned char, char, unsigned char, unsigned char)
                0x000000000200497c                CTEXTOVERLAY::SetText(unsigned char, unsigned char, char*, unsigned char)
                0x0000000002004a50                CTEXTOVERLAY::SetBiColorText(unsigned char, unsigned char, char*, unsigned char, unsigned char)
                0x0000000002004b30                CTEXTOVERLAY::SetBorder(unsigned char, unsigned char, unsigned char, unsigned char, unsigned char)
 .text          0x0000000002004da8      0x1f0 tilemap.o
                0x0000000002004da8                CTILEMAP::CTILEMAP(unsigned char, unsigned short const*, unsigned long, unsigned short const*, unsigned long, unsigned short const*, unsigned long)
                0x0000000002004da8                CTILEMAP::CTILEMAP(unsigned char, unsigned short const*, unsigned long, unsigned short const*, unsigned long, unsigned short const*, unsigned long)
                0x0000000002004ddc                CTILEMAP::Initialize()
                0x0000000002004f58                CTILEMAP::Dispose()
                0x0000000002004f5c                CTILEMAP::SetMap(unsigned long, unsigned long, unsigned char)
 .text          0x0000000002004f98      0x24c C:/devkitPro/libnds/lib\libmm9.a(mm_comms.o)
                0x0000000002004f98                mmSetupComms
                0x0000000002004fea                mmSendBank
                0x0000000002004ff4                mmLockChannels
                0x0000000002004ffa                mmUnlockChannels
                0x0000000002005000                mmStart
                0x000000000200500a                mmPause
                0x000000000200500e                mmResume
                0x0000000002005012                mmStop
                0x0000000002005016                mmPosition
                0x000000000200501a                mmJingle
                0x000000000200501e                mmSetModuleVolume
                0x0000000002005022                mmSetJingleVolume
                0x0000000002005026                mmSetModuleTempo
                0x000000000200502a                mmSetModulePitch
                0x000000000200502e                mmSetEffectsVolume
                0x0000000002005032                mmSelectMode
                0x0000000002005036                mmStreamBegin
                0x000000000200504a                mmStreamEnd
                0x00000000020050a0                mmEffect
                0x00000000020050c4                mmEffectVolume
                0x00000000020050c8                mmEffectPanning
                0x00000000020050cc                mmEffectRate
                0x00000000020050d6                mmEffectScaleRate
                0x00000000020050e0                mmEffectRelease
                0x00000000020050e6                mmEffectCancel
                0x00000000020050ec                mmEffectEx
                0x000000000200512a                mmEffectCancelAll
                0x000000000200512e                mmReverbEnable
                0x0000000002005132                mmReverbDisable
                0x0000000002005136                mmReverbConfigure
                0x0000000002005192                mmReverbStart
                0x0000000002005196                mmReverbStop
 .text          0x00000000020051e4      0x120 C:/devkitPro/libnds/lib\libmm9.a(mm_memory.o)
                0x00000000020051e4                mmLoad
                0x0000000002005234                mmUnload
                0x000000000200528c                mmLoadEffect
                0x00000000020052c4                mmUnloadEffect
 .text          0x0000000002005304      0x108 C:/devkitPro/libnds/lib\libmm9.a(mm_main9.o)
                0x0000000002005304                mmActive
                0x000000000200530a                mmSetEventHandler
                0x0000000002005310                mmInit
                0x000000000200533a                mmInitDefault
                0x0000000002005384                mmInitDefaultMem
                0x00000000020053a6                mmSuspendIRQ_t
                0x00000000020053c4                mmRestoreIRQ_t
 .text          0x000000000200540c      0x100 C:/devkitPro/libnds/lib\libmm9.a(mm_soundbank.o)
                0x000000000200540c                mmSoundBankInMemory
                0x0000000002005414                mmSoundBankInFiles
                0x0000000002005426                mmSetCustomSoundBankHandler
                0x0000000002005452                mmsHandleFileOp
 .text          0x000000000200550c       0x3c C:/devkitPro/libnds/lib\libmm9.a(mm_flusher.o)
                0x000000000200550c                mmFlushBank
 .text          0x0000000002005548      0x114 c:/devkitpro/devkitarm/bin/../lib/gcc/arm-none-eabi/10.2.0\libgcc.a(_udivsi3.o)
                0x0000000002005548                __aeabi_uidiv
                0x0000000002005548                __udivsi3
                0x000000000200563c                __aeabi_uidivmod
 .text          0x000000000200565c      0x148 c:/devkitpro/devkitarm/bin/../lib/gcc/arm-none-eabi/10.2.0\libgcc.a(_divsi3.o)
                0x000000000200565c                __divsi3
                0x000000000200565c                __aeabi_idiv
                0x0000000002005784                __aeabi_idivmod
 .text          0x00000000020057a4        0x4 c:/devkitpro/devkitarm/bin/../lib/gcc/arm-none-eabi/10.2.0\libgcc.a(_dvmd_tls.o)
                0x00000000020057a4                __aeabi_idiv0
                0x00000000020057a4                __aeabi_ldiv0
 .text          0x00000000020057a8      0x1b0 c:/devkitpro/devkitarm/bin/../lib/gcc/arm-none-eabi/10.2.0\libgcc.a(libunwind.o)
                0x00000000020057a8                __restore_core_regs
                0x00000000020057a8                restore_core_regs
                0x00000000020057c4                __gnu_Unwind_Restore_VFP
                0x00000000020057cc                __gnu_Unwind_Save_VFP
                0x00000000020057d4                __gnu_Unwind_Restore_VFP_D
                0x00000000020057dc                __gnu_Unwind_Save_VFP_D
                0x00000000020057e4                __gnu_Unwind_Restore_VFP_D_16_to_31
                0x00000000020057ec                __gnu_Unwind_Save_VFP_D_16_to_31
                0x00000000020057f4                __gnu_Unwind_Restore_WMMXD
                0x0000000002005838                __gnu_Unwind_Save_WMMXD
                0x000000000200587c                __gnu_Unwind_Restore_WMMXC
                0x0000000002005890                __gnu_Unwind_Save_WMMXC
                0x00000000020058a4                ___Unwind_RaiseException
                0x00000000020058a4                _Unwind_RaiseException
                0x00000000020058c8                _Unwind_Resume
                0x00000000020058c8                ___Unwind_Resume
                0x00000000020058ec                _Unwind_Resume_or_Rethrow
                0x00000000020058ec                ___Unwind_Resume_or_Rethrow
                0x0000000002005910                _Unwind_ForcedUnwind
                0x0000000002005910                ___Unwind_ForcedUnwind
                0x0000000002005934                ___Unwind_Backtrace
                0x0000000002005934                _Unwind_Backtrace
 .text          0x0000000002005958      0x224 c:/devkitpro/devkitarm/bin/../lib/gcc/arm-none-eabi/10.2.0/../../../../arm-none-eabi/lib\libg.a(lib_a-strcmp.o)
                0x0000000002005958                strcmp
 .text          0x0000000002005b7c      0x424 c:/devkitpro/devkitarm/bin/../lib/gcc/arm-none-eabi/10.2.0\libgcc.a(_arm_addsubdf3.o)
                0x0000000002005b7c                __aeabi_drsub
                0x0000000002005b84                __aeabi_dsub
                0x0000000002005b84                __subdf3
                0x0000000002005b88                __aeabi_dadd
                0x0000000002005b88                __adddf3
                0x0000000002005e98                __floatunsidf
                0x0000000002005e98                __aeabi_ui2d
                0x0000000002005ebc                __floatsidf
                0x0000000002005ebc                __aeabi_i2d
                0x0000000002005ee4                __aeabi_f2d
                0x0000000002005ee4                __extendsfdf2
                0x0000000002005f2c                __floatundidf
                0x0000000002005f2c                __aeabi_ul2d
                0x0000000002005f40                __floatdidf
                0x0000000002005f40                __aeabi_l2d
 .text          0x0000000002005fa0      0x49c c:/devkitpro/devkitarm/bin/../lib/gcc/arm-none-eabi/10.2.0\libgcc.a(_arm_muldivdf3.o)
                0x0000000002005fa0                __aeabi_dmul
                0x0000000002005fa0                __muldf3
                0x0000000002006230                __divdf3
                0x0000000002006230                __aeabi_ddiv
 .text          0x000000000200643c      0x144 c:/devkitpro/devkitarm/bin/../lib/gcc/arm-none-eabi/10.2.0\libgcc.a(_arm_cmpdf2.o)
                0x000000000200643c                __gtdf2
                0x000000000200643c                __gedf2
                0x0000000002006444                __ltdf2
                0x0000000002006444                __ledf2
                0x000000000200644c                __nedf2
                0x000000000200644c                __eqdf2
                0x000000000200644c                __cmpdf2
                0x00000000020064d4                __aeabi_cdrcmple
                0x00000000020064f0                __aeabi_cdcmpeq
                0x00000000020064f0                __aeabi_cdcmple
                0x0000000002006508                __aeabi_dcmpeq
                0x0000000002006520                __aeabi_dcmplt
                0x0000000002006538                __aeabi_dcmple
                0x0000000002006550                __aeabi_dcmpge
                0x0000000002006568                __aeabi_dcmpgt
 .text          0x0000000002006580       0x38 c:/devkitpro/devkitarm/bin/../lib/gcc/arm-none-eabi/10.2.0\libgcc.a(_arm_unorddf2.o)
                0x0000000002006580                __unorddf2
                0x0000000002006580                __aeabi_dcmpun
 .text          0x00000000020065b8       0x5c c:/devkitpro/devkitarm/bin/../lib/gcc/arm-none-eabi/10.2.0\libgcc.a(_arm_fixdfsi.o)
                0x00000000020065b8                __aeabi_d2iz
                0x00000000020065b8                __fixdfsi
 .text          0x0000000002006614       0x3c c:/devkitpro/devkitarm/bin/../lib/gcc/arm-none-eabi/10.2.0\libgcc.a(_aeabi_uldivmod.o)
                0x0000000002006614                __aeabi_uldivmod
 .text          0x0000000002006650       0x28 c:/devkitpro/devkitarm/bin/../lib/gcc/arm-none-eabi/10.2.0\libgcc.a(_clzdi2.o)
                0x0000000002006650                __clzdi2
 .text          0x0000000002006678       0x48 c:/devkitpro/devkitarm/bin/../lib/gcc/arm-none-eabi/10.2.0\libgcc.a(_clzsi2.o)
                0x0000000002006678                __clzsi2
 *(EXCLUDE_FILE(*.twl* *.vectors* *.itcm*) .stub)
 *(EXCLUDE_FILE(*.twl* *.vectors* *.itcm*) .text.*)
 .text.__do_global_dtors_aux
                0x00000000020066c0       0x40 c:/devkitpro/devkitarm/bin/../lib/gcc/arm-none-eabi/10.2.0/crtbegin.o
 .text.frame_dummy
                0x0000000002006700       0x30 c:/devkitpro/devkitarm/bin/../lib/gcc/arm-none-eabi/10.2.0/crtbegin.o
 .text.startup  0x0000000002006730       0x60 main.o
                0x0000000002006730                main
 .text.touchRead
                0x0000000002006790       0x24 C:/devkitPro/libnds/lib\libnds9.a(touch.o)
                0x0000000002006790                touchRead
 .text.oamAllocReset
                0x00000000020067b4       0x1c C:/devkitPro/libnds/lib\libnds9.a(sprite_alloc.o)
                0x00000000020067b4                oamAllocReset
 .text.oamAllocateGfx
                0x00000000020067d0      0x510 C:/devkitPro/libnds/lib\libnds9.a(sprite_alloc.o)
                0x00000000020067d0                oamAllocateGfx
 .text.sinLutLookup
                0x0000000002006ce0       0x38 C:/devkitPro/libnds/lib\libnds9.a(trig.o)
                0x0000000002006ce0                sinLutLookup
 .text.sinLerp  0x0000000002006d18       0x40 C:/devkitPro/libnds/lib\libnds9.a(trig.o)
                0x0000000002006d18                sinLerp
 .text.cosLerp  0x0000000002006d58       0x4c C:/devkitPro/libnds/lib\libnds9.a(trig.o)
                0x0000000002006d58                cosLerp
 .text.oamInit  0x0000000002006da4      0x118 C:/devkitPro/libnds/lib\libnds9.a(sprite.o)
                0x0000000002006da4                oamInit
 .text.oamGetGfxPtr
                0x0000000002006ebc       0x38 C:/devkitPro/libnds/lib\libnds9.a(sprite.o)
                0x0000000002006ebc                oamGetGfxPtr
 .text.oamGfxPtrToOffset
                0x0000000002006ef4       0x34 C:/devkitPro/libnds/lib\libnds9.a(sprite.o)
                0x0000000002006ef4                oamGfxPtrToOffset
 .text.oamSet   0x0000000002006f28      0x11c C:/devkitPro/libnds/lib\libnds9.a(sprite.o)
                0x0000000002006f28                oamSet
 .text.oamUpdate
                0x0000000002007044       0x60 C:/devkitPro/libnds/lib\libnds9.a(sprite.o)
                0x0000000002007044                oamUpdate
 .text.oamRotateScale
                0x00000000020070a4       0x4c C:/devkitPro/libnds/lib\libnds9.a(sprite.o)
                0x00000000020070a4                oamRotateScale
 .text.scanKeys
                0x00000000020070f0       0x8c C:/devkitPro/libnds/lib\libnds9.a(keys.o)
                0x00000000020070f0                scanKeys
 .text.keysHeld
                0x000000000200717c        0xc C:/devkitPro/libnds/lib\libnds9.a(keys.o)
                0x000000000200717c                keysHeld
 .text.keysDown
                0x0000000002007188       0x14 C:/devkitPro/libnds/lib\libnds9.a(keys.o)
                0x0000000002007188                keysDown
 .text.initSystem
                0x000000000200719c      0x198 C:/devkitPro/libnds/lib\libnds9.a(initSystem.o)
                0x000000000200719c                initSystem
 .text.__libnds_gtod
                0x0000000002007334       0x28 C:/devkitPro/libnds/lib\libnds9.a(timeSupport.o)
                0x0000000002007334                __libnds_gtod
 .text.timerStart
                0x000000000200735c       0x40 C:/devkitPro/libnds/lib\libnds9.a(timers.o)
                0x000000000200735c                timerStart
 .text.irqDummy
                0x000000000200739c        0x4 C:/devkitPro/libnds/lib\libnds9.a(interrupts.o)
                0x000000000200739c                irqDummy
 .text.irqSet   0x00000000020073a0       0x6c C:/devkitPro/libnds/lib\libnds9.a(interrupts.o)
                0x00000000020073a0                irqSet
 .text.irqInit  0x000000000200740c       0x50 C:/devkitPro/libnds/lib\libnds9.a(interrupts.o)
                0x000000000200740c                irqInit
 .text.irqEnable
                0x000000000200745c       0x64 C:/devkitPro/libnds/lib\libnds9.a(interrupts.o)
                0x000000000200745c                irqEnable
 .text.systemErrorExit
                0x00000000020074c0        0x4 C:/devkitPro/libnds/lib\libnds9.a(libnds_exit.arm.o)
                0x00000000020074c0                systemErrorExit
 .text.__libnds_exit
                0x00000000020074c4       0x5c C:/devkitPro/libnds/lib\libnds9.a(libnds_exit.arm.o)
                0x00000000020074c4                __libnds_exit
 .text.fifo_queueBlock
                0x0000000002007520       0x44 C:/devkitPro/libnds/lib\libnds9.a(fifosystem.o)
 .text.fifo_waitBlock
                0x0000000002007564       0x80 C:/devkitPro/libnds/lib\libnds9.a(fifosystem.o)
 .text.fifoInternalSend.part.0
                0x00000000020075e4       0xd4 C:/devkitPro/libnds/lib\libnds9.a(fifosystem.o)
 .text.fifoInternalSendInterrupt
                0x00000000020076b8       0xa8 C:/devkitPro/libnds/lib\libnds9.a(fifosystem.o)
 .text.fifoSetValue32Handler
                0x0000000002007760       0xd8 C:/devkitPro/libnds/lib\libnds9.a(fifosystem.o)
                0x0000000002007760                fifoSetValue32Handler
 .text.fifoSendValue32
                0x0000000002007838       0x4c C:/devkitPro/libnds/lib\libnds9.a(fifosystem.o)
                0x0000000002007838                fifoSendValue32
 .text.fifoSendDatamsg
                0x0000000002007884       0x90 C:/devkitPro/libnds/lib\libnds9.a(fifosystem.o)
                0x0000000002007884                fifoSendDatamsg
 .text.fifoGetDatamsg
                0x0000000002007914       0xf4 C:/devkitPro/libnds/lib\libnds9.a(fifosystem.o)
                0x0000000002007914                fifoGetDatamsg
 .text.fifoInternalRecvInterrupt
                0x0000000002007a08      0x380 C:/devkitPro/libnds/lib\libnds9.a(fifosystem.o)
 .text.fifoSetDatamsgHandler
                0x0000000002007d88       0x9c C:/devkitPro/libnds/lib\libnds9.a(fifosystem.o)
                0x0000000002007d88                fifoSetDatamsgHandler
 .text.fifoInit
                0x0000000002007e24       0xf8 C:/devkitPro/libnds/lib\libnds9.a(fifosystem.o)
                0x0000000002007e24                fifoInit
 .text.DC_FlushRange
                0x0000000002007f1c       0x24 C:/devkitPro/libnds/lib\libnds9.a(dcache.o)
                0x0000000002007f1c                DC_FlushRange
 .text.__libnds_mpu_setup
                0x0000000002007f40      0x174 C:/devkitPro/libnds/lib\libnds9.a(mpu_setup.o)
                0x0000000002007f40                __libnds_mpu_setup
 .text.memUncached
                0x00000000020080b4       0x20 C:/devkitPro/libnds/lib\libnds9.a(mpu_setup.o)
                0x00000000020080b4                memUncached
 .text.swiWaitForVBlank
                0x00000000020080d4        0x8 C:/devkitPro/libnds/lib\libnds9.a(IntrWait.o)
                0x00000000020080d4                swiWaitForVBlank
 .text.swiIntrWait
                0x00000000020080dc       0x70 C:/devkitPro/libnds/lib\libnds9.a(IntrWait.o)
                0x00000000020080dc                swiIntrWait
 .text.setCpuClock
                0x000000000200814c       0x50 C:/devkitPro/libnds/lib\libnds9.a(cpu_clock.o)
                0x000000000200814c                setCpuClock
 .text.swiSoftReset
                0x000000000200819c       0x2c C:/devkitPro/libnds/lib\libnds9.a(swiSoftReset.o)
                0x000000000200819c                swiSoftReset
 .text.vramDefault
                0x00000000020081c8       0xd0 C:/devkitPro/libnds/lib\libnds9.a(video.o)
                0x00000000020081c8                vramDefault
 .text.systemValueHandler
                0x0000000002008298       0x48 C:/devkitPro/libnds/lib\libnds9.a(system.o)
                0x0000000002008298                systemValueHandler
 .text.systemMsgHandler
                0x00000000020082e0       0x60 C:/devkitPro/libnds/lib\libnds9.a(system.o)
                0x00000000020082e0                systemMsgHandler
 .text.powerOn  0x0000000002008340       0x2c C:/devkitPro/libnds/lib\libnds9.a(system.o)
                0x0000000002008340                powerOn
 .text.swiDelay
                0x000000000200836c        0x4 C:/devkitPro/libnds/lib\libnds9.a(biosCalls.o)
                0x000000000200836c                swiDelay
 .text._Znwj    0x0000000002008370       0x68 c:/devkitpro/devkitarm/bin/../lib/gcc/arm-none-eabi/10.2.0/../../../../arm-none-eabi/lib\libstdc++.a(new_op.o)
                0x0000000002008370                operator new(unsigned int)
 .text._ZNKSt9bad_alloc4whatEv
                0x00000000020083d8        0xc c:/devkitpro/devkitarm/bin/../lib/gcc/arm-none-eabi/10.2.0/../../../../arm-none-eabi/lib\libstdc++.a(bad_alloc.o)
                0x00000000020083d8                std::bad_alloc::what() const
 .text._ZNSt9bad_allocD2Ev
                0x00000000020083e4       0x24 c:/devkitpro/devkitarm/bin/../lib/gcc/arm-none-eabi/10.2.0/../../../../arm-none-eabi/lib\libstdc++.a(bad_alloc.o)
                0x00000000020083e4                std::bad_alloc::~bad_alloc()
                0x00000000020083e4                std::bad_alloc::~bad_alloc()
 .text._ZNSt9bad_allocD0Ev
                0x0000000002008408       0x30 c:/devkitpro/devkitarm/bin/../lib/gcc/arm-none-eabi/10.2.0/../../../../arm-none-eabi/lib\libstdc++.a(bad_alloc.o)
                0x0000000002008408                std::bad_alloc::~bad_alloc()
 .text._ZdlPvj  0x0000000002008438       0x10 c:/devkitpro/devkitarm/bin/../lib/gcc/arm-none-eabi/10.2.0/../../../../arm-none-eabi/lib\libstdc++.a(del_ops.o)
                0x0000000002008438                operator delete(void*, unsigned int)
 .text._ZN12_GLOBAL__N_14pool4freeEPv.constprop.0
                0x0000000002008448       0xdc c:/devkitpro/devkitarm/bin/../lib/gcc/arm-none-eabi/10.2.0/../../../../arm-none-eabi/lib\libstdc++.a(eh_alloc.o)
 .text._ZN12_GLOBAL__N_14pool8allocateEj.constprop.0
                0x0000000002008524       0xac c:/devkitpro/devkitarm/bin/../lib/gcc/arm-none-eabi/10.2.0/../../../../arm-none-eabi/lib\libstdc++.a(eh_alloc.o)
 .text.__cxa_allocate_exception
                0x00000000020085d0       0x48 c:/devkitpro/devkitarm/bin/../lib/gcc/arm-none-eabi/10.2.0/../../../../arm-none-eabi/lib\libstdc++.a(eh_alloc.o)
                0x00000000020085d0                __cxa_allocate_exception
 .text.__cxa_free_exception
                0x0000000002008618       0x38 c:/devkitpro/devkitarm/bin/../lib/gcc/arm-none-eabi/10.2.0/../../../../arm-none-eabi/lib\libstdc++.a(eh_alloc.o)
                0x0000000002008618                __cxa_free_exception
 .text.startup._GLOBAL__sub_I__ZN9__gnu_cxx9__freeresEv
                0x0000000002008650       0x44 c:/devkitpro/devkitarm/bin/../lib/gcc/arm-none-eabi/10.2.0/../../../../arm-none-eabi/lib\libstdc++.a(eh_alloc.o)
 .text._ZNSt9exceptionD2Ev
                0x0000000002008694        0x4 c:/devkitpro/devkitarm/bin/../lib/gcc/arm-none-eabi/10.2.0/../../../../arm-none-eabi/lib\libstdc++.a(eh_exception.o)
                0x0000000002008694                std::exception::~exception()
                0x0000000002008694                std::exception::~exception()
 .text._ZNSt13bad_exceptionD2Ev
                0x0000000002008698        0x4 c:/devkitpro/devkitarm/bin/../lib/gcc/arm-none-eabi/10.2.0/../../../../arm-none-eabi/lib\libstdc++.a(eh_exception.o)
                0x0000000002008698                std::bad_exception::~bad_exception()
                0x0000000002008698                std::bad_exception::~bad_exception()
 .text._ZNKSt13bad_exception4whatEv
                0x000000000200869c        0xc c:/devkitpro/devkitarm/bin/../lib/gcc/arm-none-eabi/10.2.0/../../../../arm-none-eabi/lib\libstdc++.a(eh_exception.o)
                0x000000000200869c                std::bad_exception::what() const
                0x000000000200869c                transaction clone for std::bad_exception::what() const
 .text._ZNSt13bad_exceptionD0Ev
                0x00000000020086a8       0x1c c:/devkitpro/devkitarm/bin/../lib/gcc/arm-none-eabi/10.2.0/../../../../arm-none-eabi/lib\libstdc++.a(eh_exception.o)
                0x00000000020086a8                std::bad_exception::~bad_exception()
 .text._ZN10__cxxabiv111__terminateEPFvvE
                0x00000000020086c4       0x34 c:/devkitpro/devkitarm/bin/../lib/gcc/arm-none-eabi/10.2.0/../../../../arm-none-eabi/lib\libstdc++.a(eh_terminate.o)
                0x00000000020086c4                __cxxabiv1::__terminate(void (*)())
 .text._ZSt9terminatev
                0x00000000020086f8       0x14 c:/devkitpro/devkitarm/bin/../lib/gcc/arm-none-eabi/10.2.0/../../../../arm-none-eabi/lib\libstdc++.a(eh_terminate.o)
                0x00000000020086f8                std::terminate()
 .text._ZN10__cxxabiv112__unexpectedEPFvvE
                0x000000000200870c       0x10 c:/devkitpro/devkitarm/bin/../lib/gcc/arm-none-eabi/10.2.0/../../../../arm-none-eabi/lib\libstdc++.a(eh_terminate.o)
                0x000000000200870c                __cxxabiv1::__unexpected(void (*)())
 .text._ZSt10unexpectedv
                0x000000000200871c       0x14 c:/devkitpro/devkitarm/bin/../lib/gcc/arm-none-eabi/10.2.0/../../../../arm-none-eabi/lib\libstdc++.a(eh_terminate.o)
                0x000000000200871c                std::unexpected()
 .text._ZSt13get_terminatev
                0x0000000002008730       0x10 c:/devkitpro/devkitarm/bin/../lib/gcc/arm-none-eabi/10.2.0/../../../../arm-none-eabi/lib\libstdc++.a(eh_terminate.o)
                0x0000000002008730                std::get_terminate()
 .text._ZSt14get_unexpectedv
                0x0000000002008740       0x10 c:/devkitpro/devkitarm/bin/../lib/gcc/arm-none-eabi/10.2.0/../../../../arm-none-eabi/lib\libstdc++.a(eh_terminate.o)
                0x0000000002008740                std::get_unexpected()
 .text._ZL23__gxx_exception_cleanup19_Unwind_Reason_CodeP21_Unwind_Control_Block
                0x0000000002008750       0x58 c:/devkitpro/devkitarm/bin/../lib/gcc/arm-none-eabi/10.2.0/../../../../arm-none-eabi/lib\libstdc++.a(eh_throw.o)
 .text.__cxa_init_primary_exception
                0x00000000020087a8       0x74 c:/devkitpro/devkitarm/bin/../lib/gcc/arm-none-eabi/10.2.0/../../../../arm-none-eabi/lib\libstdc++.a(eh_throw.o)
                0x00000000020087a8                __cxa_init_primary_exception
 .text.__cxa_throw
                0x000000000200881c       0x54 c:/devkitpro/devkitarm/bin/../lib/gcc/arm-none-eabi/10.2.0/../../../../arm-none-eabi/lib\libstdc++.a(eh_throw.o)
                0x000000000200881c                __cxa_throw
 .text.__cxa_rethrow
                0x0000000002008870       0xb0 c:/devkitpro/devkitarm/bin/../lib/gcc/arm-none-eabi/10.2.0/../../../../arm-none-eabi/lib\libstdc++.a(eh_throw.o)
                0x0000000002008870                __cxa_rethrow
 .text._ZSt15get_new_handlerv
                0x0000000002008920       0x10 c:/devkitpro/devkitarm/bin/../lib/gcc/arm-none-eabi/10.2.0/../../../../arm-none-eabi/lib\libstdc++.a(new_handler.o)
                0x0000000002008920                std::get_new_handler()
 .text._ZN10__cxxabiv120__si_class_type_infoD2Ev
                0x0000000002008930       0x24 c:/devkitpro/devkitarm/bin/../lib/gcc/arm-none-eabi/10.2.0/../../../../arm-none-eabi/lib\libstdc++.a(si_class_type_info.o)
                0x0000000002008930                __cxxabiv1::__si_class_type_info::~__si_class_type_info()
                0x0000000002008930                __cxxabiv1::__si_class_type_info::~__si_class_type_info()
 .text._ZN10__cxxabiv120__si_class_type_infoD0Ev
                0x0000000002008954       0x30 c:/devkitpro/devkitarm/bin/../lib/gcc/arm-none-eabi/10.2.0/../../../../arm-none-eabi/lib\libstdc++.a(si_class_type_info.o)
                0x0000000002008954                __cxxabiv1::__si_class_type_info::~__si_class_type_info()
 .text._ZNK10__cxxabiv120__si_class_type_info20__do_find_public_srcEiPKvPKNS_17__class_type_infoES2_
                0x0000000002008984       0x70 c:/devkitpro/devkitarm/bin/../lib/gcc/arm-none-eabi/10.2.0/../../../../arm-none-eabi/lib\libstdc++.a(si_class_type_info.o)
                0x0000000002008984                __cxxabiv1::__si_class_type_info::__do_find_public_src(int, void const*, __cxxabiv1::__class_type_info const*, void const*) const
 .text._ZNK10__cxxabiv120__si_class_type_info12__do_dyncastEiNS_17__class_type_info10__sub_kindEPKS1_PKvS4_S6_RNS1_16__dyncast_resultE
                0x00000000020089f4       0xe4 c:/devkitpro/devkitarm/bin/../lib/gcc/arm-none-eabi/10.2.0/../../../../arm-none-eabi/lib\libstdc++.a(si_class_type_info.o)
                0x00000000020089f4                __cxxabiv1::__si_class_type_info::__do_dyncast(int, __cxxabiv1::__class_type_info::__sub_kind, __cxxabiv1::__class_type_info const*, void const*, __cxxabiv1::__class_type_info const*, void const*, __cxxabiv1::__class_type_info::__dyncast_result&) const
 .text._ZNK10__cxxabiv120__si_class_type_info11__do_upcastEPKNS_17__class_type_infoEPKvRNS1_15__upcast_resultE
                0x0000000002008ad8       0x4c c:/devkitpro/devkitarm/bin/../lib/gcc/arm-none-eabi/10.2.0/../../../../arm-none-eabi/lib\libstdc++.a(si_class_type_info.o)
                0x0000000002008ad8                __cxxabiv1::__si_class_type_info::__do_upcast(__cxxabiv1::__class_type_info const*, void const*, __cxxabiv1::__class_type_info::__upcast_result&) const
 .text._ZNSt9type_infoD2Ev
                0x0000000002008b24        0x4 c:/devkitpro/devkitarm/bin/../lib/gcc/arm-none-eabi/10.2.0/../../../../arm-none-eabi/lib\libstdc++.a(tinfo.o)
                0x0000000002008b24                std::type_info::~type_info()
                0x0000000002008b24                std::type_info::~type_info()
 .text._ZNKSt9type_info14__is_pointer_pEv
                0x0000000002008b28        0x8 c:/devkitpro/devkitarm/bin/../lib/gcc/arm-none-eabi/10.2.0/../../../../arm-none-eabi/lib\libstdc++.a(tinfo.o)
                0x0000000002008b28                std::type_info::__is_pointer_p() const
                0x0000000002008b28                std::type_info::__is_function_p() const
 .text._ZNKSt9type_infoeqERKS_
                0x0000000002008b30       0x50 c:/devkitpro/devkitarm/bin/../lib/gcc/arm-none-eabi/10.2.0/../../../../arm-none-eabi/lib\libstdc++.a(tinfo.o)
                0x0000000002008b30                std::type_info::operator==(std::type_info const&) const
 .text._ZNK10__cxxabiv117__class_type_info11__do_upcastEPKS0_PPv
                0x0000000002008b80       0x64 c:/devkitpro/devkitarm/bin/../lib/gcc/arm-none-eabi/10.2.0/../../../../arm-none-eabi/lib\libstdc++.a(class_type_info.o)
                0x0000000002008b80                __cxxabiv1::__class_type_info::__do_upcast(__cxxabiv1::__class_type_info const*, void**) const
 .text._ZNK10__cxxabiv117__class_type_info20__do_find_public_srcEiPKvPKS0_S2_
                0x0000000002008be4       0x14 c:/devkitpro/devkitarm/bin/../lib/gcc/arm-none-eabi/10.2.0/../../../../arm-none-eabi/lib\libstdc++.a(class_type_info.o)
                0x0000000002008be4                __cxxabiv1::__class_type_info::__do_find_public_src(int, void const*, __cxxabiv1::__class_type_info const*, void const*) const
 .text._ZN10__cxxabiv117__class_type_infoD2Ev
                0x0000000002008bf8       0x24 c:/devkitpro/devkitarm/bin/../lib/gcc/arm-none-eabi/10.2.0/../../../../arm-none-eabi/lib\libstdc++.a(class_type_info.o)
                0x0000000002008bf8                __cxxabiv1::__class_type_info::~__class_type_info()
                0x0000000002008bf8                __cxxabiv1::__class_type_info::~__class_type_info()
 .text._ZN10__cxxabiv117__class_type_infoD0Ev
                0x0000000002008c1c       0x30 c:/devkitpro/devkitarm/bin/../lib/gcc/arm-none-eabi/10.2.0/../../../../arm-none-eabi/lib\libstdc++.a(class_type_info.o)
                0x0000000002008c1c                __cxxabiv1::__class_type_info::~__class_type_info()
 .text._ZNK10__cxxabiv117__class_type_info12__do_dyncastEiNS0_10__sub_kindEPKS0_PKvS3_S5_RNS0_16__dyncast_resultE
                0x0000000002008c4c       0x70 c:/devkitpro/devkitarm/bin/../lib/gcc/arm-none-eabi/10.2.0/../../../../arm-none-eabi/lib\libstdc++.a(class_type_info.o)
                0x0000000002008c4c                __cxxabiv1::__class_type_info::__do_dyncast(int, __cxxabiv1::__class_type_info::__sub_kind, __cxxabiv1::__class_type_info const*, void const*, __cxxabiv1::__class_type_info const*, void const*, __cxxabiv1::__class_type_info::__dyncast_result&) const
 .text._ZNK10__cxxabiv117__class_type_info11__do_upcastEPKS0_PKvRNS0_15__upcast_resultE
                0x0000000002008cbc       0x30 c:/devkitpro/devkitarm/bin/../lib/gcc/arm-none-eabi/10.2.0/../../../../arm-none-eabi/lib\libstdc++.a(class_type_info.o)
                0x0000000002008cbc                __cxxabiv1::__class_type_info::__do_upcast(__cxxabiv1::__class_type_info const*, void const*, __cxxabiv1::__class_type_info::__upcast_result&) const
 .text._ZNK10__cxxabiv117__class_type_info10__do_catchEPKSt9type_infoPPvj
                0x0000000002008cec       0x4c c:/devkitpro/devkitarm/bin/../lib/gcc/arm-none-eabi/10.2.0/../../../../arm-none-eabi/lib\libstdc++.a(class_type_info.o)
                0x0000000002008cec                __cxxabiv1::__class_type_info::__do_catch(std::type_info const*, void**, unsigned int) const
 .text._ZdlPv   0x0000000002008d38       0x10 c:/devkitpro/devkitarm/bin/../lib/gcc/arm-none-eabi/10.2.0/../../../../arm-none-eabi/lib\libstdc++.a(del_op.o)
                0x0000000002008d38                operator delete(void*)
 .text.__cxa_end_cleanup
                0x0000000002008d48       0x10 c:/devkitpro/devkitarm/bin/../lib/gcc/arm-none-eabi/10.2.0/../../../../arm-none-eabi/lib\libstdc++.a(eh_arm.o)
                0x0000000002008d48                __cxa_end_cleanup
 .text.__cxa_type_match
                0x0000000002008d58      0x144 c:/devkitpro/devkitarm/bin/../lib/gcc/arm-none-eabi/10.2.0/../../../../arm-none-eabi/lib\libstdc++.a(eh_arm.o)
                0x0000000002008d58                __cxa_type_match
 .text.__cxa_begin_cleanup
                0x0000000002008e9c       0xbc c:/devkitpro/devkitarm/bin/../lib/gcc/arm-none-eabi/10.2.0/../../../../arm-none-eabi/lib\libstdc++.a(eh_arm.o)
                0x0000000002008e9c                __cxa_begin_cleanup
 .text.__gnu_end_cleanup
                0x0000000002008f58       0xbc c:/devkitpro/devkitarm/bin/../lib/gcc/arm-none-eabi/10.2.0/../../../../arm-none-eabi/lib\libstdc++.a(eh_arm.o)
                0x0000000002008f58                __gnu_end_cleanup
 .text._ZN10__cxxabiv1L24__is_gxx_exception_classEPc
                0x0000000002009014       0x70 c:/devkitpro/devkitarm/bin/../lib/gcc/arm-none-eabi/10.2.0/../../../../arm-none-eabi/lib\libstdc++.a(eh_call.o)
 .text.__cxa_call_terminate
                0x0000000002009084       0x2c c:/devkitpro/devkitarm/bin/../lib/gcc/arm-none-eabi/10.2.0/../../../../arm-none-eabi/lib\libstdc++.a(eh_call.o)
                0x0000000002009084                __cxa_call_terminate
 .text.unlikely.__cxa_call_unexpected
                0x00000000020090b0      0x14c c:/devkitpro/devkitarm/bin/../lib/gcc/arm-none-eabi/10.2.0/../../../../arm-none-eabi/lib\libstdc++.a(eh_call.o)
                0x00000000020090b0                __cxa_call_unexpected
 .text.__cxa_begin_catch
                0x00000000020091fc       0xd4 c:/devkitpro/devkitarm/bin/../lib/gcc/arm-none-eabi/10.2.0/../../../../arm-none-eabi/lib\libstdc++.a(eh_catch.o)
                0x00000000020091fc                __cxa_begin_catch
 .text.__cxa_end_catch
                0x00000000020092d0       0xe0 c:/devkitpro/devkitarm/bin/../lib/gcc/arm-none-eabi/10.2.0/../../../../arm-none-eabi/lib\libstdc++.a(eh_catch.o)
                0x00000000020092d0                __cxa_end_catch
 .text.__cxa_get_globals_fast
                0x00000000020093b0        0xc c:/devkitpro/devkitarm/bin/../lib/gcc/arm-none-eabi/10.2.0/../../../../arm-none-eabi/lib\libstdc++.a(eh_globals.o)
                0x00000000020093b0                __cxa_get_globals_fast
 .text.__cxa_get_globals
                0x00000000020093bc        0xc c:/devkitpro/devkitarm/bin/../lib/gcc/arm-none-eabi/10.2.0/../../../../arm-none-eabi/lib\libstdc++.a(eh_globals.o)
                0x00000000020093bc                __cxa_get_globals
 .text._ZL28read_encoded_value_with_basehjPKhPj
                0x00000000020093c8      0x174 c:/devkitpro/devkitarm/bin/../lib/gcc/arm-none-eabi/10.2.0/../../../../arm-none-eabi/lib\libstdc++.a(eh_personality.o)
 .text._ZL21base_of_encoded_valuehP15_Unwind_Context
                0x000000000200953c       0x80 c:/devkitpro/devkitarm/bin/../lib/gcc/arm-none-eabi/10.2.0/../../../../arm-none-eabi/lib\libstdc++.a(eh_personality.o)
 .text._ZL17parse_lsda_headerP15_Unwind_ContextPKhP16lsda_header_info
                0x00000000020095bc       0xd8 c:/devkitpro/devkitarm/bin/../lib/gcc/arm-none-eabi/10.2.0/../../../../arm-none-eabi/lib\libstdc++.a(eh_personality.o)
 .text.__gxx_personality_v0
                0x0000000002009694      0x6fc c:/devkitpro/devkitarm/bin/../lib/gcc/arm-none-eabi/10.2.0/../../../../arm-none-eabi/lib\libstdc++.a(eh_personality.o)
                0x0000000002009694                __gxx_personality_v0
 .text.selfrel_offset31
                0x0000000002009d90       0x18 c:/devkitpro/devkitarm/bin/../lib/gcc/arm-none-eabi/10.2.0\libgcc.a(unwind-arm.o)
 .text.search_EIT_table
                0x0000000002009da8       0x98 c:/devkitpro/devkitarm/bin/../lib/gcc/arm-none-eabi/10.2.0\libgcc.a(unwind-arm.o)
 .text.__gnu_unwind_get_pr_addr
                0x0000000002009e40       0x40 c:/devkitpro/devkitarm/bin/../lib/gcc/arm-none-eabi/10.2.0\libgcc.a(unwind-arm.o)
 .text.get_eit_entry
                0x0000000002009e80      0x124 c:/devkitpro/devkitarm/bin/../lib/gcc/arm-none-eabi/10.2.0\libgcc.a(unwind-arm.o)
 .text.restore_non_core_regs
                0x0000000002009fa4       0x90 c:/devkitpro/devkitarm/bin/../lib/gcc/arm-none-eabi/10.2.0\libgcc.a(unwind-arm.o)
 .text._Unwind_decode_typeinfo_ptr.constprop.0
                0x000000000200a034       0x14 c:/devkitpro/devkitarm/bin/../lib/gcc/arm-none-eabi/10.2.0\libgcc.a(unwind-arm.o)
 .text._Unwind_DebugHook
                0x000000000200a048        0x4 c:/devkitpro/devkitarm/bin/../lib/gcc/arm-none-eabi/10.2.0\libgcc.a(unwind-arm.o)
 .text.unwind_phase2
                0x000000000200a04c       0x68 c:/devkitpro/devkitarm/bin/../lib/gcc/arm-none-eabi/10.2.0\libgcc.a(unwind-arm.o)
 .text.unwind_phase2_forced
                0x000000000200a0b4      0x144 c:/devkitpro/devkitarm/bin/../lib/gcc/arm-none-eabi/10.2.0\libgcc.a(unwind-arm.o)
 .text.__gnu_Unwind_RaiseException
                0x000000000200a1f8       0xac c:/devkitpro/devkitarm/bin/../lib/gcc/arm-none-eabi/10.2.0\libgcc.a(unwind-arm.o)
                0x000000000200a1f8                __gnu_Unwind_RaiseException
 .text.__gnu_Unwind_ForcedUnwind
                0x000000000200a2a4       0x28 c:/devkitpro/devkitarm/bin/../lib/gcc/arm-none-eabi/10.2.0\libgcc.a(unwind-arm.o)
                0x000000000200a2a4                __gnu_Unwind_ForcedUnwind
 .text.__gnu_Unwind_Resume
                0x000000000200a2cc       0x78 c:/devkitpro/devkitarm/bin/../lib/gcc/arm-none-eabi/10.2.0\libgcc.a(unwind-arm.o)
                0x000000000200a2cc                __gnu_Unwind_Resume
 .text.__gnu_Unwind_Resume_or_Rethrow
                0x000000000200a344       0x1c c:/devkitpro/devkitarm/bin/../lib/gcc/arm-none-eabi/10.2.0\libgcc.a(unwind-arm.o)
                0x000000000200a344                __gnu_Unwind_Resume_or_Rethrow
 .text._Unwind_Complete
                0x000000000200a360        0x4 c:/devkitpro/devkitarm/bin/../lib/gcc/arm-none-eabi/10.2.0\libgcc.a(unwind-arm.o)
                0x000000000200a360                _Unwind_Complete
 .text._Unwind_DeleteException
                0x000000000200a364       0x18 c:/devkitpro/devkitarm/bin/../lib/gcc/arm-none-eabi/10.2.0\libgcc.a(unwind-arm.o)
                0x000000000200a364                _Unwind_DeleteException
 .text._Unwind_VRS_Get
                0x000000000200a37c       0x5c c:/devkitpro/devkitarm/bin/../lib/gcc/arm-none-eabi/10.2.0\libgcc.a(unwind-arm.o)
                0x000000000200a37c                _Unwind_VRS_Get
 .text._Unwind_GetGR
                0x000000000200a3d8       0x30 c:/devkitpro/devkitarm/bin/../lib/gcc/arm-none-eabi/10.2.0\libgcc.a(unwind-arm.o)
 .text._Unwind_VRS_Set
                0x000000000200a408       0x5c c:/devkitpro/devkitarm/bin/../lib/gcc/arm-none-eabi/10.2.0\libgcc.a(unwind-arm.o)
                0x000000000200a408                _Unwind_VRS_Set
 .text._Unwind_SetGR
                0x000000000200a464       0x30 c:/devkitpro/devkitarm/bin/../lib/gcc/arm-none-eabi/10.2.0\libgcc.a(unwind-arm.o)
 .text.__gnu_Unwind_Backtrace
                0x000000000200a494       0xcc c:/devkitpro/devkitarm/bin/../lib/gcc/arm-none-eabi/10.2.0\libgcc.a(unwind-arm.o)
                0x000000000200a494                __gnu_Unwind_Backtrace
 .text.__gnu_unwind_pr_common
                0x000000000200a560      0x42c c:/devkitpro/devkitarm/bin/../lib/gcc/arm-none-eabi/10.2.0\libgcc.a(unwind-arm.o)
 .text.__aeabi_unwind_cpp_pr0
                0x000000000200a98c        0x8 c:/devkitpro/devkitarm/bin/../lib/gcc/arm-none-eabi/10.2.0\libgcc.a(unwind-arm.o)
                0x000000000200a98c                __aeabi_unwind_cpp_pr0
 .text.__aeabi_unwind_cpp_pr1
                0x000000000200a994        0x8 c:/devkitpro/devkitarm/bin/../lib/gcc/arm-none-eabi/10.2.0\libgcc.a(unwind-arm.o)
                0x000000000200a994                __aeabi_unwind_cpp_pr1
 .text.__aeabi_unwind_cpp_pr2
                0x000000000200a99c        0x8 c:/devkitpro/devkitarm/bin/../lib/gcc/arm-none-eabi/10.2.0\libgcc.a(unwind-arm.o)
                0x000000000200a99c                __aeabi_unwind_cpp_pr2
 .text._Unwind_VRS_Pop
                0x000000000200a9a4      0x3f4 c:/devkitpro/devkitarm/bin/../lib/gcc/arm-none-eabi/10.2.0\libgcc.a(unwind-arm.o)
                0x000000000200a9a4                _Unwind_VRS_Pop
 .text.next_unwind_byte
                0x000000000200ad98       0x60 c:/devkitpro/devkitarm/bin/../lib/gcc/arm-none-eabi/10.2.0\libgcc.a(pr-support.o)
 .text._Unwind_GetGR.constprop.0
                0x000000000200adf8       0x30 c:/devkitpro/devkitarm/bin/../lib/gcc/arm-none-eabi/10.2.0\libgcc.a(pr-support.o)
 .text.unwind_UCB_from_context
                0x000000000200ae28        0x4 c:/devkitpro/devkitarm/bin/../lib/gcc/arm-none-eabi/10.2.0\libgcc.a(pr-support.o)
 .text.__gnu_unwind_execute
                0x000000000200ae2c      0x41c c:/devkitpro/devkitarm/bin/../lib/gcc/arm-none-eabi/10.2.0\libgcc.a(pr-support.o)
                0x000000000200ae2c                __gnu_unwind_execute
 .text.__gnu_unwind_frame
                0x000000000200b248       0x4c c:/devkitpro/devkitarm/bin/../lib/gcc/arm-none-eabi/10.2.0\libgcc.a(pr-support.o)
                0x000000000200b248                __gnu_unwind_frame
 .text._Unwind_GetRegionStart
                0x000000000200b294       0x14 c:/devkitpro/devkitarm/bin/../lib/gcc/arm-none-eabi/10.2.0\libgcc.a(pr-support.o)
                0x000000000200b294                _Unwind_GetRegionStart
 .text._Unwind_GetLanguageSpecificData
                0x000000000200b2a8       0x20 c:/devkitpro/devkitarm/bin/../lib/gcc/arm-none-eabi/10.2.0\libgcc.a(pr-support.o)
                0x000000000200b2a8                _Unwind_GetLanguageSpecificData
 .text.unlikely._Unwind_GetDataRelBase
                0x000000000200b2c8        0x8 c:/devkitpro/devkitarm/bin/../lib/gcc/arm-none-eabi/10.2.0\libgcc.a(pr-support.o)
                0x000000000200b2c8                _Unwind_GetDataRelBase
 .text.unlikely._Unwind_GetTextRelBase
                0x000000000200b2d0        0x8 c:/devkitpro/devkitarm/bin/../lib/gcc/arm-none-eabi/10.2.0\libgcc.a(pr-support.o)
                0x000000000200b2d0                _Unwind_GetTextRelBase
 .text.abort    0x000000000200b2d8       0x14 c:/devkitpro/devkitarm/bin/../lib/gcc/arm-none-eabi/10.2.0/../../../../arm-none-eabi/lib\libg.a(lib_a-abort.o)
                0x000000000200b2d8                abort
 .text._fclose_r
                0x000000000200b2ec      0x16c c:/devkitpro/devkitarm/bin/../lib/gcc/arm-none-eabi/10.2.0/../../../../arm-none-eabi/lib\libg.a(lib_a-fclose.o)
                0x000000000200b2ec                _fclose_r
 .text.fclose   0x000000000200b458       0x18 c:/devkitpro/devkitarm/bin/../lib/gcc/arm-none-eabi/10.2.0/../../../../arm-none-eabi/lib\libg.a(lib_a-fclose.o)
                0x000000000200b458                fclose
 .text.__sflush_r
                0x000000000200b470      0x280 c:/devkitpro/devkitarm/bin/../lib/gcc/arm-none-eabi/10.2.0/../../../../arm-none-eabi/lib\libg.a(lib_a-fflush.o)
                0x000000000200b470                __sflush_r
 .text._fflush_r
                0x000000000200b6f0       0x9c c:/devkitpro/devkitarm/bin/../lib/gcc/arm-none-eabi/10.2.0/../../../../arm-none-eabi/lib\libg.a(lib_a-fflush.o)
                0x000000000200b6f0                _fflush_r
 .text.fflush   0x000000000200b78c       0x3c c:/devkitpro/devkitarm/bin/../lib/gcc/arm-none-eabi/10.2.0/../../../../arm-none-eabi/lib\libg.a(lib_a-fflush.o)
                0x000000000200b78c                fflush
 .text._cleanup_r
                0x000000000200b7c8       0x18 c:/devkitpro/devkitarm/bin/../lib/gcc/arm-none-eabi/10.2.0/../../../../arm-none-eabi/lib\libg.a(lib_a-findfp.o)
                0x000000000200b7c8                _cleanup_r
 .text.__sinit  0x000000000200b7e0      0x18c c:/devkitpro/devkitarm/bin/../lib/gcc/arm-none-eabi/10.2.0/../../../../arm-none-eabi/lib\libg.a(lib_a-findfp.o)
                0x000000000200b7e0                __sinit
 .text.__sfp    0x000000000200b96c      0x138 c:/devkitpro/devkitarm/bin/../lib/gcc/arm-none-eabi/10.2.0/../../../../arm-none-eabi/lib\libg.a(lib_a-findfp.o)
                0x000000000200b96c                __sfp
 .text.__sfp_lock_acquire
                0x000000000200baa4       0x18 c:/devkitpro/devkitarm/bin/../lib/gcc/arm-none-eabi/10.2.0/../../../../arm-none-eabi/lib\libg.a(lib_a-findfp.o)
                0x000000000200baa4                __sfp_lock_acquire
 .text.__sfp_lock_release
                0x000000000200babc       0x18 c:/devkitpro/devkitarm/bin/../lib/gcc/arm-none-eabi/10.2.0/../../../../arm-none-eabi/lib\libg.a(lib_a-findfp.o)
                0x000000000200babc                __sfp_lock_release
 .text._fopen_r
                0x000000000200bad4      0x14c c:/devkitpro/devkitarm/bin/../lib/gcc/arm-none-eabi/10.2.0/../../../../arm-none-eabi/lib\libg.a(lib_a-fopen.o)
                0x000000000200bad4                _fopen_r
 .text.fopen    0x000000000200bc20       0x20 c:/devkitpro/devkitarm/bin/../lib/gcc/arm-none-eabi/10.2.0/../../../../arm-none-eabi/lib\libg.a(lib_a-fopen.o)
                0x000000000200bc20                fopen
 .text._fread_r
                0x000000000200bc40      0x2d4 c:/devkitpro/devkitarm/bin/../lib/gcc/arm-none-eabi/10.2.0/../../../../arm-none-eabi/lib\libg.a(lib_a-fread.o)
                0x000000000200bc40                _fread_r
 .text.fread    0x000000000200bf14       0x3c c:/devkitpro/devkitarm/bin/../lib/gcc/arm-none-eabi/10.2.0/../../../../arm-none-eabi/lib\libg.a(lib_a-fread.o)
                0x000000000200bf14                fread
 .text._malloc_trim_r
                0x000000000200bf50      0x100 c:/devkitpro/devkitarm/bin/../lib/gcc/arm-none-eabi/10.2.0/../../../../arm-none-eabi/lib\libg.a(lib_a-freer.o)
                0x000000000200bf50                _malloc_trim_r
 .text._free_r  0x000000000200c050      0x2e0 c:/devkitpro/devkitarm/bin/../lib/gcc/arm-none-eabi/10.2.0/../../../../arm-none-eabi/lib\libg.a(lib_a-freer.o)
                0x000000000200c050                _free_r
 .text._fseek_r
                0x000000000200c330       0x20 c:/devkitpro/devkitarm/bin/../lib/gcc/arm-none-eabi/10.2.0/../../../../arm-none-eabi/lib\libg.a(lib_a-fseek.o)
                0x000000000200c330                _fseek_r
 .text.fseek    0x000000000200c350       0x38 c:/devkitpro/devkitarm/bin/../lib/gcc/arm-none-eabi/10.2.0/../../../../arm-none-eabi/lib\libg.a(lib_a-fseek.o)
                0x000000000200c350                fseek
 .text._fseeko_r
                0x000000000200c388      0x50c c:/devkitpro/devkitarm/bin/../lib/gcc/arm-none-eabi/10.2.0/../../../../arm-none-eabi/lib\libg.a(lib_a-fseeko.o)
                0x000000000200c388                _fseeko_r
 .text._ftello_r
                0x000000000200c894      0x1c8 c:/devkitpro/devkitarm/bin/../lib/gcc/arm-none-eabi/10.2.0/../../../../arm-none-eabi/lib\libg.a(lib_a-ftello.o)
                0x000000000200c894                _ftello_r
 .text._fwalk   0x000000000200ca5c       0x70 c:/devkitpro/devkitarm/bin/../lib/gcc/arm-none-eabi/10.2.0/../../../../arm-none-eabi/lib\libg.a(lib_a-fwalk.o)
                0x000000000200ca5c                _fwalk
 .text._fwalk_reent
                0x000000000200cacc       0x78 c:/devkitpro/devkitarm/bin/../lib/gcc/arm-none-eabi/10.2.0/../../../../arm-none-eabi/lib\libg.a(lib_a-fwalk.o)
                0x000000000200cacc                _fwalk_reent
 .text.__libc_init_array
                0x000000000200cb44       0x88 c:/devkitpro/devkitarm/bin/../lib/gcc/arm-none-eabi/10.2.0/../../../../arm-none-eabi/lib\libg.a(lib_a-init.o)
                0x000000000200cb44                __libc_init_array
 .text.__smakebuf_r
                0x000000000200cbcc      0x144 c:/devkitpro/devkitarm/bin/../lib/gcc/arm-none-eabi/10.2.0/../../../../arm-none-eabi/lib\libg.a(lib_a-makebuf.o)
                0x000000000200cbcc                __smakebuf_r
 .text.malloc   0x000000000200cd10       0x1c c:/devkitpro/devkitarm/bin/../lib/gcc/arm-none-eabi/10.2.0/../../../../arm-none-eabi/lib\libg.a(lib_a-malloc.o)
                0x000000000200cd10                malloc
 .text.free     0x000000000200cd2c       0x1c c:/devkitpro/devkitarm/bin/../lib/gcc/arm-none-eabi/10.2.0/../../../../arm-none-eabi/lib\libg.a(lib_a-malloc.o)
                0x000000000200cd2c                free
 .text._malloc_r
                0x000000000200cd48      0x800 c:/devkitpro/devkitarm/bin/../lib/gcc/arm-none-eabi/10.2.0/../../../../arm-none-eabi/lib\libg.a(lib_a-mallocr.o)
                0x000000000200cd48                _malloc_r
 .text.memcpy   0x000000000200d548      0x120 c:/devkitpro/devkitarm/bin/../lib/gcc/arm-none-eabi/10.2.0/../../../../arm-none-eabi/lib\libg.a(lib_a-memcpy-stub.o)
                0x000000000200d548                memcpy
 .text.memset   0x000000000200d668      0x11c c:/devkitpro/devkitarm/bin/../lib/gcc/arm-none-eabi/10.2.0/../../../../arm-none-eabi/lib\libg.a(lib_a-memset.o)
                0x000000000200d668                memset
 .text.__malloc_lock
                0x000000000200d784       0x18 c:/devkitpro/devkitarm/bin/../lib/gcc/arm-none-eabi/10.2.0/../../../../arm-none-eabi/lib\libg.a(lib_a-mlock.o)
                0x000000000200d784                __malloc_lock
 .text.__malloc_unlock
                0x000000000200d79c       0x18 c:/devkitpro/devkitarm/bin/../lib/gcc/arm-none-eabi/10.2.0/../../../../arm-none-eabi/lib\libg.a(lib_a-mlock.o)
                0x000000000200d79c                __malloc_unlock
 .text.srand    0x000000000200d7b4       0x20 c:/devkitpro/devkitarm/bin/../lib/gcc/arm-none-eabi/10.2.0/../../../../arm-none-eabi/lib\libg.a(lib_a-rand.o)
                0x000000000200d7b4                srand
 .text.rand     0x000000000200d7d4       0x48 c:/devkitpro/devkitarm/bin/../lib/gcc/arm-none-eabi/10.2.0/../../../../arm-none-eabi/lib\libg.a(lib_a-rand.o)
                0x000000000200d7d4                rand
 .text.realloc  0x000000000200d81c       0x24 c:/devkitpro/devkitarm/bin/../lib/gcc/arm-none-eabi/10.2.0/../../../../arm-none-eabi/lib\libg.a(lib_a-realloc.o)
                0x000000000200d81c                realloc
 .text._realloc_r
                0x000000000200d840      0x5ac c:/devkitpro/devkitarm/bin/../lib/gcc/arm-none-eabi/10.2.0/../../../../arm-none-eabi/lib\libg.a(lib_a-reallocr.o)
                0x000000000200d840                _realloc_r
 .text.lflush   0x000000000200ddec       0x28 c:/devkitpro/devkitarm/bin/../lib/gcc/arm-none-eabi/10.2.0/../../../../arm-none-eabi/lib\libg.a(lib_a-refill.o)
 .text.__srefill_r
                0x000000000200de14      0x1bc c:/devkitpro/devkitarm/bin/../lib/gcc/arm-none-eabi/10.2.0/../../../../arm-none-eabi/lib\libg.a(lib_a-refill.o)
                0x000000000200de14                __srefill_r
 .text._raise_r
                0x000000000200dfd0       0x98 c:/devkitpro/devkitarm/bin/../lib/gcc/arm-none-eabi/10.2.0/../../../../arm-none-eabi/lib\libg.a(lib_a-signal.o)
                0x000000000200dfd0                _raise_r
 .text.raise    0x000000000200e068       0x18 c:/devkitpro/devkitarm/bin/../lib/gcc/arm-none-eabi/10.2.0/../../../../arm-none-eabi/lib\libg.a(lib_a-signal.o)
                0x000000000200e068                raise
 .text.snprintf
                0x000000000200e080       0xcc c:/devkitpro/devkitarm/bin/../lib/gcc/arm-none-eabi/10.2.0/../../../../arm-none-eabi/lib\libg.a(lib_a-snprintf.o)
                0x000000000200e080                snprintf
 .text.sprintf  0x000000000200e14c       0x64 c:/devkitpro/devkitarm/bin/../lib/gcc/arm-none-eabi/10.2.0/../../../../arm-none-eabi/lib\libg.a(lib_a-sprintf.o)
                0x000000000200e14c                sprintf
 .text.__sread  0x000000000200e1b0       0x4c c:/devkitpro/devkitarm/bin/../lib/gcc/arm-none-eabi/10.2.0/../../../../arm-none-eabi/lib\libg.a(lib_a-stdio.o)
                0x000000000200e1b0                __sread
 .text.__swrite
                0x000000000200e1fc       0x6c c:/devkitpro/devkitarm/bin/../lib/gcc/arm-none-eabi/10.2.0/../../../../arm-none-eabi/lib\libg.a(lib_a-stdio.o)
                0x000000000200e1fc                __swrite
 .text.__sseek  0x000000000200e268       0x4c c:/devkitpro/devkitarm/bin/../lib/gcc/arm-none-eabi/10.2.0/../../../../arm-none-eabi/lib\libg.a(lib_a-stdio.o)
                0x000000000200e268                __sseek
 .text.__sclose
                0x000000000200e2b4       0x14 c:/devkitpro/devkitarm/bin/../lib/gcc/arm-none-eabi/10.2.0/../../../../arm-none-eabi/lib\libg.a(lib_a-stdio.o)
                0x000000000200e2b4                __sclose
 .text.strlen   0x000000000200e2c8       0x60 c:/devkitpro/devkitarm/bin/../lib/gcc/arm-none-eabi/10.2.0/../../../../arm-none-eabi/lib\libg.a(lib_a-strlen-stub.o)
                0x000000000200e2c8                strlen
 .text.get_arg  0x000000000200e328      0x64c c:/devkitpro/devkitarm/bin/../lib/gcc/arm-none-eabi/10.2.0/../../../../arm-none-eabi/lib\libg.a(lib_a-svfprintf.o)
 .text._svfprintf_r
                0x000000000200e974     0x3754 c:/devkitpro/devkitarm/bin/../lib/gcc/arm-none-eabi/10.2.0/../../../../arm-none-eabi/lib\libg.a(lib_a-svfprintf.o)
                0x000000000200e974                _svfprintf_r
 .text._wcrtomb_r
                0x00000000020120c8       0x5c c:/devkitpro/devkitarm/bin/../lib/gcc/arm-none-eabi/10.2.0/../../../../arm-none-eabi/lib\libg.a(lib_a-wcrtomb.o)
                0x00000000020120c8                _wcrtomb_r
 .text._wcsrtombs_r
                0x0000000002012124       0x2c c:/devkitpro/devkitarm/bin/../lib/gcc/arm-none-eabi/10.2.0/../../../../arm-none-eabi/lib\libg.a(lib_a-wcsrtombs.o)
                0x0000000002012124                _wcsrtombs_r
 .text.quorem   0x0000000002012150      0x1c0 c:/devkitpro/devkitarm/bin/../lib/gcc/arm-none-eabi/10.2.0/../../../../arm-none-eabi/lib\libg.a(lib_a-dtoa.o)
 .text._dtoa_r  0x0000000002012310     0x1730 c:/devkitpro/devkitarm/bin/../lib/gcc/arm-none-eabi/10.2.0/../../../../arm-none-eabi/lib\libg.a(lib_a-dtoa.o)
                0x0000000002012310                _dtoa_r
 .text.__sflags
                0x0000000002013a40       0xd0 c:/devkitpro/devkitarm/bin/../lib/gcc/arm-none-eabi/10.2.0/../../../../arm-none-eabi/lib\libg.a(lib_a-flags.o)
                0x0000000002013a40                __sflags
 .text._localeconv_r
                0x0000000002013b10        0xc c:/devkitpro/devkitarm/bin/../lib/gcc/arm-none-eabi/10.2.0/../../../../arm-none-eabi/lib\libg.a(lib_a-localeconv.o)
                0x0000000002013b10                _localeconv_r
 .text.__locale_mb_cur_max
                0x0000000002013b1c       0x10 c:/devkitpro/devkitarm/bin/../lib/gcc/arm-none-eabi/10.2.0/../../../../arm-none-eabi/lib\libg.a(lib_a-locale.o)
                0x0000000002013b1c                __locale_mb_cur_max
 .text.__utf8_mbtowc
                0x0000000002013b2c      0x308 c:/devkitpro/devkitarm/bin/../lib/gcc/arm-none-eabi/10.2.0/../../../../arm-none-eabi/lib\libg.a(lib_a-mbtowc_r.o)
                0x0000000002013b2c                __utf8_mbtowc
 .text.memchr   0x0000000002013e34       0xf0 c:/devkitpro/devkitarm/bin/../lib/gcc/arm-none-eabi/10.2.0/../../../../arm-none-eabi/lib\libg.a(lib_a-memchr-stub.o)
                0x0000000002013e34                memchr
 .text.memmove  0x0000000002013f24      0x158 c:/devkitpro/devkitarm/bin/../lib/gcc/arm-none-eabi/10.2.0/../../../../arm-none-eabi/lib\libg.a(lib_a-memmove.o)
                0x0000000002013f24                memmove
 .text._Balloc  0x000000000201407c       0x8c c:/devkitpro/devkitarm/bin/../lib/gcc/arm-none-eabi/10.2.0/../../../../arm-none-eabi/lib\libg.a(lib_a-mprec.o)
                0x000000000201407c                _Balloc
 .text._Bfree   0x0000000002014108       0x1c c:/devkitpro/devkitarm/bin/../lib/gcc/arm-none-eabi/10.2.0/../../../../arm-none-eabi/lib\libg.a(lib_a-mprec.o)
                0x0000000002014108                _Bfree
 .text.__multadd
                0x0000000002014124      0x100 c:/devkitpro/devkitarm/bin/../lib/gcc/arm-none-eabi/10.2.0/../../../../arm-none-eabi/lib\libg.a(lib_a-mprec.o)
                0x0000000002014124                __multadd
 .text.__hi0bits
                0x0000000002014224       0x58 c:/devkitpro/devkitarm/bin/../lib/gcc/arm-none-eabi/10.2.0/../../../../arm-none-eabi/lib\libg.a(lib_a-mprec.o)
                0x0000000002014224                __hi0bits
 .text.__lo0bits
                0x000000000201427c       0x9c c:/devkitpro/devkitarm/bin/../lib/gcc/arm-none-eabi/10.2.0/../../../../arm-none-eabi/lib\libg.a(lib_a-mprec.o)
                0x000000000201427c                __lo0bits
 .text.__i2b    0x0000000002014318       0xa8 c:/devkitpro/devkitarm/bin/../lib/gcc/arm-none-eabi/10.2.0/../../../../arm-none-eabi/lib\libg.a(lib_a-mprec.o)
                0x0000000002014318                __i2b
 .text.__multiply
                0x00000000020143c0      0x214 c:/devkitpro/devkitarm/bin/../lib/gcc/arm-none-eabi/10.2.0/../../../../arm-none-eabi/lib\libg.a(lib_a-mprec.o)
                0x00000000020143c0                __multiply
 .text.__pow5mult
                0x00000000020145d4      0x124 c:/devkitpro/devkitarm/bin/../lib/gcc/arm-none-eabi/10.2.0/../../../../arm-none-eabi/lib\libg.a(lib_a-mprec.o)
                0x00000000020145d4                __pow5mult
 .text.__lshift
                0x00000000020146f8      0x140 c:/devkitpro/devkitarm/bin/../lib/gcc/arm-none-eabi/10.2.0/../../../../arm-none-eabi/lib\libg.a(lib_a-mprec.o)
                0x00000000020146f8                __lshift
 .text.__mcmp   0x0000000002014838       0x60 c:/devkitpro/devkitarm/bin/../lib/gcc/arm-none-eabi/10.2.0/../../../../arm-none-eabi/lib\libg.a(lib_a-mprec.o)
                0x0000000002014838                __mcmp
 .text.__mdiff  0x0000000002014898      0x1f4 c:/devkitpro/devkitarm/bin/../lib/gcc/arm-none-eabi/10.2.0/../../../../arm-none-eabi/lib\libg.a(lib_a-mprec.o)
                0x0000000002014898                __mdiff
 .text.__d2b    0x0000000002014a8c      0x144 c:/devkitpro/devkitarm/bin/../lib/gcc/arm-none-eabi/10.2.0/../../../../arm-none-eabi/lib\libg.a(lib_a-mprec.o)
                0x0000000002014a8c                __d2b
 .text.frexp    0x0000000002014bd0       0xa4 c:/devkitpro/devkitarm/bin/../lib/gcc/arm-none-eabi/10.2.0/../../../../arm-none-eabi/lib\libg.a(lib_a-s_frexp.o)
                0x0000000002014bd0                frexp
 .text.strchr   0x0000000002014c74      0x150 c:/devkitpro/devkitarm/bin/../lib/gcc/arm-none-eabi/10.2.0/../../../../arm-none-eabi/lib\libg.a(lib_a-strchr.o)
                0x0000000002014c74                strchr
 .text.strncmp  0x0000000002014dc4       0xe4 c:/devkitpro/devkitarm/bin/../lib/gcc/arm-none-eabi/10.2.0/../../../../arm-none-eabi/lib\libg.a(lib_a-strncmp.o)
                0x0000000002014dc4                strncmp
 .text.strncpy  0x0000000002014ea8       0xcc c:/devkitpro/devkitarm/bin/../lib/gcc/arm-none-eabi/10.2.0/../../../../arm-none-eabi/lib\libg.a(lib_a-strncpy.o)
                0x0000000002014ea8                strncpy
 .text.__ssprint_r
                0x0000000002014f74      0x18c c:/devkitpro/devkitarm/bin/../lib/gcc/arm-none-eabi/10.2.0/../../../../arm-none-eabi/lib\libg.a(lib_a-svfiprintf.o)
                0x0000000002014f74                __ssprint_r
 .text._wcsnrtombs_l
                0x0000000002015100      0x1a0 c:/devkitpro/devkitarm/bin/../lib/gcc/arm-none-eabi/10.2.0/../../../../arm-none-eabi/lib\libg.a(lib_a-wcsnrtombs.o)
                0x0000000002015100                _wcsnrtombs_l
 .text._wcsnrtombs_r
                0x00000000020152a0       0x50 c:/devkitpro/devkitarm/bin/../lib/gcc/arm-none-eabi/10.2.0/../../../../arm-none-eabi/lib\libg.a(lib_a-wcsnrtombs.o)
                0x00000000020152a0                _wcsnrtombs_r
 .text.__utf8_wctomb
                0x00000000020152f0       0xf4 c:/devkitpro/devkitarm/bin/../lib/gcc/arm-none-eabi/10.2.0/../../../../arm-none-eabi/lib\libg.a(lib_a-wctomb_r.o)
                0x00000000020152f0                __utf8_wctomb
 .text.__assert_func
                0x00000000020153e4       0x5c c:/devkitpro/devkitarm/bin/../lib/gcc/arm-none-eabi/10.2.0/../../../../arm-none-eabi/lib\libg.a(lib_a-assert.o)
                0x00000000020153e4                __assert_func
 .text._calloc_r
                0x0000000002015440       0x9c c:/devkitpro/devkitarm/bin/../lib/gcc/arm-none-eabi/10.2.0/../../../../arm-none-eabi/lib\libg.a(lib_a-callocr.o)
                0x0000000002015440                _calloc_r
 .text.__errno  0x00000000020154dc       0x10 c:/devkitpro/devkitarm/bin/../lib/gcc/arm-none-eabi/10.2.0/../../../../arm-none-eabi/lib\libg.a(lib_a-errno.o)
                0x00000000020154dc                __errno
 .text.fiprintf
                0x00000000020154ec       0x3c c:/devkitpro/devkitarm/bin/../lib/gcc/arm-none-eabi/10.2.0/../../../../arm-none-eabi/lib\libg.a(lib_a-fiprintf.o)
                0x00000000020154ec                fiprintf
 .text.get_arg  0x0000000002015528      0x64c c:/devkitpro/devkitarm/bin/../lib/gcc/arm-none-eabi/10.2.0/../../../../arm-none-eabi/lib\libg.a(lib_a-vfiprintf.o)
 .text.__sprint_r
                0x0000000002015b74       0x34 c:/devkitpro/devkitarm/bin/../lib/gcc/arm-none-eabi/10.2.0/../../../../arm-none-eabi/lib\libg.a(lib_a-vfiprintf.o)
                0x0000000002015b74                __sprint_r
 .text._vfiprintf_r
                0x0000000002015ba8     0x2598 c:/devkitpro/devkitarm/bin/../lib/gcc/arm-none-eabi/10.2.0/../../../../arm-none-eabi/lib\libg.a(lib_a-vfiprintf.o)
                0x0000000002015ba8                _vfiprintf_r
 .text.__sbprintf
                0x0000000002018140       0xd4 c:/devkitpro/devkitarm/bin/../lib/gcc/arm-none-eabi/10.2.0/../../../../arm-none-eabi/lib\libg.a(lib_a-vfiprintf.o)
 .text.__swsetup_r
                0x0000000002018214      0x160 c:/devkitpro/devkitarm/bin/../lib/gcc/arm-none-eabi/10.2.0/../../../../arm-none-eabi/lib\libg.a(lib_a-wsetup.o)
                0x0000000002018214                __swsetup_r
 .text.__sfvwrite_r
                0x0000000002018374      0x4d0 c:/devkitpro/devkitarm/bin/../lib/gcc/arm-none-eabi/10.2.0/../../../../arm-none-eabi/lib\libg.a(lib_a-fvwrite.o)
                0x0000000002018374                __sfvwrite_r
 .text._fstat_r
                0x0000000002018844       0x7c c:/devkitpro/devkitarm/bin/../lib/gcc/arm-none-eabi/10.2.0/../../../../arm-none-eabi/lib\libsysbase.a(fstat.o)
                0x0000000002018844                _fstat_r
 .text._getpid_r
                0x00000000020188c0       0x14 c:/devkitpro/devkitarm/bin/../lib/gcc/arm-none-eabi/10.2.0/../../../../arm-none-eabi/lib\libsysbase.a(getpid.o)
                0x00000000020188c0                _getpid_r
 .text._isatty_r
                0x00000000020188d4        0x8 c:/devkitpro/devkitarm/bin/../lib/gcc/arm-none-eabi/10.2.0/../../../../arm-none-eabi/lib\libsysbase.a(isatty.o)
                0x00000000020188d4                _isatty_r
 .text._kill_r  0x00000000020188dc       0x14 c:/devkitpro/devkitarm/bin/../lib/gcc/arm-none-eabi/10.2.0/../../../../arm-none-eabi/lib\libsysbase.a(kill.o)
                0x00000000020188dc                _kill_r
 .text._lseek_r
                0x00000000020188f0       0x88 c:/devkitpro/devkitarm/bin/../lib/gcc/arm-none-eabi/10.2.0/../../../../arm-none-eabi/lib\libsysbase.a(lseek.o)
                0x00000000020188f0                _lseek_r
 .text._open_r  0x0000000002018978       0xd0 c:/devkitpro/devkitarm/bin/../lib/gcc/arm-none-eabi/10.2.0/../../../../arm-none-eabi/lib\libsysbase.a(open.o)
                0x0000000002018978                _open_r
 .text._read_r  0x0000000002018a48       0x84 c:/devkitpro/devkitarm/bin/../lib/gcc/arm-none-eabi/10.2.0/../../../../arm-none-eabi/lib\libsysbase.a(read.o)
                0x0000000002018a48                _read_r
 .text._sbrk_r  0x0000000002018acc       0x7c c:/devkitpro/devkitarm/bin/../lib/gcc/arm-none-eabi/10.2.0/../../../../arm-none-eabi/lib\libsysbase.a(sbrk.o)
                0x0000000002018acc                _sbrk_r
 .text._write_r
                0x0000000002018b48       0x84 c:/devkitpro/devkitarm/bin/../lib/gcc/arm-none-eabi/10.2.0/../../../../arm-none-eabi/lib\libsysbase.a(write.o)
                0x0000000002018b48                _write_r
 .text._exit    0x0000000002018bcc       0x28 c:/devkitpro/devkitarm/bin/../lib/gcc/arm-none-eabi/10.2.0/../../../../arm-none-eabi/lib\libsysbase.a(_exit.o)
                0x0000000002018bcc                _exit
 .text.build_argv
                0x0000000002018bf4       0x80 c:/devkitpro/devkitarm/bin/../lib/gcc/arm-none-eabi/10.2.0/../../../../arm-none-eabi/lib\libsysbase.a(build_argv.o)
                0x0000000002018bf4                build_argv
 .text.__flockfile
                0x0000000002018c74       0x14 c:/devkitpro/devkitarm/bin/../lib/gcc/arm-none-eabi/10.2.0/../../../../arm-none-eabi/lib\libsysbase.a(flock.o)
                0x0000000002018c74                __flockfile
 .text.__funlockfile
                0x0000000002018c88       0x14 c:/devkitpro/devkitarm/bin/../lib/gcc/arm-none-eabi/10.2.0/../../../../arm-none-eabi/lib\libsysbase.a(flock.o)
                0x0000000002018c88                __funlockfile
 .text.__libc_lock_acquire
                0x0000000002018c9c       0x18 c:/devkitpro/devkitarm/bin/../lib/gcc/arm-none-eabi/10.2.0/../../../../arm-none-eabi/lib\libsysbase.a(syscall_support.o)
                0x0000000002018c9c                __libc_lock_acquire
 .text.__libc_lock_release
                0x0000000002018cb4       0x18 c:/devkitpro/devkitarm/bin/../lib/gcc/arm-none-eabi/10.2.0/../../../../arm-none-eabi/lib\libsysbase.a(syscall_support.o)
                0x0000000002018cb4                __libc_lock_release
 .text.__libc_lock_init_recursive
                0x0000000002018ccc       0x18 c:/devkitpro/devkitarm/bin/../lib/gcc/arm-none-eabi/10.2.0/../../../../arm-none-eabi/lib\libsysbase.a(syscall_support.o)
                0x0000000002018ccc                __libc_lock_init_recursive
 .text.__libc_lock_acquire_recursive
                0x0000000002018ce4       0x18 c:/devkitpro/devkitarm/bin/../lib/gcc/arm-none-eabi/10.2.0/../../../../arm-none-eabi/lib\libsysbase.a(syscall_support.o)
                0x0000000002018ce4                __libc_lock_acquire_recursive
 .text.__libc_lock_release_recursive
                0x0000000002018cfc       0x18 c:/devkitpro/devkitarm/bin/../lib/gcc/arm-none-eabi/10.2.0/../../../../arm-none-eabi/lib\libsysbase.a(syscall_support.o)
                0x0000000002018cfc                __libc_lock_release_recursive
 .text.__libc_lock_close_recursive
                0x0000000002018d14       0x18 c:/devkitpro/devkitarm/bin/../lib/gcc/arm-none-eabi/10.2.0/../../../../arm-none-eabi/lib\libsysbase.a(syscall_support.o)
                0x0000000002018d14                __libc_lock_close_recursive
 .text.__release_handle
                0x0000000002018d2c       0x90 c:/devkitpro/devkitarm/bin/../lib/gcc/arm-none-eabi/10.2.0/../../../../arm-none-eabi/lib\libsysbase.a(handle_manager.o)
                0x0000000002018d2c                __release_handle
 .text.__alloc_handle
                0x0000000002018dbc       0xb8 c:/devkitpro/devkitarm/bin/../lib/gcc/arm-none-eabi/10.2.0/../../../../arm-none-eabi/lib\libsysbase.a(handle_manager.o)
                0x0000000002018dbc                __alloc_handle
 .text.__get_handle
                0x0000000002018e74       0x40 c:/devkitpro/devkitarm/bin/../lib/gcc/arm-none-eabi/10.2.0/../../../../arm-none-eabi/lib\libsysbase.a(handle_manager.o)
                0x0000000002018e74                __get_handle
 .text._close_r
                0x0000000002018eb4       0xfc c:/devkitpro/devkitarm/bin/../lib/gcc/arm-none-eabi/10.2.0/../../../../arm-none-eabi/lib\libsysbase.a(handle_manager.o)
                0x0000000002018eb4                _close_r
 .text.__getreent
                0x0000000002018fb0       0x24 c:/devkitpro/devkitarm/bin/../lib/gcc/arm-none-eabi/10.2.0/../../../../arm-none-eabi/lib\libsysbase.a(getreent.o)
                0x0000000002018fb0                __getreent
 .text.null_write
                0x0000000002018fd4        0x8 c:/devkitpro/devkitarm/bin/../lib/gcc/arm-none-eabi/10.2.0/../../../../arm-none-eabi/lib\libsysbase.a(iosupport.o)
 .text.FindDevice
                0x0000000002018fdc       0xd4 c:/devkitpro/devkitarm/bin/../lib/gcc/arm-none-eabi/10.2.0/../../../../arm-none-eabi/lib\libsysbase.a(iosupport.o)
                0x0000000002018fdc                FindDevice
 .text.__udivmoddi4
                0x00000000020190b0      0x128 c:/devkitpro/devkitarm/bin/../lib/gcc/arm-none-eabi/10.2.0\libgcc.a(_udivmoddi4.o)
                0x00000000020190b0                __udivmoddi4
 .text.__udivmoddi4.__stub
                0x00000000020191d8      0x130 linker stubs
 *(EXCLUDE_FILE(*.twl*) .gnu.warning)
 *(EXCLUDE_FILE(*.twl*) .gnu.linkonce.t*)
 *(.glue_7)
 .glue_7        0x0000000002019350        0x0 linker stubs
 *(.glue_7t)
 .glue_7t       0x0000000002019350        0x0 linker stubs
                0x0000000002019350                . = ALIGN (0x4)

.vfp11_veneer   0x0000000002019350        0x0
 .vfp11_veneer  0x0000000002019350        0x0 linker stubs

.v4_bx          0x0000000002019350        0x0
 .v4_bx         0x0000000002019350        0x0 linker stubs

.iplt           0x0000000002019350        0x0
 .iplt          0x0000000002019350        0x0 c:/devkitpro/devkitarm/bin/../lib/gcc/arm-none-eabi/10.2.0/../../../../arm-none-eabi/lib/ds_arm9_crt0.o

.fini           0x0000000002019350       0x18
 *(.fini)
 .fini          0x0000000002019350        0xc c:/devkitpro/devkitarm/bin/../lib/gcc/arm-none-eabi/10.2.0/crti.o
                0x0000000002019350                _fini
 .fini          0x000000000201935c        0xc c:/devkitpro/devkitarm/bin/../lib/gcc/arm-none-eabi/10.2.0/crtn.o
                0x0000000002019368                __text_end = .

.rodata         0x0000000002019368    0x375f0
 *(EXCLUDE_FILE(*.twl*) .rodata)
 .rodata        0x0000000002019368     0x4440 font.o
                0x0000000002019368                fontTiles
                0x000000000201d3a8                fontMap
                0x000000000201d5a8                fontPal
 .rodata        0x000000000201d7a8      0x840 leveltiles.o
                0x000000000201d7a8                leveltilesTiles
                0x000000000201dae8                leveltilesMap
                0x000000000201dde8                leveltilesPal
 .rodata        0x000000000201dfe8     0x1e80 mainmenu.o
                0x000000000201dfe8                mainmenuTiles
                0x000000000201f968                mainmenuMap
                0x000000000201fc68                mainmenuPal
 .rodata        0x000000000201fe68     0x1a00 sprite.o
                0x000000000201fe68                spriteTiles
                0x0000000002021668                spritePal
 .rodata        0x0000000002021868     0x3180 title.o
                0x0000000002021868                titleTiles
                0x00000000020244e8                titleMap
                0x00000000020247e8                titlePal
 .rodata        0x00000000020249e8       0x14 state_level_select.o
 .rodata        0x00000000020249fc       0x14 state_mainmenu.o
 *all.rodata*(*)
 *(EXCLUDE_FILE(*.twl*) .roda)
 *(EXCLUDE_FILE(*.twl*) .rodata.*)
 .rodata.soundbank_bin
                0x0000000002024a10    0x2b4e4 soundbank.bin.o
                0x0000000002024a10                soundbank_bin
                0x000000000204fef4                soundbank_bin_end
 .rodata.str1.4
                0x000000000204fef4       0x8e state_level_paused.o
 *fill*         0x000000000204ff82        0x2 ff
 .rodata.str1.4
                0x000000000204ff84       0x11 state_level_running.o
                                         0x1e (size before relaxing)
 *fill*         0x000000000204ff95        0x3 ff
 .rodata.str1.4
                0x000000000204ff98       0x73 state_level_select.o
 *fill*         0x000000000205000b        0x1 ff
 .rodata.str1.4
                0x000000000205000c       0x22 state_level_won.o
 *fill*         0x000000000205002e        0x2 ff
 .rodata.str1.4
                0x0000000002050030       0x5d state_mainmenu.o
                                         0x6d (size before relaxing)
 *fill*         0x000000000205008d        0x3 ff
 .rodata.SIN_LUT
                0x0000000002050090      0x102 C:/devkitPro/libnds/lib\libnds9.a(trig.o)
                0x0000000002050090                SIN_LUT
 *fill*         0x0000000002050192        0x2 ff
 .rodata._ZNKSt9bad_alloc4whatEv.str1.4
                0x0000000002050194        0xf c:/devkitpro/devkitarm/bin/../lib/gcc/arm-none-eabi/10.2.0/../../../../arm-none-eabi/lib\libstdc++.a(bad_alloc.o)
 *fill*         0x00000000020501a3        0x1 ff
 .rodata._ZTISt9bad_alloc
                0x00000000020501a4        0xc c:/devkitpro/devkitarm/bin/../lib/gcc/arm-none-eabi/10.2.0/../../../../arm-none-eabi/lib\libstdc++.a(bad_alloc.o)
                0x00000000020501a4                typeinfo for std::bad_alloc
 .rodata._ZTSSt9bad_alloc
                0x00000000020501b0        0xd c:/devkitpro/devkitarm/bin/../lib/gcc/arm-none-eabi/10.2.0/../../../../arm-none-eabi/lib\libstdc++.a(bad_alloc.o)
                0x00000000020501b0                typeinfo name for std::bad_alloc
 *fill*         0x00000000020501bd        0x3 ff
 .rodata._ZTVSt9bad_alloc
                0x00000000020501c0       0x14 c:/devkitpro/devkitarm/bin/../lib/gcc/arm-none-eabi/10.2.0/../../../../arm-none-eabi/lib\libstdc++.a(bad_alloc.o)
                0x00000000020501c0                vtable for std::bad_alloc
 .rodata._ZNKSt13bad_exception4whatEv.str1.4
                0x00000000020501d4       0x13 c:/devkitpro/devkitarm/bin/../lib/gcc/arm-none-eabi/10.2.0/../../../../arm-none-eabi/lib\libstdc++.a(eh_exception.o)
 *fill*         0x00000000020501e7        0x1 ff
 .rodata._ZTIN10__cxxabiv115__forced_unwindE
                0x00000000020501e8        0x8 c:/devkitpro/devkitarm/bin/../lib/gcc/arm-none-eabi/10.2.0/../../../../arm-none-eabi/lib\libstdc++.a(eh_exception.o)
                0x00000000020501e8                typeinfo for __cxxabiv1::__forced_unwind
 .rodata._ZTIN10__cxxabiv119__foreign_exceptionE
                0x00000000020501f0        0x8 c:/devkitpro/devkitarm/bin/../lib/gcc/arm-none-eabi/10.2.0/../../../../arm-none-eabi/lib\libstdc++.a(eh_exception.o)
                0x00000000020501f0                typeinfo for __cxxabiv1::__foreign_exception
 .rodata._ZTISt13bad_exception
                0x00000000020501f8        0xc c:/devkitpro/devkitarm/bin/../lib/gcc/arm-none-eabi/10.2.0/../../../../arm-none-eabi/lib\libstdc++.a(eh_exception.o)
                0x00000000020501f8                typeinfo for std::bad_exception
 .rodata._ZTISt9exception
                0x0000000002050204        0x8 c:/devkitpro/devkitarm/bin/../lib/gcc/arm-none-eabi/10.2.0/../../../../arm-none-eabi/lib\libstdc++.a(eh_exception.o)
                0x0000000002050204                typeinfo for std::exception
 .rodata._ZTSN10__cxxabiv115__forced_unwindE
                0x000000000205020c       0x20 c:/devkitpro/devkitarm/bin/../lib/gcc/arm-none-eabi/10.2.0/../../../../arm-none-eabi/lib\libstdc++.a(eh_exception.o)
                0x000000000205020c                typeinfo name for __cxxabiv1::__forced_unwind
 .rodata._ZTSN10__cxxabiv119__foreign_exceptionE
                0x000000000205022c       0x24 c:/devkitpro/devkitarm/bin/../lib/gcc/arm-none-eabi/10.2.0/../../../../arm-none-eabi/lib\libstdc++.a(eh_exception.o)
                0x000000000205022c                typeinfo name for __cxxabiv1::__foreign_exception
 .rodata._ZTSSt13bad_exception
                0x0000000002050250       0x12 c:/devkitpro/devkitarm/bin/../lib/gcc/arm-none-eabi/10.2.0/../../../../arm-none-eabi/lib\libstdc++.a(eh_exception.o)
                0x0000000002050250                typeinfo name for std::bad_exception
 *fill*         0x0000000002050262        0x2 ff
 .rodata._ZTSSt9exception
                0x0000000002050264        0xd c:/devkitpro/devkitarm/bin/../lib/gcc/arm-none-eabi/10.2.0/../../../../arm-none-eabi/lib\libstdc++.a(eh_exception.o)
                0x0000000002050264                typeinfo name for std::exception
 *fill*         0x0000000002050271        0x3 ff
 .rodata._ZTVSt13bad_exception
                0x0000000002050274       0x14 c:/devkitpro/devkitarm/bin/../lib/gcc/arm-none-eabi/10.2.0/../../../../arm-none-eabi/lib\libstdc++.a(eh_exception.o)
                0x0000000002050274                vtable for std::bad_exception
 .rodata._ZTIN10__cxxabiv120__si_class_type_infoE
                0x0000000002050288        0xc c:/devkitpro/devkitarm/bin/../lib/gcc/arm-none-eabi/10.2.0/../../../../arm-none-eabi/lib\libstdc++.a(si_class_type_info.o)
                0x0000000002050288                typeinfo for __cxxabiv1::__si_class_type_info
 .rodata._ZTSN10__cxxabiv120__si_class_type_infoE
                0x0000000002050294       0x25 c:/devkitpro/devkitarm/bin/../lib/gcc/arm-none-eabi/10.2.0/../../../../arm-none-eabi/lib\libstdc++.a(si_class_type_info.o)
                0x0000000002050294                typeinfo name for __cxxabiv1::__si_class_type_info
 *fill*         0x00000000020502b9        0x3 ff
 .rodata._ZTVN10__cxxabiv120__si_class_type_infoE
                0x00000000020502bc       0x2c c:/devkitpro/devkitarm/bin/../lib/gcc/arm-none-eabi/10.2.0/../../../../arm-none-eabi/lib\libstdc++.a(si_class_type_info.o)
                0x00000000020502bc                vtable for __cxxabiv1::__si_class_type_info
 .rodata._ZTISt9type_info
                0x00000000020502e8        0x8 c:/devkitpro/devkitarm/bin/../lib/gcc/arm-none-eabi/10.2.0/../../../../arm-none-eabi/lib\libstdc++.a(tinfo.o)
                0x00000000020502e8                typeinfo for std::type_info
 .rodata._ZTSSt9type_info
                0x00000000020502f0        0xd c:/devkitpro/devkitarm/bin/../lib/gcc/arm-none-eabi/10.2.0/../../../../arm-none-eabi/lib\libstdc++.a(tinfo.o)
                0x00000000020502f0                typeinfo name for std::type_info
 *fill*         0x00000000020502fd        0x3 ff
 .rodata._ZTIN10__cxxabiv117__class_type_infoE
                0x0000000002050300        0xc c:/devkitpro/devkitarm/bin/../lib/gcc/arm-none-eabi/10.2.0/../../../../arm-none-eabi/lib\libstdc++.a(class_type_info.o)
                0x0000000002050300                typeinfo for __cxxabiv1::__class_type_info
 .rodata._ZTSN10__cxxabiv117__class_type_infoE
                0x000000000205030c       0x22 c:/devkitpro/devkitarm/bin/../lib/gcc/arm-none-eabi/10.2.0/../../../../arm-none-eabi/lib\libstdc++.a(class_type_info.o)
                0x000000000205030c                typeinfo name for __cxxabiv1::__class_type_info
 *fill*         0x000000000205032e        0x2 ff
 .rodata._ZTVN10__cxxabiv117__class_type_infoE
                0x0000000002050330       0x2c c:/devkitpro/devkitarm/bin/../lib/gcc/arm-none-eabi/10.2.0/../../../../arm-none-eabi/lib\libstdc++.a(class_type_info.o)
                0x0000000002050330                vtable for __cxxabiv1::__class_type_info
 .rodata._global_impure_ptr
                0x000000000205035c        0x4 c:/devkitpro/devkitarm/bin/../lib/gcc/arm-none-eabi/10.2.0/../../../../arm-none-eabi/lib\libg.a(lib_a-impure.o)
                0x000000000205035c                _global_impure_ptr
 .rodata._svfprintf_r.str1.1
                0x0000000002050360       0x3b c:/devkitpro/devkitarm/bin/../lib/gcc/arm-none-eabi/10.2.0/../../../../arm-none-eabi/lib\libg.a(lib_a-svfprintf.o)
 *fill*         0x000000000205039b        0x1 ff
 .rodata.blanks.1
                0x000000000205039c       0x10 c:/devkitpro/devkitarm/bin/../lib/gcc/arm-none-eabi/10.2.0/../../../../arm-none-eabi/lib\libg.a(lib_a-svfprintf.o)
 .rodata.zeroes.0
                0x00000000020503ac       0x10 c:/devkitpro/devkitarm/bin/../lib/gcc/arm-none-eabi/10.2.0/../../../../arm-none-eabi/lib\libg.a(lib_a-svfprintf.o)
 .rodata._dtoa_r.str1.4
                0x00000000020503bc       0x61 c:/devkitpro/devkitarm/bin/../lib/gcc/arm-none-eabi/10.2.0/../../../../arm-none-eabi/lib\libg.a(lib_a-dtoa.o)
 *fill*         0x000000000205041d        0x3 ff
 .rodata.str1.4
                0x0000000002050420       0x48 c:/devkitpro/devkitarm/bin/../lib/gcc/arm-none-eabi/10.2.0/../../../../arm-none-eabi/lib\libg.a(lib_a-locale.o)
                                         0x4c (size before relaxing)
 .rodata.__multadd.str1.4
                0x0000000002050468       0x3a c:/devkitpro/devkitarm/bin/../lib/gcc/arm-none-eabi/10.2.0/../../../../arm-none-eabi/lib\libg.a(lib_a-mprec.o)
                                         0x4e (size before relaxing)
 *fill*         0x00000000020504a2        0x6 ff
 .rodata.__mprec_bigtens
                0x00000000020504a8       0x28 c:/devkitpro/devkitarm/bin/../lib/gcc/arm-none-eabi/10.2.0/../../../../arm-none-eabi/lib\libg.a(lib_a-mprec.o)
                0x00000000020504a8                __mprec_bigtens
 .rodata.__mprec_tens
                0x00000000020504d0       0xc8 c:/devkitpro/devkitarm/bin/../lib/gcc/arm-none-eabi/10.2.0/../../../../arm-none-eabi/lib\libg.a(lib_a-mprec.o)
                0x00000000020504d0                __mprec_tens
 .rodata.p05.0  0x0000000002050598        0xc c:/devkitpro/devkitarm/bin/../lib/gcc/arm-none-eabi/10.2.0/../../../../arm-none-eabi/lib\libg.a(lib_a-mprec.o)
 .rodata.__action_table
                0x00000000020505a4       0x6c c:/devkitpro/devkitarm/bin/../lib/gcc/arm-none-eabi/10.2.0/../../../../arm-none-eabi/lib\libg.a(lib_a-svfiprintf.o)
                0x00000000020505a4                __action_table
 .rodata.__chclass
                0x0000000002050610      0x100 c:/devkitpro/devkitarm/bin/../lib/gcc/arm-none-eabi/10.2.0/../../../../arm-none-eabi/lib\libg.a(lib_a-svfiprintf.o)
                0x0000000002050610                __chclass
 .rodata.__state_table
                0x0000000002050710       0x6c c:/devkitpro/devkitarm/bin/../lib/gcc/arm-none-eabi/10.2.0/../../../../arm-none-eabi/lib\libg.a(lib_a-svfiprintf.o)
                0x0000000002050710                __state_table
 .rodata.__assert_func.str1.4
                0x000000000205077c       0x3f c:/devkitpro/devkitarm/bin/../lib/gcc/arm-none-eabi/10.2.0/../../../../arm-none-eabi/lib\libg.a(lib_a-assert.o)
                                         0x43 (size before relaxing)
 *fill*         0x00000000020507bb        0x1 ff
 .rodata._ctype_
                0x00000000020507bc      0x101 c:/devkitpro/devkitarm/bin/../lib/gcc/arm-none-eabi/10.2.0/../../../../arm-none-eabi/lib\libg.a(lib_a-ctype_.o)
                0x00000000020507bc                _ctype_
 .rodata._vfiprintf_r.str1.1
                0x00000000020508bd       0x29 c:/devkitpro/devkitarm/bin/../lib/gcc/arm-none-eabi/10.2.0/../../../../arm-none-eabi/lib\libg.a(lib_a-vfiprintf.o)
 *fill*         0x00000000020508bd        0x3 ff
 .rodata.blanks.1
                0x00000000020508c0       0x10 c:/devkitpro/devkitarm/bin/../lib/gcc/arm-none-eabi/10.2.0/../../../../arm-none-eabi/lib\libg.a(lib_a-vfiprintf.o)
 .rodata.zeroes.0
                0x00000000020508d0       0x10 c:/devkitpro/devkitarm/bin/../lib/gcc/arm-none-eabi/10.2.0/../../../../arm-none-eabi/lib\libg.a(lib_a-vfiprintf.o)
 .rodata.AddDevice.str1.4
                0x00000000020508e0        0x8 c:/devkitpro/devkitarm/bin/../lib/gcc/arm-none-eabi/10.2.0/../../../../arm-none-eabi/lib\libsysbase.a(iosupport.o)
 .rodata.dotab_stdnull
                0x00000000020508e8       0x70 c:/devkitpro/devkitarm/bin/../lib/gcc/arm-none-eabi/10.2.0/../../../../arm-none-eabi/lib\libsysbase.a(iosupport.o)
                0x00000000020508e8                dotab_stdnull
 *(EXCLUDE_FILE(*.twl*) .gnu.linkonce.r*)
                0x0000000002050958                . = ALIGN (0x4)

.ARM.extab      0x0000000002050958       0x7c
 *(.ARM.extab* .gnu.linkonce.armextab.*)
 .ARM.extab.text._ZN10__cxxabiv111__terminateEPFvvE
                0x0000000002050958       0x28 c:/devkitpro/devkitarm/bin/../lib/gcc/arm-none-eabi/10.2.0/../../../../arm-none-eabi/lib\libstdc++.a(eh_terminate.o)
 .ARM.extab.text.unlikely.__cxa_call_unexpected
                0x0000000002050980       0x24 c:/devkitpro/devkitarm/bin/../lib/gcc/arm-none-eabi/10.2.0/../../../../arm-none-eabi/lib\libstdc++.a(eh_call.o)
 .ARM.extab.text.__cxa_begin_catch
                0x00000000020509a4        0xc c:/devkitpro/devkitarm/bin/../lib/gcc/arm-none-eabi/10.2.0/../../../../arm-none-eabi/lib\libstdc++.a(eh_catch.o)
 .ARM.extab.text.__gxx_personality_v0
                0x00000000020509b0       0x24 c:/devkitpro/devkitarm/bin/../lib/gcc/arm-none-eabi/10.2.0/../../../../arm-none-eabi/lib\libstdc++.a(eh_personality.o)
                0x00000000020509d4                __exidx_start = .

ARM.exidx       0x00000000020509d4      0x170
 *(.ARM.exidx* .gnu.linkonce.armexidx.*)
 .ARM.exidx.text._Znwj